Archive member included to satisfy reference by file (symbol)

c:/intelfpga_lite/18.1/nios2eds/bin/gnu/h-x86_64-mingw32/bin/../lib/gcc/nios2-elf/5.3.0/../../../../../H-x86_64-mingw32/nios2-elf/lib\libstdc++.a(si_class_type_info.o)
                              obj/default/Ethernet/EthernetClient.o (vtable for __cxxabiv1::__si_class_type_info)
c:/intelfpga_lite/18.1/nios2eds/bin/gnu/h-x86_64-mingw32/bin/../lib/gcc/nios2-elf/5.3.0/../../../../../H-x86_64-mingw32/nios2-elf/lib\libstdc++.a(tinfo.o)
                              c:/intelfpga_lite/18.1/nios2eds/bin/gnu/h-x86_64-mingw32/bin/../lib/gcc/nios2-elf/5.3.0/../../../../../H-x86_64-mingw32/nios2-elf/lib\libstdc++.a(si_class_type_info.o) (std::type_info::__is_function_p() const)
c:/intelfpga_lite/18.1/nios2eds/bin/gnu/h-x86_64-mingw32/bin/../lib/gcc/nios2-elf/5.3.0/../../../../../H-x86_64-mingw32/nios2-elf/lib\libstdc++.a(eh_personality.o)
                              obj/default/Ethernet/Dhcp.o (__gxx_personality_sj0)
c:/intelfpga_lite/18.1/nios2eds/bin/gnu/h-x86_64-mingw32/bin/../lib/gcc/nios2-elf/5.3.0/../../../../../H-x86_64-mingw32/nios2-elf/lib\libstdc++.a(del_op.o)
                              obj/default/Ethernet/EthernetClient.o (operator delete(void*))
c:/intelfpga_lite/18.1/nios2eds/bin/gnu/h-x86_64-mingw32/bin/../lib/gcc/nios2-elf/5.3.0/../../../../../H-x86_64-mingw32/nios2-elf/lib\libstdc++.a(eh_throw.o)
                              c:/intelfpga_lite/18.1/nios2eds/bin/gnu/h-x86_64-mingw32/bin/../lib/gcc/nios2-elf/5.3.0/../../../../../H-x86_64-mingw32/nios2-elf/lib\libstdc++.a(eh_personality.o) (__cxa_throw)
c:/intelfpga_lite/18.1/nios2eds/bin/gnu/h-x86_64-mingw32/bin/../lib/gcc/nios2-elf/5.3.0/../../../../../H-x86_64-mingw32/nios2-elf/lib\libstdc++.a(pure.o)
                              obj/default/Ethernet/Ethernet.o (__cxa_pure_virtual)
c:/intelfpga_lite/18.1/nios2eds/bin/gnu/h-x86_64-mingw32/bin/../lib/gcc/nios2-elf/5.3.0/../../../../../H-x86_64-mingw32/nios2-elf/lib\libstdc++.a(guard.o)
                              obj/default/Ethernet/Ethernet.o (__cxa_guard_acquire)
c:/intelfpga_lite/18.1/nios2eds/bin/gnu/h-x86_64-mingw32/bin/../lib/gcc/nios2-elf/5.3.0/../../../../../H-x86_64-mingw32/nios2-elf/lib\libstdc++.a(eh_catch.o)
                              c:/intelfpga_lite/18.1/nios2eds/bin/gnu/h-x86_64-mingw32/bin/../lib/gcc/nios2-elf/5.3.0/../../../../../H-x86_64-mingw32/nios2-elf/lib\libstdc++.a(eh_personality.o) (__cxa_begin_catch)
c:/intelfpga_lite/18.1/nios2eds/bin/gnu/h-x86_64-mingw32/bin/../lib/gcc/nios2-elf/5.3.0/../../../../../H-x86_64-mingw32/nios2-elf/lib\libstdc++.a(class_type_info.o)
                              c:/intelfpga_lite/18.1/nios2eds/bin/gnu/h-x86_64-mingw32/bin/../lib/gcc/nios2-elf/5.3.0/../../../../../H-x86_64-mingw32/nios2-elf/lib\libstdc++.a(si_class_type_info.o) (__cxxabiv1::__class_type_info::__do_upcast(__cxxabiv1::__class_type_info const*, void**) const)
c:/intelfpga_lite/18.1/nios2eds/bin/gnu/h-x86_64-mingw32/bin/../lib/gcc/nios2-elf/5.3.0/../../../../../H-x86_64-mingw32/nios2-elf/lib\libstdc++.a(eh_terminate.o)
                              c:/intelfpga_lite/18.1/nios2eds/bin/gnu/h-x86_64-mingw32/bin/../lib/gcc/nios2-elf/5.3.0/../../../../../H-x86_64-mingw32/nios2-elf/lib\libstdc++.a(eh_personality.o) (__cxxabiv1::__terminate(void (*)()))
c:/intelfpga_lite/18.1/nios2eds/bin/gnu/h-x86_64-mingw32/bin/../lib/gcc/nios2-elf/5.3.0/../../../../../H-x86_64-mingw32/nios2-elf/lib\libstdc++.a(eh_unex_handler.o)
                              c:/intelfpga_lite/18.1/nios2eds/bin/gnu/h-x86_64-mingw32/bin/../lib/gcc/nios2-elf/5.3.0/../../../../../H-x86_64-mingw32/nios2-elf/lib\libstdc++.a(eh_terminate.o) (__cxxabiv1::__unexpected_handler)
c:/intelfpga_lite/18.1/nios2eds/bin/gnu/h-x86_64-mingw32/bin/../lib/gcc/nios2-elf/5.3.0/../../../../../H-x86_64-mingw32/nios2-elf/lib\libstdc++.a(eh_alloc.o)
                              c:/intelfpga_lite/18.1/nios2eds/bin/gnu/h-x86_64-mingw32/bin/../lib/gcc/nios2-elf/5.3.0/../../../../../H-x86_64-mingw32/nios2-elf/lib\libstdc++.a(eh_personality.o) (__cxa_allocate_exception)
c:/intelfpga_lite/18.1/nios2eds/bin/gnu/h-x86_64-mingw32/bin/../lib/gcc/nios2-elf/5.3.0/../../../../../H-x86_64-mingw32/nios2-elf/lib\libstdc++.a(eh_call.o)
                              c:/intelfpga_lite/18.1/nios2eds/bin/gnu/h-x86_64-mingw32/bin/../lib/gcc/nios2-elf/5.3.0/../../../../../H-x86_64-mingw32/nios2-elf/lib\libstdc++.a(eh_personality.o) (__cxa_call_terminate)
c:/intelfpga_lite/18.1/nios2eds/bin/gnu/h-x86_64-mingw32/bin/../lib/gcc/nios2-elf/5.3.0/../../../../../H-x86_64-mingw32/nios2-elf/lib\libstdc++.a(eh_globals.o)
                              c:/intelfpga_lite/18.1/nios2eds/bin/gnu/h-x86_64-mingw32/bin/../lib/gcc/nios2-elf/5.3.0/../../../../../H-x86_64-mingw32/nios2-elf/lib\libstdc++.a(eh_personality.o) (__cxa_get_globals_fast)
c:/intelfpga_lite/18.1/nios2eds/bin/gnu/h-x86_64-mingw32/bin/../lib/gcc/nios2-elf/5.3.0/../../../../../H-x86_64-mingw32/nios2-elf/lib\libstdc++.a(eh_exception.o)
[...]
Memory Configuration

Name             Origin             Length             Attributes
reset            0x0000000004000000 0x0000000000000020
sdram            0x0000000004000020 0x0000000003ffffe0
*default*        0x0000000000000000 0xffffffffffffffff

Linker script and memory map

LOAD ../final_project_bsp//obj/HAL/src/crt0.o
LOAD obj/default/fonts.o
LOAD obj/default/pixel_vga.o
LOAD obj/default/Ethernet/Dhcp.o
LOAD obj/default/Ethernet/Dns.o
LOAD obj/default/Ethernet/Ethernet.o
LOAD obj/default/Ethernet/EthernetClient.o
LOAD obj/default/Ethernet/EthernetServer.o
LOAD obj/default/Ethernet/EthernetUdp.o
LOAD obj/default/Ethernet/socket.o
LOAD obj/default/Ethernet/utility/IPAddress.o
LOAD obj/default/Ethernet/utility/w5100.o
LOAD obj/default/main.o
LOAD c:/intelfpga_lite/18.1/nios2eds/bin/gnu/h-x86_64-mingw32/bin/../lib/gcc/nios2-elf/5.3.0/../../../../../H-x86_64-mingw32/nios2-elf/lib\libstdc++.a
LOAD c:/intelfpga_lite/18.1/nios2eds/bin/gnu/h-x86_64-mingw32/bin/../lib/gcc/nios2-elf/5.3.0/../../../../../H-x86_64-mingw32/nios2-elf/lib\libm.a
LOAD c:/intelfpga_lite/18.1/nios2eds/bin/gnu/h-x86_64-mingw32/bin/../lib/gcc/nios2-elf/5.3.0\libgcc.a
START GROUP
LOAD c:/intelfpga_lite/18.1/nios2eds/bin/gnu/h-x86_64-mingw32/bin/../lib/gcc/nios2-elf/5.3.0/../../../../../H-x86_64-mingw32/nios2-elf/lib\libc.a
LOAD c:/intelfpga_lite/18.1/nios2eds/bin/gnu/h-x86_64-mingw32/bin/../lib/gcc/nios2-elf/5.3.0\libgcc.a
LOAD ../final_project_bsp/\libhal_bsp.a
LOAD c:/intelfpga_lite/18.1/nios2eds/bin/gnu/h-x86_64-mingw32/bin/../lib/gcc/nios2-elf/5.3.0/../../../../../H-x86_64-mingw32/nios2-elf/lib\libm.a
END GROUP
LOAD c:/intelfpga_lite/18.1/nios2eds/bin/gnu/h-x86_64-mingw32/bin/../lib/gcc/nios2-elf/5.3.0\libgcc.a
                0x0000000004000000                __alt_mem_sdram = 0x4000000

.entry          0x0000000004000000       0x20
 *(.entry)
 .entry         0x0000000004000000       0x20 ../final_project_bsp//obj/HAL/src/crt0.o
                0x0000000004000000                __reset

.exceptions     0x0000000004000020      0x224
                0x0000000004000020                PROVIDE (__ram_exceptions_start, ABSOLUTE (.))
                0x0000000004000020                . = ALIGN (0x20)
 *(.irq)
 *(.exceptions.entry.label)
 .exceptions.entry.label
                0x0000000004000020        0x0 ../final_project_bsp/\libhal_bsp.a(alt_irq_entry.o)
                0x0000000004000020                alt_irq_entry
 .exceptions.entry.label
                0x0000000004000020        0x0 ../final_project_bsp/\libhal_bsp.a(alt_exception_entry.o)
                0x0000000004000020                alt_exception
 *(.exceptions.entry.user)
 *(.exceptions.entry.ecc_fatal)
 *(.exceptions.entry)
 .exceptions.entry
                0x0000000004000020       0x54 ../final_project_bsp/\libhal_bsp.a(alt_exception_entry.o)
 *(.exceptions.irqtest.user)
 *(.exceptions.irqtest)
 .exceptions.irqtest
                0x0000000004000074       0x10 ../final_project_bsp/\libhal_bsp.a(alt_irq_entry.o)
 *(.exceptions.irqhandler.user)
 *(.exceptions.irqhandler)
 .exceptions.irqhandler
                0x0000000004000084        0x4 ../final_project_bsp/\libhal_bsp.a(alt_irq_entry.o)
 *(.exceptions.irqreturn.user)
 *(.exceptions.irqreturn)
 .exceptions.irqreturn
                0x0000000004000088        0x4 ../final_project_bsp/\libhal_bsp.a(alt_irq_entry.o)
 *(.exceptions.notirq.label)
 .exceptions.notirq.label
                0x000000000400008c        0x0 ../final_project_bsp/\libhal_bsp.a(alt_irq_entry.o)
 *(.exceptions.notirq.user)
 *(.exceptions.notirq)
 .exceptions.notirq
                0x000000000400008c        0x8 ../final_project_bsp/\libhal_bsp.a(alt_exception_entry.o)
 *(.exceptions.soft.user)
 *(.exceptions.soft)
 *(.exceptions.unknown.user)
 *(.exceptions.unknown)
 .exceptions.unknown
                0x0000000004000094       0x14 ../final_project_bsp/\libhal_bsp.a(alt_exception_entry.o)
 *(.exceptions.exit.label)
 .exceptions.exit.label
                0x00000000040000a8        0x0 ../final_project_bsp/\libhal_bsp.a(alt_irq_entry.o)
 .exceptions.exit.label
                0x00000000040000a8        0x0 ../final_project_bsp/\libhal_bsp.a(alt_exception_entry.o)
 *(.exceptions.exit.user)
 *(.exceptions.exit)
 .exceptions.exit
                0x00000000040000a8       0x54 ../final_project_bsp/\libhal_bsp.a(alt_exception_entry.o)
 *(.exceptions)
 .exceptions    0x00000000040000fc       0xd4 ../final_project_bsp/\libhal_bsp.a(alt_irq_handler.o)
                0x00000000040000fc                alt_irq_handler
 .exceptions    0x00000000040001d0       0x74 ../final_project_bsp/\libhal_bsp.a(alt_instruction_exception_entry.o)
                0x00000000040001d0                alt_instruction_exception_entry
                0x0000000004000244                PROVIDE (__ram_exceptions_end, ABSOLUTE (.))
                0x0000000004000020                PROVIDE (__flash_exceptions_start, LOADADDR (.exceptions))

.text           0x0000000004000244    0x1a2d8
                [!provide]                        PROVIDE (stext, ABSOLUTE (.))
 *(.interp)
 *(.hash)
 *(.dynsym)
 *(.dynstr)
 *(.gnu.version)
 *(.gnu.version_d)
 *(.gnu.version_r)
 *(.rel.init)
 *(.rela.init)
 *(.rel.text .rel.text.* .rel.gnu.linkonce.t.*)
 *(.rela.text .rela.text.* .rela.gnu.linkonce.t.*)
 *(.rel.fini)
 *(.rela.fini)
 *(.rel.rodata .rel.rodata.* .rel.gnu.linkonce.r.*)
 *(.rela.rodata .rela.rodata.* .rela.gnu.linkonce.r.*)
 *(.rel.data .rel.data.* .rel.gnu.linkonce.d.*)
 *(.rela.data .rela.data.* .rela.gnu.linkonce.d.*)
 *(.rel.tdata .rel.tdata.* .rel.gnu.linkonce.td.*)
 *(.rela.tdata .rela.tdata.* .rela.gnu.linkonce.td.*)
 *(.rel.tbss .rel.tbss.* .rel.gnu.linkonce.tb.*)
 *(.rela.tbss .rela.tbss.* .rela.gnu.linkonce.tb.*)
 *(.rel.ctors)
 *(.rela.ctors)
 *(.rel.dtors)
 *(.rela.dtors)
 *(.rel.got)
 *(.rela.got)
 *(.rel.sdata .rel.sdata.* .rel.gnu.linkonce.s.*)
 *(.rela.sdata .rela.sdata.* .rela.gnu.linkonce.s.*)
 *(.rel.sbss .rel.sbss.* .rel.gnu.linkonce.sb.*)
 *(.rela.sbss .rela.sbss.* .rela.gnu.linkonce.sb.*)
 *(.rel.sdata2 .rel.sdata2.* .rel.gnu.linkonce.s2.*)
 *(.rela.sdata2 .rela.sdata2.* .rela.gnu.linkonce.s2.*)
 *(.rel.sbss2 .rel.sbss2.* .rel.gnu.linkonce.sb2.*)
 *(.rela.sbss2 .rela.sbss2.* .rela.gnu.linkonce.sb2.*)
 *(.rel.bss .rel.bss.* .rel.gnu.linkonce.b.*)
 *(.rela.bss .rela.bss.* .rela.gnu.linkonce.b.*)
 *(.rel.plt)
 *(.rela.plt)
 *(.rel.dyn)
 *(.init)
 *(.plt)
 *(.text .stub .text.* .gnu.linkonce.t.*)
 .text          0x0000000004000244       0x4c ../final_project_bsp//obj/HAL/src/crt0.o
                0x0000000004000244                _start
 .text          0x0000000004000290        0x0 obj/default/fonts.o
 .text          0x0000000004000290      0x2c8 obj/default/pixel_vga.o
                0x0000000004000290                set_color_palette
                0x000000000400033c                init_color_palette
                0x0000000004000408                draw_rectangle
 .text          0x0000000004000558     0x14c0 obj/default/Ethernet/Dhcp.o
                0x0000000004000558                DhcpClass::beginWithDHCP(unsigned char*, unsigned long, unsigned long)
                0x0000000004000604                DhcpClass::reset_DHCP_lease()
                0x0000000004000648                DhcpClass::request_DHCP_lease()
                0x00000000040009d0                DhcpClass::presend_DHCP()
                0x00000000040009f4                DhcpClass::send_DHCP_MESSAGE(unsigned char, unsigned short)
                0x0000000004000e44                DhcpClass::parseDHCPResponse(unsigned long, unsigned long&)
                0x000000000400160c                DhcpClass::checkLease()
                0x0000000004001798                DhcpClass::getLocalIp()
                0x00000000040017d8                DhcpClass::getSubnetMask()
                0x0000000004001818                DhcpClass::getGatewayIp()
                0x0000000004001858                DhcpClass::getDhcpServerIp()
                0x0000000004001898                DhcpClass::getDnsServerIp()
                0x00000000040018d8                DhcpClass::printByte(char*, unsigned char)
 .text._ZNK9IPAddresseqERKS_
                0x0000000004001a18       0x38 obj/default/Ethernet/Dhcp.o
                0x0000000004001a18                IPAddress::operator==(IPAddress const&) const
 .text._ZN11EthernetUDP8remoteIPEv
                0x0000000004001a50       0x28 obj/default/Ethernet/Dhcp.o
                0x0000000004001a50                EthernetUDP::remoteIP()
 .text._ZN11EthernetUDP10remotePortEv
                0x0000000004001a78       0x28 obj/default/Ethernet/Dhcp.o
                0x0000000004001a78                EthernetUDP::remotePort()
 .text          0x0000000004001aa0      0xad0 obj/default/Ethernet/Dns.o
                0x0000000004001aa0                DNSClient::begin(IPAddress const&)
                0x0000000004001ae0                DNSClient::inet_aton(char const*, IPAddress&)
                0x0000000004001c10                DNSClient::getHostByName(char const*, IPAddress&, unsigned short)
                0x0000000004001da0                DNSClient::BuildRequest(char const*)
                0x0000000004001fe8                DNSClient::ProcessResponse(unsigned short, IPAddress&)
 .text._ZN9IPAddress11raw_addressEv
                0x0000000004002570       0x24 obj/default/Ethernet/Dns.o
                0x0000000004002570                IPAddress::raw_address()
 .text._ZNK9IPAddresscvmEv
                0x0000000004002594       0x28 obj/default/Ethernet/Dns.o
                0x0000000004002594                IPAddress::operator unsigned long() const
 .text._ZN9IPAddressixEi
                0x00000000040025bc       0x30 obj/default/Ethernet/Dns.o
                0x00000000040025bc                IPAddress::operator[](int)
 .text          0x00000000040025ec      0x9b8 obj/default/Ethernet/Ethernet.o
                0x00000000040025ec                EthernetClass::begin(unsigned char*, unsigned long, unsigned long)
                0x0000000004002878                EthernetClass::begin(unsigned char*, IPAddress)
                0x00000000040028d8                EthernetClass::begin(unsigned char*, IPAddress, IPAddress)
                0x0000000004002940                EthernetClass::begin(unsigned char*, IPAddress, IPAddress, IPAddress)
                0x00000000040029ac                EthernetClass::begin(unsigned char*, IPAddress, IPAddress, IPAddress, IPAddress)
                0x0000000004002a60                EthernetClass::init(unsigned char)
                0x0000000004002a9c                EthernetClass::linkStatus()
                0x0000000004002af4                EthernetClass::hardwareStatus()
                0x0000000004002b54                EthernetClass::maintain()
                0x0000000004002c44                EthernetClass::MACAddress(unsigned char*)
                0x0000000004002c7c                EthernetClass::localIP()
                0x0000000004002cc0                EthernetClass::subnetMask()
                0x0000000004002d04                EthernetClass::gatewayIP()
                0x0000000004002d48                EthernetClass::setMACAddress(unsigned char const*)
                0x0000000004002d84                EthernetClass::setLocalIP(IPAddress)
                0x0000000004002dd0                EthernetClass::setSubnetMask(IPAddress)
                0x0000000004002e1c                EthernetClass::setGatewayIP(IPAddress)
                0x0000000004002e68                EthernetClass::setRetransmissionTimeout(unsigned short)
                0x0000000004002ec8                EthernetClass::setRetransmissionCount(unsigned char)
 .text._ZN3UDP14beginMulticastE9IPAddresst
                0x0000000004002fa4       0x30 obj/default/Ethernet/Ethernet.o
                0x0000000004002fa4                UDP::beginMulticast(IPAddress, unsigned short)
 .text._ZN3UDPC2Ev
                0x0000000004002fd4       0x34 obj/default/Ethernet/Ethernet.o
                0x0000000004002fd4                UDP::UDP()
                0x0000000004002fd4                UDP::UDP()
 .text._ZN11EthernetUDPC2Ev
                0x0000000004003008       0x64 obj/default/Ethernet/Ethernet.o
                0x0000000004003008                EthernetUDP::EthernetUDP()
                0x0000000004003008                EthernetUDP::EthernetUDP()
 .text._ZN10W5100Class12setGatewayIpEPKh
                0x000000000400306c       0x38 obj/default/Ethernet/Ethernet.o
                0x000000000400306c                W5100Class::setGatewayIp(unsigned char const*)
 .text._ZN10W5100Class12getGatewayIpEPh
                0x00000000040030a4       0x38 obj/default/Ethernet/Ethernet.o
                0x00000000040030a4                W5100Class::getGatewayIp(unsigned char*)
 .text._ZN10W5100Class13setSubnetMaskEPKh
                0x00000000040030dc       0x38 obj/default/Ethernet/Ethernet.o
                0x00000000040030dc                W5100Class::setSubnetMask(unsigned char const*)
 .text._ZN10W5100Class13getSubnetMaskEPh
                0x0000000004003114       0x38 obj/default/Ethernet/Ethernet.o
                0x0000000004003114                W5100Class::getSubnetMask(unsigned char*)
 .text._ZN10W5100Class13setMACAddressEPKh
                0x000000000400314c       0x38 obj/default/Ethernet/Ethernet.o
                0x000000000400314c                W5100Class::setMACAddress(unsigned char const*)
 .text._ZN10W5100Class13getMACAddressEPh
                0x0000000004003184       0x38 obj/default/Ethernet/Ethernet.o
                0x0000000004003184                W5100Class::getMACAddress(unsigned char*)
 .text._ZN10W5100Class12setIPAddressEPKh
                0x00000000040031bc       0x38 obj/default/Ethernet/Ethernet.o
                0x00000000040031bc                W5100Class::setIPAddress(unsigned char const*)
 .text._ZN10W5100Class12getIPAddressEPh
                0x00000000040031f4       0x38 obj/default/Ethernet/Ethernet.o
                0x00000000040031f4                W5100Class::getIPAddress(unsigned char*)
 .text._ZN10W5100Class21setRetransmissionTimeEt
                0x000000000400322c       0x40 obj/default/Ethernet/Ethernet.o
                0x000000000400322c                W5100Class::setRetransmissionTime(unsigned short)
 .text._ZN10W5100Class22setRetransmissionCountEh
                0x000000000400326c       0x40 obj/default/Ethernet/Ethernet.o
                0x000000000400326c                W5100Class::setRetransmissionCount(unsigned char)
 .text._ZN10W5100Class5writeEth
                0x00000000040032ac       0x4c obj/default/Ethernet/Ethernet.o
                0x00000000040032ac                W5100Class::write(unsigned short, unsigned char)
 .text._ZN10W5100Class8writeGAREPKh
                0x00000000040032f8       0x38 obj/default/Ethernet/Ethernet.o
                0x00000000040032f8                W5100Class::writeGAR(unsigned char const*)
 .text._ZN10W5100Class7readGAREPh
                0x0000000004003330       0x38 obj/default/Ethernet/Ethernet.o
                0x0000000004003330                W5100Class::readGAR(unsigned char*)
 .text._ZN10W5100Class9writeSUBREPKh
                0x0000000004003368       0x38 obj/default/Ethernet/Ethernet.o
                0x0000000004003368                W5100Class::writeSUBR(unsigned char const*)
 .text._ZN10W5100Class8readSUBREPh
                0x00000000040033a0       0x38 obj/default/Ethernet/Ethernet.o
                0x00000000040033a0                W5100Class::readSUBR(unsigned char*)
 .text._ZN10W5100Class9writeSHAREPKh
                0x00000000040033d8       0x38 obj/default/Ethernet/Ethernet.o
                0x00000000040033d8                W5100Class::writeSHAR(unsigned char const*)
 .text._ZN10W5100Class8readSHAREPh
                0x0000000004003410       0x38 obj/default/Ethernet/Ethernet.o
                0x0000000004003410                W5100Class::readSHAR(unsigned char*)
 .text._ZN10W5100Class9writeSIPREPKh
                0x0000000004003448       0x38 obj/default/Ethernet/Ethernet.o
                0x0000000004003448                W5100Class::writeSIPR(unsigned char const*)
 .text._ZN10W5100Class8readSIPREPh
                0x0000000004003480       0x38 obj/default/Ethernet/Ethernet.o
                0x0000000004003480                W5100Class::readSIPR(unsigned char*)
 .text._ZN10W5100Class8writeRTREt
                0x00000000040034b8       0x54 obj/default/Ethernet/Ethernet.o
                0x00000000040034b8                W5100Class::writeRTR(unsigned short)
 .text._ZN10W5100Class8writeRCREh
                0x000000000400350c       0x40 obj/default/Ethernet/Ethernet.o
                0x000000000400350c                W5100Class::writeRCR(unsigned char)
 .text._ZN10W5100Class7getChipEv
                0x000000000400354c       0x20 obj/default/Ethernet/Ethernet.o
                0x000000000400354c                W5100Class::getChip()
 .text._ZN10W5100Class5setSSEh
                0x000000000400356c       0x30 obj/default/Ethernet/Ethernet.o
                0x000000000400356c                W5100Class::setSS(unsigned char)
 .text._ZN9DhcpClassC2Ev
                0x000000000400359c       0x3c obj/default/Ethernet/Ethernet.o
                0x000000000400359c                DhcpClass::DhcpClass()
                0x000000000400359c                DhcpClass::DhcpClass()
 .text          0x00000000040035d8      0xcc8 obj/default/Ethernet/EthernetClient.o
                0x00000000040035d8                EthernetClient::connect(char const*, unsigned short)
                0x00000000040036e4                EthernetClient::connect(IPAddress, unsigned short)
                0x00000000040039f8                EthernetClient::availableForWrite()
                0x0000000004003a54                EthernetClient::write(unsigned char)
                0x0000000004003aa8                EthernetClient::write(unsigned char const*, unsigned int)
                0x0000000004003b34                EthernetClient::println()
                0x0000000004003b7c                EthernetClient::println(char const*)
                0x0000000004003bfc                EthernetClient::available()
                0x0000000004003c58                EthernetClient::read(unsigned char*, unsigned int)
                0x0000000004003cd0                EthernetClient::peek()
                0x0000000004003d58                EthernetClient::read()
                0x0000000004003db8                EthernetClient::flush()
                0x0000000004003e58                EthernetClient::stop()
                0x0000000004003f40                EthernetClient::connected()
                0x0000000004003ff0                EthernetClient::status()
                0x0000000004004048                EthernetClient::operator==(EthernetClient const&)
                0x00000000040040cc                EthernetClient::localPort()
                0x000000000400412c                EthernetClient::remoteIP()
                0x00000000040041b0                EthernetClient::remotePort()
 .text._ZN6Client12rawIPAddressER9IPAddress
                0x00000000040042a0       0x34 obj/default/Ethernet/EthernetClient.o
                0x00000000040042a0                Client::rawIPAddress(IPAddress&)
 .text._ZN13EthernetClass11dnsServerIPEv
                0x00000000040042d4       0x20 obj/default/Ethernet/EthernetClient.o
                0x00000000040042d4                EthernetClass::dnsServerIP()
 .text._ZN14EthernetClientD2Ev
                0x00000000040042f4       0x48 obj/default/Ethernet/EthernetClient.o
                0x00000000040042f4                EthernetClient::~EthernetClient()
                0x00000000040042f4                EthernetClient::~EthernetClient()
 .text._ZN14EthernetClientD0Ev
                0x000000000400433c       0x38 obj/default/Ethernet/EthernetClient.o
                0x000000000400433c                EthernetClient::~EthernetClient()
 .text._ZN14EthernetClientcvbEv
                0x0000000004004374       0x30 obj/default/Ethernet/EthernetClient.o
                0x0000000004004374                EthernetClient::operator bool()
 .text._ZN14EthernetClienteqEb
                0x00000000040043a4       0x30 obj/default/Ethernet/EthernetClient.o
                0x00000000040043a4                EthernetClient::operator==(bool)
 .text._ZN14EthernetClientneEb
                0x00000000040043d4       0x2c obj/default/Ethernet/EthernetClient.o
                0x00000000040043d4                EthernetClient::operator!=(bool)
 .text._ZN14EthernetClientneERKS_
                0x0000000004004400       0x4c obj/default/Ethernet/EthernetClient.o
                0x0000000004004400                EthernetClient::operator!=(EthernetClient const&)
 .text._ZN14EthernetClient20setConnectionTimeoutEt
                0x000000000400444c       0x38 obj/default/Ethernet/EthernetClient.o
                0x000000000400444c                EthernetClient::setConnectionTimeout(unsigned short)
 .text._ZN10W5100Class7CH_BASEEv
                0x0000000004004484       0x28 obj/default/Ethernet/EthernetClient.o
                0x0000000004004484                W5100Class::CH_BASE()
 .text._ZN10W5100Class6readSnEhtPht
                0x00000000040044ac       0x74 obj/default/Ethernet/EthernetClient.o
                0x00000000040044ac                W5100Class::readSn(unsigned char, unsigned short, unsigned char*, unsigned short)
 .text._ZN10W5100Class10readSnPORTEh
                0x0000000004004520       0x60 obj/default/Ethernet/EthernetClient.o
                0x0000000004004520                W5100Class::readSnPORT(unsigned char)
 .text._ZN10W5100Class10readSnDIPREhPh
                0x0000000004004580       0x48 obj/default/Ethernet/EthernetClient.o
                0x0000000004004580                W5100Class::readSnDIPR(unsigned char, unsigned char*)
 .text._ZN10W5100Class11readSnDPORTEh
                0x00000000040045c8       0x60 obj/default/Ethernet/EthernetClient.o
                0x00000000040045c8                W5100Class::readSnDPORT(unsigned char)
 .text._ZN9DNSClientC2Ev
                0x0000000004004628       0x48 obj/default/Ethernet/EthernetClient.o
                0x0000000004004628                DNSClient::DNSClient()
                0x0000000004004628                DNSClient::DNSClient()
 .text          0x0000000004004670      0x678 obj/default/Ethernet/EthernetServer.o
                0x0000000004004670                EthernetServer::begin()
                0x0000000004004710                EthernetServer::available()
                0x00000000040048b4                EthernetServer::accept()
                0x0000000004004a3c                EthernetServer::operator bool()
                0x0000000004004afc                EthernetServer::write(unsigned char)
                0x0000000004004b50                EthernetServer::write(unsigned char const*, unsigned int)
 .text._ZN6ClientC2Ev
                0x0000000004004ce8       0x34 obj/default/Ethernet/EthernetServer.o
                0x0000000004004ce8                Client::Client()
                0x0000000004004ce8                Client::Client()
 .text._ZN14EthernetClientC2Eh
                0x0000000004004d1c       0x68 obj/default/Ethernet/EthernetServer.o
                0x0000000004004d1c                EthernetClient::EthernetClient(unsigned char)
                0x0000000004004d1c                EthernetClient::EthernetClient(unsigned char)
 .text          0x0000000004004d84      0x7f0 obj/default/Ethernet/EthernetUdp.o
                0x0000000004004d84                EthernetUDP::begin(unsigned short)
                0x0000000004004e2c                EthernetUDP::available()
                0x0000000004004e58                EthernetUDP::stop()
                0x0000000004004eb8                EthernetUDP::beginPacket(char const*, unsigned short)
                0x0000000004004f7c                EthernetUDP::beginPacket(IPAddress, unsigned short)
                0x0000000004004ffc                EthernetUDP::endPacket()
                0x000000000400503c                EthernetUDP::write(unsigned char)
                0x0000000004005068                EthernetUDP::write(unsigned char const*, unsigned int)
                0x00000000040050f0                EthernetUDP::parsePacket()
                0x0000000004005224                EthernetUDP::read()
                0x00000000040052b8                EthernetUDP::read(unsigned char*, unsigned int)
                0x00000000040053a4                EthernetUDP::peek()
                0x0000000004005410                EthernetUDP::flush()
                0x0000000004005434                EthernetUDP::beginMulticast(IPAddress, unsigned short)
 .text._ZN3UDP12rawIPAddressER9IPAddress
                0x0000000004005574       0x34 obj/default/Ethernet/EthernetUdp.o
                0x0000000004005574                UDP::rawIPAddress(IPAddress&)
 .text._ZN11EthernetUDP4readEPcj
                0x00000000040055a8       0x50 obj/default/Ethernet/EthernetUdp.o
                0x00000000040055a8                EthernetUDP::read(char*, unsigned int)
 .text._ZN11EthernetUDP9localPortEv
                0x00000000040055f8       0x28 obj/default/Ethernet/EthernetUdp.o
                0x00000000040055f8                EthernetUDP::localPort()
 .text          0x0000000004005620     0x1340 obj/default/Ethernet/socket.o
                0x0000000004005620                EthernetClass::socketPortRand(unsigned short)
                0x0000000004005664                EthernetClass::socketBegin(unsigned char, unsigned short)
                0x0000000004005900                EthernetClass::socketBeginMulticast(unsigned char, IPAddress, unsigned short)
                0x0000000004005c50                EthernetClass::socketStatus(unsigned char)
                0x0000000004005c90                EthernetClass::socketClose(unsigned char)
                0x0000000004005cd0                EthernetClass::socketListen(unsigned char)
                0x0000000004005d34                EthernetClass::socketConnect(unsigned char, unsigned char*, unsigned short)
                0x0000000004005da4                EthernetClass::socketDisconnect(unsigned char)
                0x0000000004005f6c                EthernetClass::socketRecv(unsigned char, unsigned char*, short)
                0x000000000400620c                EthernetClass::socketRecvAvailable(unsigned char)
                0x00000000040062b8                EthernetClass::socketPeek(unsigned char)
                0x0000000004006528                EthernetClass::socketSend(unsigned char, unsigned char const*, unsigned short)
                0x0000000004006660                EthernetClass::socketSendAvailable(unsigned char)
                0x00000000040066d8                EthernetClass::socketBufferData(unsigned char, unsigned short, unsigned char const*, unsigned short)
                0x000000000400676c                EthernetClass::socketStartUDP(unsigned char, unsigned char*, unsigned short)
                0x0000000004006828                EthernetClass::socketSendUDP(unsigned char)
 .text._ZN10W5100Class4readEt
                0x0000000004006960       0x44 obj/default/Ethernet/socket.o
                0x0000000004006960                W5100Class::read(unsigned short)
 .text._ZN10W5100Class6readSnEht
                0x00000000040069a4       0x60 obj/default/Ethernet/socket.o
                0x00000000040069a4                W5100Class::readSn(unsigned char, unsigned short)
 .text._ZN10W5100Class7writeSnEhth
                0x0000000004006a04       0x6c obj/default/Ethernet/socket.o
                0x0000000004006a04                W5100Class::writeSn(unsigned char, unsigned short, unsigned char)
 .text._ZN10W5100Class7writeSnEhtPht
                0x0000000004006a70       0x74 obj/default/Ethernet/socket.o
                0x0000000004006a70                W5100Class::writeSn(unsigned char, unsigned short, unsigned char*, unsigned short)
 .text._ZN10W5100Class9writeSnMREhh
                0x0000000004006ae4       0x50 obj/default/Ethernet/socket.o
                0x0000000004006ae4                W5100Class::writeSnMR(unsigned char, unsigned char)
 .text._ZN10W5100Class9writeSnIREhh
                0x0000000004006b34       0x50 obj/default/Ethernet/socket.o
                0x0000000004006b34                W5100Class::writeSnIR(unsigned char, unsigned char)
 .text._ZN10W5100Class8readSnIREh
                0x0000000004006b84       0x3c obj/default/Ethernet/socket.o
                0x0000000004006b84                W5100Class::readSnIR(unsigned char)
 .text._ZN10W5100Class8readSnSREh
                0x0000000004006bc0       0x3c obj/default/Ethernet/socket.o
                0x0000000004006bc0                W5100Class::readSnSR(unsigned char)
 .text._ZN10W5100Class11writeSnPORTEht
                0x0000000004006bfc       0x64 obj/default/Ethernet/socket.o
                0x0000000004006bfc                W5100Class::writeSnPORT(unsigned char, unsigned short)
 .text._ZN10W5100Class11writeSnDHAREhPh
                0x0000000004006c60       0x48 obj/default/Ethernet/socket.o
                0x0000000004006c60                W5100Class::writeSnDHAR(unsigned char, unsigned char*)
 .text._ZN10W5100Class11writeSnDIPREhPh
                0x0000000004006ca8       0x48 obj/default/Ethernet/socket.o
                0x0000000004006ca8                W5100Class::writeSnDIPR(unsigned char, unsigned char*)
 .text._ZN10W5100Class12writeSnDPORTEht
                0x0000000004006cf0       0x64 obj/default/Ethernet/socket.o
                0x0000000004006cf0                W5100Class::writeSnDPORT(unsigned char, unsigned short)
 .text._ZN10W5100Class12readSnTX_FSREh
                0x0000000004006d54       0x60 obj/default/Ethernet/socket.o
                0x0000000004006d54                W5100Class::readSnTX_FSR(unsigned char)
 .text._ZN10W5100Class12writeSnTX_WREht
                0x0000000004006db4       0x64 obj/default/Ethernet/socket.o
                0x0000000004006db4                W5100Class::writeSnTX_WR(unsigned char, unsigned short)
 .text._ZN10W5100Class11readSnTX_WREh
                0x0000000004006e18       0x60 obj/default/Ethernet/socket.o
                0x0000000004006e18                W5100Class::readSnTX_WR(unsigned char)
 .text._ZN10W5100Class12readSnRX_RSREh
                0x0000000004006e78       0x60 obj/default/Ethernet/socket.o
                0x0000000004006e78                W5100Class::readSnRX_RSR(unsigned char)
 .text._ZN10W5100Class12writeSnRX_RDEht
                0x0000000004006ed8       0x64 obj/default/Ethernet/socket.o
                0x0000000004006ed8                W5100Class::writeSnRX_RD(unsigned char, unsigned short)
 .text._ZN10W5100Class11readSnRX_RDEh
                0x0000000004006f3c       0x60 obj/default/Ethernet/socket.o
                0x0000000004006f3c                W5100Class::readSnRX_RD(unsigned char)
 .text._ZN10W5100Class5SBASEEh
                0x0000000004006f9c       0x50 obj/default/Ethernet/socket.o
                0x0000000004006f9c                W5100Class::SBASE(unsigned char)
 .text._ZN10W5100Class5RBASEEh
                0x0000000004006fec       0x50 obj/default/Ethernet/socket.o
                0x0000000004006fec                W5100Class::RBASE(unsigned char)
 .text._ZN10W5100Class23hasOffsetAddressMappingEv
                0x000000000400703c       0x38 obj/default/Ethernet/socket.o
                0x000000000400703c                W5100Class::hasOffsetAddressMapping()
 .text          0x0000000004007074      0x3f8 obj/default/Ethernet/utility/IPAddress.o
                0x0000000004007074                IPAddress::IPAddress()
                0x0000000004007074                IPAddress::IPAddress()
                0x00000000040070a0                IPAddress::IPAddress(unsigned char, unsigned char, unsigned char, unsigned char)
                0x00000000040070a0                IPAddress::IPAddress(unsigned char, unsigned char, unsigned char, unsigned char)
                0x0000000004007110                IPAddress::IPAddress(unsigned long)
                0x0000000004007110                IPAddress::IPAddress(unsigned long)
                0x0000000004007144                IPAddress::IPAddress(unsigned char const*)
                0x0000000004007144                IPAddress::IPAddress(unsigned char const*)
                0x0000000004007188                IPAddress::fromString(char const*)
                0x00000000040072a8                IPAddress::print()
                0x0000000004007320                IPAddress::operator=(unsigned char const*)
                0x0000000004007364                IPAddress::operator=(unsigned long)
                0x0000000004007398                IPAddress::operator==(unsigned char const*) const
 .text          0x000000000400746c      0x9bc obj/default/Ethernet/utility/w5100.o
                0x000000000400746c                W5100Class::init()
                0x00000000040075b0                W5100Class::softReset()
                0x0000000004007624                W5100Class::isW5100()
                0x00000000040076dc                W5100Class::isW5200()
                0x00000000040077b4                W5100Class::isW5500()
                0x000000000400788c                W5100Class::getLinkStatus()
                0x0000000004007934                W5100Class::write(unsigned short, unsigned char const*, unsigned short)
                0x0000000004007ad8                W5100Class::read(unsigned short, unsigned char*, unsigned short)
                0x0000000004007d2c                W5100Class::execCmdSn(unsigned char, SockCMD)
 .text._ZN10W5100Class7writeMREh
                0x0000000004007e28       0x40 obj/default/Ethernet/utility/w5100.o
                0x0000000004007e28                W5100Class::writeMR(unsigned char)
 .text._ZN10W5100Class6readMREv
                0x0000000004007e68       0x2c obj/default/Ethernet/utility/w5100.o
                0x0000000004007e68                W5100Class::readMR()
 .text._ZN10W5100Class9writeRMSREh
                0x0000000004007e94       0x40 obj/default/Ethernet/utility/w5100.o
                0x0000000004007e94                W5100Class::writeRMSR(unsigned char)
 .text._ZN10W5100Class9writeTMSREh
                0x0000000004007ed4       0x40 obj/default/Ethernet/utility/w5100.o
                0x0000000004007ed4                W5100Class::writeTMSR(unsigned char)
 .text._ZN10W5100Class18readVERSIONR_W5200Ev
                0x0000000004007f14       0x2c obj/default/Ethernet/utility/w5100.o
                0x0000000004007f14                W5100Class::readVERSIONR_W5200()
 .text._ZN10W5100Class18readVERSIONR_W5500Ev
                0x0000000004007f40       0x2c obj/default/Ethernet/utility/w5100.o
                0x0000000004007f40                W5100Class::readVERSIONR_W5500()
 .text._ZN10W5100Class17readPSTATUS_W5200Ev
                0x0000000004007f6c       0x2c obj/default/Ethernet/utility/w5100.o
                0x0000000004007f6c                W5100Class::readPSTATUS_W5200()
 .text._ZN10W5100Class17readPHYCFGR_W5500Ev
                0x0000000004007f98       0x2c obj/default/Ethernet/utility/w5100.o
                0x0000000004007f98                W5100Class::readPHYCFGR_W5500()
 .text._ZN10W5100Class9writeSnCREhh
                0x0000000004007fc4       0x50 obj/default/Ethernet/utility/w5100.o
                0x0000000004007fc4                W5100Class::writeSnCR(unsigned char, unsigned char)
 .text._ZN10W5100Class8readSnCREh
                0x0000000004008014       0x3c obj/default/Ethernet/utility/w5100.o
                0x0000000004008014                W5100Class::readSnCR(unsigned char)
 .text._ZN10W5100Class14writeSnRX_SIZEEhh
                0x0000000004008050       0x50 obj/default/Ethernet/utility/w5100.o
                0x0000000004008050                W5100Class::writeSnRX_SIZE(unsigned char, unsigned char)
 .text._ZN10W5100Class14writeSnTX_SIZEEhh
                0x00000000040080a0       0x50 obj/default/Ethernet/utility/w5100.o
                0x00000000040080a0                W5100Class::writeSnTX_SIZE(unsigned char, unsigned char)
 .text          0x00000000040080f0      0x414 obj/default/main.o
                0x00000000040080f0                main
 .text._ZN14EthernetClientC2Ev
                0x0000000004008504       0x60 obj/default/main.o
                0x0000000004008504                EthernetClient::EthernetClient()
                0x0000000004008504                EthernetClient::EthernetClient()
 .text          0x0000000004008564        0x0 c:/intelfpga_lite/18.1/nios2eds/bin/gnu/h-x86_64-mingw32/bin/../lib/gcc/nios2-elf/5.3.0/../../../../../H-x86_64-mingw32/nios2-elf/lib\libstdc++.a(si_class_type_info.o)
 .text._ZN10__cxxabiv120__si_class_type_infoD2Ev
                0x0000000004008564       0x10 c:/intelfpga_lite/18.1/nios2eds/bin/gnu/h-x86_64-mingw32/bin/../lib/gcc/nios2-elf/5.3.0/../../../../../H-x86_64-mingw32/nios2-elf/lib\libstdc++.a(si_class_type_info.o)
                0x0000000004008564                __cxxabiv1::__si_class_type_info::~__si_class_type_info()
                0x0000000004008564                __cxxabiv1::__si_class_type_info::~__si_class_type_info()
 .text._ZN10__cxxabiv120__si_class_type_infoD0Ev
                0x0000000004008574       0x34 c:/intelfpga_lite/18.1/nios2eds/bin/gnu/h-x86_64-mingw32/bin/../lib/gcc/nios2-elf/5.3.0/../../../../../H-x86_64-mingw32/nios2-elf/lib\libstdc++.a(si_class_type_info.o)
                0x0000000004008574                __cxxabiv1::__si_class_type_info::~__si_class_type_info()
 .text._ZNK10__cxxabiv120__si_class_type_info12__do_dyncastEiNS_17__class_type_info10__sub_kindEPKS1_PKvS4_S6_RNS1_16__dyncast_resultE
                0x00000000040085a8      0x160 c:/intelfpga_lite/18.1/nios2eds/bin/gnu/h-x86_64-mingw32/bin/../lib/gcc/nios2-elf/5.3.0/../../../../../H-x86_64-mingw32/nios2-elf/lib\libstdc++.a(si_class_type_info.o)
                0x00000000040085a8                __cxxabiv1::__si_class_type_info::__do_dyncast(int, __cxxabiv1::__class_type_info::__sub_kind, __cxxabiv1::__class_type_info const*, void const*, __cxxabiv1::__class_type_info const*, void const*, __cxxabiv1::__class_type_info::__dyncast_result&) const
 .text._ZNK10__cxxabiv120__si_class_type_info20__do_find_public_srcEiPKvPKNS_17__class_type_infoES2_
                0x0000000004008708       0x9c c:/intelfpga_lite/18.1/nios2eds/bin/gnu/h-x86_64-mingw32/bin/../lib/gcc/nios2-elf/5.3.0/../../../../../H-x86_64-mingw32/nios2-elf/lib\libstdc++.a(si_class_type_info.o)
                0x0000000004008708                __cxxabiv1::__si_class_type_info::__do_find_public_src(int, void const*, __cxxabiv1::__class_type_info const*, void const*) const
 .text._ZNK10__cxxabiv120__si_class_type_info11__do_upcastEPKNS_17__class_type_infoEPKvRNS1_15__upcast_resultE
                0x00000000040087a4       0x84 c:/intelfpga_lite/18.1/nios2eds/bin/gnu/h-x86_64-mingw32/bin/../lib/gcc/nios2-elf/5.3.0/../../../../../H-x86_64-mingw32/nios2-elf/lib\libstdc++.a(si_class_type_info.o)
                0x00000000040087a4                __cxxabiv1::__si_class_type_info::__do_upcast(__cxxabiv1::__class_type_info const*, void const*, __cxxabiv1::__class_type_info::__upcast_result&) const
 .text          0x0000000004008828        0x0 c:/intelfpga_lite/18.1/nios2eds/bin/gnu/h-x86_64-mingw32/bin/../lib/gcc/nios2-elf/5.3.0/../../../../../H-x86_64-mingw32/nios2-elf/lib\libstdc++.a(tinfo.o)
 .text._ZNSt9type_infoD2Ev
                0x0000000004008828        0x4 c:/intelfpga_lite/18.1/nios2eds/bin/gnu/h-x86_64-mingw32/bin/../lib/gcc/nios2-elf/5.3.0/../../../../../H-x86_64-mingw32/nios2-elf/lib\libstdc++.a(tinfo.o)
                0x0000000004008828                std::type_info::~type_info()
                0x0000000004008828                std::type_info::~type_info()
 .text._ZNKSt9type_info15__is_function_pEv
                0x000000000400882c        0x8 c:/intelfpga_lite/18.1/nios2eds/bin/gnu/h-x86_64-mingw32/bin/../lib/gcc/nios2-elf/5.3.0/../../../../../H-x86_64-mingw32/nios2-elf/lib\libstdc++.a(tinfo.o)
                0x000000000400882c                std::type_info::__is_pointer_p() const
                0x000000000400882c                std::type_info::__is_function_p() const
 .text._ZNKSt9type_info11__do_upcastEPKN10__cxxabiv117__class_type_infoEPPv
                0x0000000004008834        0x8 c:/intelfpga_lite/18.1/nios2eds/bin/gnu/h-x86_64-mingw32/bin/../lib/gcc/nios2-elf/5.3.0/../../../../../H-x86_64-mingw32/nios2-elf/lib\libstdc++.a(tinfo.o)
                0x0000000004008834                std::type_info::__do_upcast(__cxxabiv1::__class_type_info const*, void**) const
 .text._ZNSt9type_infoD0Ev
                0x000000000400883c        0x4 c:/intelfpga_lite/18.1/nios2eds/bin/gnu/h-x86_64-mingw32/bin/../lib/gcc/nios2-elf/5.3.0/../../../../../H-x86_64-mingw32/nios2-elf/lib\libstdc++.a(tinfo.o)
                0x000000000400883c                std::type_info::~type_info()
 .text._ZNKSt9type_info10__do_catchEPKS_PPvj
                0x0000000004008840       0x44 c:/intelfpga_lite/18.1/nios2eds/bin/gnu/h-x86_64-mingw32/bin/../lib/gcc/nios2-elf/5.3.0/../../../../../H-x86_64-mingw32/nios2-elf/lib\libstdc++.a(tinfo.o)
                0x0000000004008840                std::type_info::__do_catch(std::type_info const*, void**, unsigned int) const
 .text          0x0000000004008884        0x0 c:/intelfpga_lite/18.1/nios2eds/bin/gnu/h-x86_64-mingw32/bin/../lib/gcc/nios2-elf/5.3.0/../../../../../H-x86_64-mingw32/nios2-elf/lib\libstdc++.a(eh_personality.o)
 .text._ZL21size_of_encoded_valueh
                0x0000000004008884       0xa4 c:/intelfpga_lite/18.1/nios2eds/bin/gnu/h-x86_64-mingw32/bin/../lib/gcc/nios2-elf/5.3.0/../../../../../H-x86_64-mingw32/nios2-elf/lib\libstdc++.a(eh_personality.o)
 .text._ZL28read_encoded_value_with_basehjPKhPj
                0x0000000004008928      0x20c c:/intelfpga_lite/18.1/nios2eds/bin/gnu/h-x86_64-mingw32/bin/../lib/gcc/nios2-elf/5.3.0/../../../../../H-x86_64-mingw32/nios2-elf/lib\libstdc++.a(eh_personality.o)
 .text._ZL15get_ttype_entryP16lsda_header_infom
                0x0000000004008b34       0x54 c:/intelfpga_lite/18.1/nios2eds/bin/gnu/h-x86_64-mingw32/bin/../lib/gcc/nios2-elf/5.3.0/../../../../../H-x86_64-mingw32/nios2-elf/lib\libstdc++.a(eh_personality.o)
 .text._ZL21base_of_encoded_valuehP15_Unwind_Context
                0x0000000004008b88       0x8c c:/intelfpga_lite/18.1/nios2eds/bin/gnu/h-x86_64-mingw32/bin/../lib/gcc/nios2-elf/5.3.0/../../../../../H-x86_64-mingw32/nios2-elf/lib\libstdc++.a(eh_personality.o)
 .text._ZL17parse_lsda_headerP15_Unwind_ContextPKhP16lsda_header_info
                0x0000000004008c14      0x134 c:/intelfpga_lite/18.1/nios2eds/bin/gnu/h-x86_64-mingw32/bin/../lib/gcc/nios2-elf/5.3.0/../../../../../H-x86_64-mingw32/nios2-elf/lib\libstdc++.a(eh_personality.o)
 .text._ZL16get_adjusted_ptrPKSt9type_infoS1_PPv.constprop.3
                0x0000000004008d48       0x88 c:/intelfpga_lite/18.1/nios2eds/bin/gnu/h-x86_64-mingw32/bin/../lib/gcc/nios2-elf/5.3.0/../../../../../H-x86_64-mingw32/nios2-elf/lib\libstdc++.a(eh_personality.o)
 .text.unlikely._ZL28check_compact_exception_specPKSt9type_infoPvPKhij
                0x0000000004008dd0      0x1c0 c:/intelfpga_lite/18.1/nios2eds/bin/gnu/h-x86_64-mingw32/bin/../lib/gcc/nios2-elf/5.3.0/../../../../../H-x86_64-mingw32/nios2-elf/lib\libstdc++.a(eh_personality.o)
 .text._ZL20check_exception_specP16lsda_header_infoPKSt9type_infoPvl
                0x0000000004008f90       0xa8 c:/intelfpga_lite/18.1/nios2eds/bin/gnu/h-x86_64-mingw32/bin/../lib/gcc/nios2-elf/5.3.0/../../../../../H-x86_64-mingw32/nios2-elf/lib\libstdc++.a(eh_personality.o)
 .text.__gxx_personality_sj0
                0x0000000004009038      0x600 c:/intelfpga_lite/18.1/nios2eds/bin/gnu/h-x86_64-mingw32/bin/../lib/gcc/nios2-elf/5.3.0/../../../../../H-x86_64-mingw32/nios2-elf/lib\libstdc++.a(eh_personality.o)
                0x0000000004009038                __gxx_personality_sj0
 .text.__cxa_call_unexpected
                0x0000000004009638      0x230 c:/intelfpga_lite/18.1/nios2eds/bin/gnu/h-x86_64-mingw32/bin/../lib/gcc/nios2-elf/5.3.0/../../../../../H-x86_64-mingw32/nios2-elf/lib\libstdc++.a(eh_personality.o)
                0x0000000004009638                __cxa_call_unexpected
 .text          0x0000000004009868        0x0 c:/intelfpga_lite/18.1/nios2eds/bin/gnu/h-x86_64-mingw32/bin/../lib/gcc/nios2-elf/5.3.0/../../../../../H-x86_64-mingw32/nios2-elf/lib\libstdc++.a(del_op.o)
 .text._ZdlPv   0x0000000004009868        0x4 c:/intelfpga_lite/18.1/nios2eds/bin/gnu/h-x86_64-mingw32/bin/../lib/gcc/nios2-elf/5.3.0/../../../../../H-x86_64-mingw32/nios2-elf/lib\libstdc++.a(del_op.o)
                0x0000000004009868                operator delete(void*)
 .text          0x000000000400986c        0x0 c:/intelfpga_lite/18.1/nios2eds/bin/gnu/h-x86_64-mingw32/bin/../lib/gcc/nios2-elf/5.3.0/../../../../../H-x86_64-mingw32/nios2-elf/lib\libstdc++.a(eh_throw.o)
 .text._ZL23__gxx_exception_cleanup19_Unwind_Reason_CodeP17_Unwind_Exception
                0x000000000400986c       0x44 c:/intelfpga_lite/18.1/nios2eds/bin/gnu/h-x86_64-mingw32/bin/../lib/gcc/nios2-elf/5.3.0/../../../../../H-x86_64-mingw32/nios2-elf/lib\libstdc++.a(eh_throw.o)
 .text.__cxa_throw
                0x00000000040098b0       0x90 c:/intelfpga_lite/18.1/nios2eds/bin/gnu/h-x86_64-mingw32/bin/../lib/gcc/nios2-elf/5.3.0/../../../../../H-x86_64-mingw32/nios2-elf/lib\libstdc++.a(eh_throw.o)
                0x00000000040098b0                __cxa_throw
 .text.__cxa_rethrow
                0x0000000004009940       0x84 c:/intelfpga_lite/18.1/nios2eds/bin/gnu/h-x86_64-mingw32/bin/../lib/gcc/nios2-elf/5.3.0/../../../../../H-x86_64-mingw32/nios2-elf/lib\libstdc++.a(eh_throw.o)
                0x0000000004009940                __cxa_rethrow
 .text          0x00000000040099c4        0x0 c:/intelfpga_lite/18.1/nios2eds/bin/gnu/h-x86_64-mingw32/bin/../lib/gcc/nios2-elf/5.3.0/../../../../../H-x86_64-mingw32/nios2-elf/lib\libstdc++.a(pure.o)
 .text.__cxa_pure_virtual
                0x00000000040099c4       0x20 c:/intelfpga_lite/18.1/nios2eds/bin/gnu/h-x86_64-mingw32/bin/../lib/gcc/nios2-elf/5.3.0/../../../../../H-x86_64-mingw32/nios2-elf/lib\libstdc++.a(pure.o)
                0x00000000040099c4                __cxa_pure_virtual
 .text.__cxa_deleted_virtual
                0x00000000040099e4       0x20 c:/intelfpga_lite/18.1/nios2eds/bin/gnu/h-x86_64-mingw32/bin/../lib/gcc/nios2-elf/5.3.0/../../../../../H-x86_64-mingw32/nios2-elf/lib\libstdc++.a(pure.o)
                0x00000000040099e4                __cxa_deleted_virtual
 .text          0x0000000004009a04        0x0 c:/intelfpga_lite/18.1/nios2eds/bin/gnu/h-x86_64-mingw32/bin/../lib/gcc/nios2-elf/5.3.0/../../../../../H-x86_64-mingw32/nios2-elf/lib\libstdc++.a(guard.o)
 .text.__cxa_guard_acquire
                0x0000000004009a04       0x5c c:/intelfpga_lite/18.1/nios2eds/bin/gnu/h-x86_64-mingw32/bin/../lib/gcc/nios2-elf/5.3.0/../../../../../H-x86_64-mingw32/nios2-elf/lib\libstdc++.a(guard.o)
                0x0000000004009a04                __cxa_guard_acquire
 .text.__cxa_guard_abort
                0x0000000004009a60        0x8 c:/intelfpga_lite/18.1/nios2eds/bin/gnu/h-x86_64-mingw32/bin/../lib/gcc/nios2-elf/5.3.0/../../../../../H-x86_64-mingw32/nios2-elf/lib\libstdc++.a(guard.o)
                0x0000000004009a60                __cxa_guard_abort
 .text.__cxa_guard_release
                0x0000000004009a68       0x10 c:/intelfpga_lite/18.1/nios2eds/bin/gnu/h-x86_64-mingw32/bin/../lib/gcc/nios2-elf/5.3.0/../../../../../H-x86_64-mingw32/nios2-elf/lib\libstdc++.a(guard.o)
                0x0000000004009a68                __cxa_guard_release
 .text          0x0000000004009a78        0x0 c:/intelfpga_lite/18.1/nios2eds/bin/gnu/h-x86_64-mingw32/bin/../lib/gcc/nios2-elf/5.3.0/../../../../../H-x86_64-mingw32/nios2-elf/lib\libstdc++.a(eh_catch.o)
 .text.__cxa_get_exception_ptr
                0x0000000004009a78        0x8 c:/intelfpga_lite/18.1/nios2eds/bin/gnu/h-x86_64-mingw32/bin/../lib/gcc/nios2-elf/5.3.0/../../../../../H-x86_64-mingw32/nios2-elf/lib\libstdc++.a(eh_catch.o)
                0x0000000004009a78                __cxa_get_exception_ptr
 .text.__cxa_begin_catch
                0x0000000004009a80       0xb4 c:/intelfpga_lite/18.1/nios2eds/bin/gnu/h-x86_64-mingw32/bin/../lib/gcc/nios2-elf/5.3.0/../../../../../H-x86_64-mingw32/nios2-elf/lib\libstdc++.a(eh_catch.o)
                0x0000000004009a80                __cxa_begin_catch
 .text.__cxa_end_catch
                0x0000000004009b34       0xb4 c:/intelfpga_lite/18.1/nios2eds/bin/gnu/h-x86_64-mingw32/bin/../lib/gcc/nios2-elf/5.3.0/../../../../../H-x86_64-mingw32/nios2-elf/lib\libstdc++.a(eh_catch.o)
                0x0000000004009b34                __cxa_end_catch
 .text._ZSt18uncaught_exceptionv
                0x0000000004009be8       0x20 c:/intelfpga_lite/18.1/nios2eds/bin/gnu/h-x86_64-mingw32/bin/../lib/gcc/nios2-elf/5.3.0/../../../../../H-x86_64-mingw32/nios2-elf/lib\libstdc++.a(eh_catch.o)
                0x0000000004009be8                std::uncaught_exception()
 .text          0x0000000004009c08        0x0 c:/intelfpga_lite/18.1/nios2eds/bin/gnu/h-x86_64-mingw32/bin/../lib/gcc/nios2-elf/5.3.0/../../../../../H-x86_64-mingw32/nios2-elf/lib\libstdc++.a(class_type_info.o)
 .text._ZNK10__cxxabiv117__class_type_info11__do_upcastEPKS0_PPv
                0x0000000004009c08       0x78 c:/intelfpga_lite/18.1/nios2eds/bin/gnu/h-x86_64-mingw32/bin/../lib/gcc/nios2-elf/5.3.0/../../../../../H-x86_64-mingw32/nios2-elf/lib\libstdc++.a(class_type_info.o)
                0x0000000004009c08                __cxxabiv1::__class_type_info::__do_upcast(__cxxabiv1::__class_type_info const*, void**) const
 .text._ZNK10__cxxabiv117__class_type_info20__do_find_public_srcEiPKvPKS0_S2_
                0x0000000004009c80       0x18 c:/intelfpga_lite/18.1/nios2eds/bin/gnu/h-x86_64-mingw32/bin/../lib/gcc/nios2-elf/5.3.0/../../../../../H-x86_64-mingw32/nios2-elf/lib\libstdc++.a(class_type_info.o)
                0x0000000004009c80                __cxxabiv1::__class_type_info::__do_find_public_src(int, void const*, __cxxabiv1::__class_type_info const*, void const*) const
 .text._ZN10__cxxabiv117__class_type_infoD2Ev
                0x0000000004009c98       0x10 c:/intelfpga_lite/18.1/nios2eds/bin/gnu/h-x86_64-mingw32/bin/../lib/gcc/nios2-elf/5.3.0/../../../../../H-x86_64-mingw32/nios2-elf/lib\libstdc++.a(class_type_info.o)
                0x0000000004009c98                __cxxabiv1::__class_type_info::~__class_type_info()
                0x0000000004009c98                __cxxabiv1::__class_type_info::~__class_type_info()
 .text._ZN10__cxxabiv117__class_type_infoD0Ev
                0x0000000004009ca8       0x34 c:/intelfpga_lite/18.1/nios2eds/bin/gnu/h-x86_64-mingw32/bin/../lib/gcc/nios2-elf/5.3.0/../../../../../H-x86_64-mingw32/nios2-elf/lib\libstdc++.a(class_type_info.o)
                0x0000000004009ca8                __cxxabiv1::__class_type_info::~__class_type_info()
 .text._ZNK10__cxxabiv117__class_type_info11__do_upcastEPKS0_PKvRNS0_15__upcast_resultE
                0x0000000004009cdc       0x6c c:/intelfpga_lite/18.1/nios2eds/bin/gnu/h-x86_64-mingw32/bin/../lib/gcc/nios2-elf/5.3.0/../../../../../H-x86_64-mingw32/nios2-elf/lib\libstdc++.a(class_type_info.o)
                0x0000000004009cdc                __cxxabiv1::__class_type_info::__do_upcast(__cxxabiv1::__class_type_info const*, void const*, __cxxabiv1::__class_type_info::__upcast_result&) const
 .text._ZNK10__cxxabiv117__class_type_info12__do_dyncastEiNS0_10__sub_kindEPKS0_PKvS3_S5_RNS0_16__dyncast_resultE
                0x0000000004009d48       0xd0 c:/intelfpga_lite/18.1/nios2eds/bin/gnu/h-x86_64-mingw32/bin/../lib/gcc/nios2-elf/5.3.0/../../../../../H-x86_64-mingw32/nios2-elf/lib\libstdc++.a(class_type_info.o)
                0x0000000004009d48                __cxxabiv1::__class_type_info::__do_dyncast(int, __cxxabiv1::__class_type_info::__sub_kind, __cxxabiv1::__class_type_info const*, void const*, __cxxabiv1::__class_type_info const*, void const*, __cxxabiv1::__class_type_info::__dyncast_result&) const
 .text._ZNK10__cxxabiv117__class_type_info10__do_catchEPKSt9type_infoPPvj
                0x0000000004009e18       0xb8 c:/intelfpga_lite/18.1/nios2eds/bin/gnu/h-x86_64-mingw32/bin/../lib/gcc/nios2-elf/5.3.0/../../../../../H-x86_64-mingw32/nios2-elf/lib\libstdc++.a(class_type_info.o)
                0x0000000004009e18                __cxxabiv1::__class_type_info::__do_catch(std::type_info const*, void**, unsigned int) const
 .text          0x0000000004009ed0        0x0 c:/intelfpga_lite/18.1/nios2eds/bin/gnu/h-x86_64-mingw32/bin/../lib/gcc/nios2-elf/5.3.0/../../../../../H-x86_64-mingw32/nios2-elf/lib\libstdc++.a(eh_terminate.o)
 .text._ZN10__cxxabiv111__terminateEPFvvE
                0x0000000004009ed0       0xc0 c:/intelfpga_lite/18.1/nios2eds/bin/gnu/h-x86_64-mingw32/bin/../lib/gcc/nios2-elf/5.3.0/../../../../../H-x86_64-mingw32/nios2-elf/lib\libstdc++.a(eh_terminate.o)
                0x0000000004009ed0                __cxxabiv1::__terminate(void (*)())
 .text._ZSt9terminatev
                0x0000000004009f90       0x18 c:/intelfpga_lite/18.1/nios2eds/bin/gnu/h-x86_64-mingw32/bin/../lib/gcc/nios2-elf/5.3.0/../../../../../H-x86_64-mingw32/nios2-elf/lib\libstdc++.a(eh_terminate.o)
                0x0000000004009f90                std::terminate()
 .text._ZN10__cxxabiv112__unexpectedEPFvvE
                0x0000000004009fa8       0x10 c:/intelfpga_lite/18.1/nios2eds/bin/gnu/h-x86_64-mingw32/bin/../lib/gcc/nios2-elf/5.3.0/../../../../../H-x86_64-mingw32/nios2-elf/lib\libstdc++.a(eh_terminate.o)
                0x0000000004009fa8                __cxxabiv1::__unexpected(void (*)())
 .text._ZSt10unexpectedv
                0x0000000004009fb8       0x18 c:/intelfpga_lite/18.1/nios2eds/bin/gnu/h-x86_64-mingw32/bin/../lib/gcc/nios2-elf/5.3.0/../../../../../H-x86_64-mingw32/nios2-elf/lib\libstdc++.a(eh_terminate.o)
                0x0000000004009fb8                std::unexpected()
 .text._ZSt13set_terminatePFvvE
                0x0000000004009fd0       0x14 c:/intelfpga_lite/18.1/nios2eds/bin/gnu/h-x86_64-mingw32/bin/../lib/gcc/nios2-elf/5.3.0/../../../../../H-x86_64-mingw32/nios2-elf/lib\libstdc++.a(eh_terminate.o)
                0x0000000004009fd0                std::set_terminate(void (*)())
 .text._ZSt13get_terminatev
                0x0000000004009fe4       0x10 c:/intelfpga_lite/18.1/nios2eds/bin/gnu/h-x86_64-mingw32/bin/../lib/gcc/nios2-elf/5.3.0/../../../../../H-x86_64-mingw32/nios2-elf/lib\libstdc++.a(eh_terminate.o)
                0x0000000004009fe4                std::get_terminate()
 .text._ZSt14set_unexpectedPFvvE
                0x0000000004009ff4       0x14 c:/intelfpga_lite/18.1/nios2eds/bin/gnu/h-x86_64-mingw32/bin/../lib/gcc/nios2-elf/5.3.0/../../../../../H-x86_64-mingw32/nios2-elf/lib\libstdc++.a(eh_terminate.o)
                0x0000000004009ff4                std::set_unexpected(void (*)())
 .text._ZSt14get_unexpectedv
                0x000000000400a008       0x10 c:/intelfpga_lite/18.1/nios2eds/bin/gnu/h-x86_64-mingw32/bin/../lib/gcc/nios2-elf/5.3.0/../../../../../H-x86_64-mingw32/nios2-elf/lib\libstdc++.a(eh_terminate.o)
                0x000000000400a008                std::get_unexpected()
 .text          0x000000000400a018        0x0 c:/intelfpga_lite/18.1/nios2eds/bin/gnu/h-x86_64-mingw32/bin/../lib/gcc/nios2-elf/5.3.0/../../../../../H-x86_64-mingw32/nios2-elf/lib\libstdc++.a(eh_unex_handler.o)
 .text          0x000000000400a018        0x0 c:/intelfpga_lite/18.1/nios2eds/bin/gnu/h-x86_64-mingw32/bin/../lib/gcc/nios2-elf/5.3.0/../../../../../H-x86_64-mingw32/nios2-elf/lib\libstdc++.a(eh_alloc.o)
 .text._ZN12_GLOBAL__N_14pool4freeEPv.constprop.4
                0x000000000400a018       0xb8 c:/intelfpga_lite/18.1/nios2eds/bin/gnu/h-x86_64-mingw32/bin/../lib/gcc/nios2-elf/5.3.0/../../../../../H-x86_64-mingw32/nios2-elf/lib\libstdc++.a(eh_alloc.o)
 .text._ZN12_GLOBAL__N_14pool8allocateEj.constprop.5
                0x000000000400a0d0       0xa8 c:/intelfpga_lite/18.1/nios2eds/bin/gnu/h-x86_64-mingw32/bin/../lib/gcc/nios2-elf/5.3.0/../../../../../H-x86_64-mingw32/nios2-elf/lib\libstdc++.a(eh_alloc.o)
 .text.__cxa_allocate_exception
                0x000000000400a178       0x60 c:/intelfpga_lite/18.1/nios2eds/bin/gnu/h-x86_64-mingw32/bin/../lib/gcc/nios2-elf/5.3.0/../../../../../H-x86_64-mingw32/nios2-elf/lib\libstdc++.a(eh_alloc.o)
                0x000000000400a178                __cxa_allocate_exception
 .text.__cxa_free_exception
                0x000000000400a1d8       0x28 c:/intelfpga_lite/18.1/nios2eds/bin/gnu/h-x86_64-mingw32/bin/../lib/gcc/nios2-elf/5.3.0/../../../../../H-x86_64-mingw32/nios2-elf/lib\libstdc++.a(eh_alloc.o)
                0x000000000400a1d8                __cxa_free_exception
 .text.__cxa_allocate_dependent_exception
                0x000000000400a200       0x54 c:/intelfpga_lite/18.1/nios2eds/bin/gnu/h-x86_64-mingw32/bin/../lib/gcc/nios2-elf/5.3.0/../../../../../H-x86_64-mingw32/nios2-elf/lib\libstdc++.a(eh_alloc.o)
                0x000000000400a200                __cxa_allocate_dependent_exception
 .text.__cxa_free_dependent_exception
                0x000000000400a254       0x2c c:/intelfpga_lite/18.1/nios2eds/bin/gnu/h-x86_64-mingw32/bin/../lib/gcc/nios2-elf/5.3.0/../../../../../H-x86_64-mingw32/nios2-elf/lib\libstdc++.a(eh_alloc.o)
                0x000000000400a254                __cxa_free_dependent_exception
 .text.startup._GLOBAL__sub_I___cxa_allocate_exception
                0x000000000400a280       0x5c c:/intelfpga_lite/18.1/nios2eds/bin/gnu/h-x86_64-mingw32/bin/../lib/gcc/nios2-elf/5.3.0/../../../../../H-x86_64-mingw32/nios2-elf/lib\libstdc++.a(eh_alloc.o)
 .text          0x000000000400a2dc        0x0 c:/intelfpga_lite/18.1/nios2eds/bin/gnu/h-x86_64-mingw32/bin/../lib/gcc/nios2-elf/5.3.0/../../../../../H-x86_64-mingw32/nios2-elf/lib\libstdc++.a(eh_call.o)
 .text.__cxa_call_terminate
                0x000000000400a2dc       0x58 c:/intelfpga_lite/18.1/nios2eds/bin/gnu/h-x86_64-mingw32/bin/../lib/gcc/nios2-elf/5.3.0/../../../../../H-x86_64-mingw32/nios2-elf/lib\libstdc++.a(eh_call.o)
                0x000000000400a2dc                __cxa_call_terminate
 .text          0x000000000400a334        0x0 c:/intelfpga_lite/18.1/nios2eds/bin/gnu/h-x86_64-mingw32/bin/../lib/gcc/nios2-elf/5.3.0/../../../../../H-x86_64-mingw32/nios2-elf/lib\libstdc++.a(eh_globals.o)
 .text.__cxa_get_globals_fast
                0x000000000400a334        0xc c:/intelfpga_lite/18.1/nios2eds/bin/gnu/h-x86_64-mingw32/bin/../lib/gcc/nios2-elf/5.3.0/../../../../../H-x86_64-mingw32/nios2-elf/lib\libstdc++.a(eh_globals.o)
                0x000000000400a334                __cxa_get_globals_fast
 .text.__cxa_get_globals
                0x000000000400a340        0xc c:/intelfpga_lite/18.1/nios2eds/bin/gnu/h-x86_64-mingw32/bin/../lib/gcc/nios2-elf/5.3.0/../../../../../H-x86_64-mingw32/nios2-elf/lib\libstdc++.a(eh_globals.o)
                0x000000000400a340                __cxa_get_globals
 .text          0x000000000400a34c        0x0 c:/intelfpga_lite/18.1/nios2eds/bin/gnu/h-x86_64-mingw32/bin/../lib/gcc/nios2-elf/5.3.0/../../../../../H-x86_64-mingw32/nios2-elf/lib\libstdc++.a(eh_exception.o)
 .text._ZNSt9exceptionD2Ev
                0x000000000400a34c        0x4 c:/intelfpga_lite/18.1/nios2eds/bin/gnu/h-x86_64-mingw32/bin/../lib/gcc/nios2-elf/5.3.0/../../../../../H-x86_64-mingw32/nios2-elf/lib\libstdc++.a(eh_exception.o)
                0x000000000400a34c                std::exception::~exception()
                0x000000000400a34c                std::exception::~exception()
 .text._ZNSt13bad_exceptionD2Ev
                0x000000000400a350        0x4 c:/intelfpga_lite/18.1/nios2eds/bin/gnu/h-x86_64-mingw32/bin/../lib/gcc/nios2-elf/5.3.0/../../../../../H-x86_64-mingw32/nios2-elf/lib\libstdc++.a(eh_exception.o)
                0x000000000400a350                std::bad_exception::~bad_exception()
                0x000000000400a350                std::bad_exception::~bad_exception()
 .text._ZNKSt9exception4whatEv
                0x000000000400a354        0xc c:/intelfpga_lite/18.1/nios2eds/bin/gnu/h-x86_64-mingw32/bin/../lib/gcc/nios2-elf/5.3.0/../../../../../H-x86_64-mingw32/nios2-elf/lib\libstdc++.a(eh_exception.o)
                0x000000000400a354                std::exception::what() const
 .text._ZNKSt13bad_exception4whatEv
                0x000000000400a360        0xc c:/intelfpga_lite/18.1/nios2eds/bin/gnu/h-x86_64-mingw32/bin/../lib/gcc/nios2-elf/5.3.0/../../../../../H-x86_64-mingw32/nios2-elf/lib\libstdc++.a(eh_exception.o)
                0x000000000400a360                std::bad_exception::what() const
 .text._ZNSt9exceptionD0Ev
                0x000000000400a36c        0x4 c:/intelfpga_lite/18.1/nios2eds/bin/gnu/h-x86_64-mingw32/bin/../lib/gcc/nios2-elf/5.3.0/../../../../../H-x86_64-mingw32/nios2-elf/lib\libstdc++.a(eh_exception.o)
                0x000000000400a36c                std::exception::~exception()
 .text._ZNSt13bad_exceptionD0Ev
                0x000000000400a370        0x4 c:/intelfpga_lite/18.1/nios2eds/bin/gnu/h-x86_64-mingw32/bin/../lib/gcc/nios2-elf/5.3.0/../../../../../H-x86_64-mingw32/nios2-elf/lib\libstdc++.a(eh_exception.o)
                0x000000000400a370                std::bad_exception::~bad_exception()
 .text._ZN10__cxxabiv115__forced_unwindD2Ev
                0x000000000400a374        0x4 c:/intelfpga_lite/18.1/nios2eds/bin/gnu/h-x86_64-mingw32/bin/../lib/gcc/nios2-elf/5.3.0/../../../../../H-x86_64-mingw32/nios2-elf/lib\libstdc++.a(eh_exception.o)
                0x000000000400a374                __cxxabiv1::__forced_unwind::~__forced_unwind()
                0x000000000400a374                __cxxabiv1::__forced_unwind::~__forced_unwind()
 .text._ZN10__cxxabiv115__forced_unwindD0Ev
                0x000000000400a378        0x4 c:/intelfpga_lite/18.1/nios2eds/bin/gnu/h-x86_64-mingw32/bin/../lib/gcc/nios2-elf/5.3.0/../../../../../H-x86_64-mingw32/nios2-elf/lib\libstdc++.a(eh_exception.o)
                0x000000000400a378                __cxxabiv1::__forced_unwind::~__forced_unwind()
 .text._ZN10__cxxabiv119__foreign_exceptionD2Ev
                0x000000000400a37c        0x4 c:/intelfpga_lite/18.1/nios2eds/bin/gnu/h-x86_64-mingw32/bin/../lib/gcc/nios2-elf/5.3.0/../../../../../H-x86_64-mingw32/nios2-elf/lib\libstdc++.a(eh_exception.o)
                0x000000000400a37c                __cxxabiv1::__foreign_exception::~__foreign_exception()
                0x000000000400a37c                __cxxabiv1::__foreign_exception::~__foreign_exception()
 .text._ZN10__cxxabiv119__foreign_exceptionD0Ev
                0x000000000400a380        0x4 c:/intelfpga_lite/18.1/nios2eds/bin/gnu/h-x86_64-mingw32/bin/../lib/gcc/nios2-elf/5.3.0/../../../../../H-x86_64-mingw32/nios2-elf/lib\libstdc++.a(eh_exception.o)
                0x000000000400a380                __cxxabiv1::__foreign_exception::~__foreign_exception()
 .text          0x000000000400a384        0x0 c:/intelfpga_lite/18.1/nios2eds/bin/gnu/h-x86_64-mingw32/bin/../lib/gcc/nios2-elf/5.3.0/../../../../../H-x86_64-mingw32/nios2-elf/lib\libstdc++.a(eh_term_handler.o)
 .text          0x000000000400a384        0x0 c:/intelfpga_lite/18.1/nios2eds/bin/gnu/h-x86_64-mingw32/bin/../lib/gcc/nios2-elf/5.3.0/../../../../../H-x86_64-mingw32/nios2-elf/lib\libstdc++.a(guard_error.o)
 .text._ZN9__gnu_cxx20recursive_init_errorD2Ev
                0x000000000400a384       0x10 c:/intelfpga_lite/18.1/nios2eds/bin/gnu/h-x86_64-mingw32/bin/../lib/gcc/nios2-elf/5.3.0/../../../../../H-x86_64-mingw32/nios2-elf/lib\libstdc++.a(guard_error.o)
                0x000000000400a384                __gnu_cxx::recursive_init_error::~recursive_init_error()
                0x000000000400a384                __gnu_cxx::recursive_init_error::~recursive_init_error()
 .text._ZN9__gnu_cxx20recursive_init_errorD0Ev
                0x000000000400a394       0x34 c:/intelfpga_lite/18.1/nios2eds/bin/gnu/h-x86_64-mingw32/bin/../lib/gcc/nios2-elf/5.3.0/../../../../../H-x86_64-mingw32/nios2-elf/lib\libstdc++.a(guard_error.o)
                0x000000000400a394                __gnu_cxx::recursive_init_error::~recursive_init_error()
 .text          0x000000000400a3c8      0x1b4 c:/intelfpga_lite/18.1/nios2eds/bin/gnu/h-x86_64-mingw32/bin/../lib/gcc/nios2-elf/5.3.0\libgcc.a(lib2-divmod.o)
                0x000000000400a3c8                __divsi3
                0x000000000400a44c                __modsi3
                0x000000000400a4c0                __udivsi3
                0x000000000400a524                __umodsi3
 .text          0x000000000400a57c      0x520 c:/intelfpga_lite/18.1/nios2eds/bin/gnu/h-x86_64-mingw32/bin/../lib/gcc/nios2-elf/5.3.0\libgcc.a(unwind-sjlj.o)
                0x000000000400a784                _Unwind_SjLj_Register
                0x000000000400a79c                _Unwind_SjLj_Unregister
                0x000000000400a7b0                _Unwind_GetGR
                0x000000000400a7cc                _Unwind_GetCFA
                0x000000000400a7e4                _Unwind_SetGR
                0x000000000400a800                _Unwind_GetIP
                0x000000000400a810                _Unwind_GetIPInfo
                0x000000000400a830                _Unwind_SetIP
                0x000000000400a840                _Unwind_GetLanguageSpecificData
                0x000000000400a84c                _Unwind_GetRegionStart
                0x000000000400a854                _Unwind_FindEnclosingFunction
                0x000000000400a85c                _Unwind_GetDataRelBase
                0x000000000400a864                _Unwind_GetTextRelBase
                0x000000000400a86c                _Unwind_SjLj_RaiseException
                0x000000000400a93c                _Unwind_SjLj_ForcedUnwind
                0x000000000400a980                _Unwind_SjLj_Resume
                0x000000000400a9c4                _Unwind_SjLj_Resume_or_Rethrow
                0x000000000400aa10                _Unwind_DeleteException
                0x000000000400aa28                _Unwind_Backtrace
 .text          0x000000000400aa9c        0x0 c:/intelfpga_lite/18.1/nios2eds/bin/gnu/h-x86_64-mingw32/bin/../lib/gcc/nios2-elf/5.3.0/../../../../../H-x86_64-mingw32/nios2-elf/lib\libc.a(lib_a-abort.o)
 .text.abort    0x000000000400aa9c       0x18 c:/intelfpga_lite/18.1/nios2eds/bin/gnu/h-x86_64-mingw32/bin/../lib/gcc/nios2-elf/5.3.0/../../../../../H-x86_64-mingw32/nios2-elf/lib\libc.a(lib_a-abort.o)
                0x000000000400aa9c                abort
 .text          0x000000000400aab4        0x0 c:/intelfpga_lite/18.1/nios2eds/bin/gnu/h-x86_64-mingw32/bin/../lib/gcc/nios2-elf/5.3.0/../../../../../H-x86_64-mingw32/nios2-elf/lib\libc.a(lib_a-clock.o)
 .text.clock    0x000000000400aab4       0x4c c:/intelfpga_lite/18.1/nios2eds/bin/gnu/h-x86_64-mingw32/bin/../lib/gcc/nios2-elf/5.3.0/../../../../../H-x86_64-mingw32/nios2-elf/lib\libc.a(lib_a-clock.o)
                0x000000000400aab4                clock
 .text          0x000000000400ab00        0x0 c:/intelfpga_lite/18.1/nios2eds/bin/gnu/h-x86_64-mingw32/bin/../lib/gcc/nios2-elf/5.3.0/../../../../../H-x86_64-mingw32/nios2-elf/lib\libc.a(lib_a-impure.o)
 .text          0x000000000400ab00        0x0 c:/intelfpga_lite/18.1/nios2eds/bin/gnu/h-x86_64-mingw32/bin/../lib/gcc/nios2-elf/5.3.0/../../../../../H-x86_64-mingw32/nios2-elf/lib\libc.a(lib_a-malloc.o)
 .text.malloc   0x000000000400ab00       0x14 c:/intelfpga_lite/18.1/nios2eds/bin/gnu/h-x86_64-mingw32/bin/../lib/gcc/nios2-elf/5.3.0/../../../../../H-x86_64-mingw32/nios2-elf/lib\libc.a(lib_a-malloc.o)
                0x000000000400ab00                malloc
 .text.free     0x000000000400ab14       0x14 c:/intelfpga_lite/18.1/nios2eds/bin/gnu/h-x86_64-mingw32/bin/../lib/gcc/nios2-elf/5.3.0/../../../../../H-x86_64-mingw32/nios2-elf/lib\libc.a(lib_a-malloc.o)
                0x000000000400ab14                free
 .text          0x000000000400ab28        0x0 c:/intelfpga_lite/18.1/nios2eds/bin/gnu/h-x86_64-mingw32/bin/../lib/gcc/nios2-elf/5.3.0/../../../../../H-x86_64-mingw32/nios2-elf/lib\libc.a(lib_a-mallocr.o)
 .text._malloc_r
                0x000000000400ab28      0x80c c:/intelfpga_lite/18.1/nios2eds/bin/gnu/h-x86_64-mingw32/bin/../lib/gcc/nios2-elf/5.3.0/../../../../../H-x86_64-mingw32/nios2-elf/lib\libc.a(lib_a-mallocr.o)
                0x000000000400ab28                _malloc_r
 .text          0x000000000400b334        0x0 c:/intelfpga_lite/18.1/nios2eds/bin/gnu/h-x86_64-mingw32/bin/../lib/gcc/nios2-elf/5.3.0/../../../../../H-x86_64-mingw32/nios2-elf/lib\libc.a(lib_a-memcmp.o)
 .text.memcmp   0x000000000400b334       0x7c c:/intelfpga_lite/18.1/nios2eds/bin/gnu/h-x86_64-mingw32/bin/../lib/gcc/nios2-elf/5.3.0/../../../../../H-x86_64-mingw32/nios2-elf/lib\libc.a(lib_a-memcmp.o)
                0x000000000400b334                memcmp
 .text          0x000000000400b3b0        0x0 c:/intelfpga_lite/18.1/nios2eds/bin/gnu/h-x86_64-mingw32/bin/../lib/gcc/nios2-elf/5.3.0/../../../../../H-x86_64-mingw32/nios2-elf/lib\libc.a(lib_a-memcpy.o)
 .text.memcpy   0x000000000400b3b0      0x148 c:/intelfpga_lite/18.1/nios2eds/bin/gnu/h-x86_64-mingw32/bin/../lib/gcc/nios2-elf/5.3.0/../../../../../H-x86_64-mingw32/nios2-elf/lib\libc.a(lib_a-memcpy.o)
                0x000000000400b3b0                memcpy
 .text          0x000000000400b4f8        0x0 c:/intelfpga_lite/18.1/nios2eds/bin/gnu/h-x86_64-mingw32/bin/../lib/gcc/nios2-elf/5.3.0/../../../../../H-x86_64-mingw32/nios2-elf/lib\libc.a(lib_a-memset.o)
 .text.memset   0x000000000400b4f8      0x128 c:/intelfpga_lite/18.1/nios2eds/bin/gnu/h-x86_64-mingw32/bin/../lib/gcc/nios2-elf/5.3.0/../../../../../H-x86_64-mingw32/nios2-elf/lib\libc.a(lib_a-memset.o)
                0x000000000400b4f8                memset
 .text          0x000000000400b620        0x0 c:/intelfpga_lite/18.1/nios2eds/bin/gnu/h-x86_64-mingw32/bin/../lib/gcc/nios2-elf/5.3.0/../../../../../H-x86_64-mingw32/nios2-elf/lib\libc.a(lib_a-printf.o)
 .text._printf_r
                0x000000000400b620       0x30 c:/intelfpga_lite/18.1/nios2eds/bin/gnu/h-x86_64-mingw32/bin/../lib/gcc/nios2-elf/5.3.0/../../../../../H-x86_64-mingw32/nios2-elf/lib\libc.a(lib_a-printf.o)
                0x000000000400b620                _printf_r
 .text.printf   0x000000000400b650       0x3c c:/intelfpga_lite/18.1/nios2eds/bin/gnu/h-x86_64-mingw32/bin/../lib/gcc/nios2-elf/5.3.0/../../../../../H-x86_64-mingw32/nios2-elf/lib\libc.a(lib_a-printf.o)
                0x000000000400b650                printf
 .text          0x000000000400b68c        0x0 c:/intelfpga_lite/18.1/nios2eds/bin/gnu/h-x86_64-mingw32/bin/../lib/gcc/nios2-elf/5.3.0/../../../../../H-x86_64-mingw32/nios2-elf/lib\libc.a(lib_a-putchar.o)
 .text._putchar_r
                0x000000000400b68c        0x8 c:/intelfpga_lite/18.1/nios2eds/bin/gnu/h-x86_64-mingw32/bin/../lib/gcc/nios2-elf/5.3.0/../../../../../H-x86_64-mingw32/nios2-elf/lib\libc.a(lib_a-putchar.o)
                0x000000000400b68c                _putchar_r
 .text.putchar  0x000000000400b694       0x18 c:/intelfpga_lite/18.1/nios2eds/bin/gnu/h-x86_64-mingw32/bin/../lib/gcc/nios2-elf/5.3.0/../../../../../H-x86_64-mingw32/nios2-elf/lib\libc.a(lib_a-putchar.o)
                0x000000000400b694                putchar
 .text          0x000000000400b6ac        0x0 c:/intelfpga_lite/18.1/nios2eds/bin/gnu/h-x86_64-mingw32/bin/../lib/gcc/nios2-elf/5.3.0/../../../../../H-x86_64-mingw32/nios2-elf/lib\libc.a(lib_a-puts.o)
 .text._puts_r  0x000000000400b6ac       0xc0 c:/intelfpga_lite/18.1/nios2eds/bin/gnu/h-x86_64-mingw32/bin/../lib/gcc/nios2-elf/5.3.0/../../../../../H-x86_64-mingw32/nios2-elf/lib\libc.a(lib_a-puts.o)
                0x000000000400b6ac                _puts_r
 .text.puts     0x000000000400b76c       0x14 c:/intelfpga_lite/18.1/nios2eds/bin/gnu/h-x86_64-mingw32/bin/../lib/gcc/nios2-elf/5.3.0/../../../../../H-x86_64-mingw32/nios2-elf/lib\libc.a(lib_a-puts.o)
                0x000000000400b76c                puts
 .text          0x000000000400b780        0x0 c:/intelfpga_lite/18.1/nios2eds/bin/gnu/h-x86_64-mingw32/bin/../lib/gcc/nios2-elf/5.3.0/../../../../../H-x86_64-mingw32/nios2-elf/lib\libc.a(lib_a-sbrkr.o)
 .text._sbrk_r  0x000000000400b780       0x54 c:/intelfpga_lite/18.1/nios2eds/bin/gnu/h-x86_64-mingw32/bin/../lib/gcc/nios2-elf/5.3.0/../../../../../H-x86_64-mingw32/nios2-elf/lib\libc.a(lib_a-sbrkr.o)
                0x000000000400b780                _sbrk_r
 .text          0x000000000400b7d4        0x0 c:/intelfpga_lite/18.1/nios2eds/bin/gnu/h-x86_64-mingw32/bin/../lib/gcc/nios2-elf/5.3.0/../../../../../H-x86_64-mingw32/nios2-elf/lib\libc.a(lib_a-signal.o)
 .text._init_signal_r
                0x000000000400b7d4       0x6c c:/intelfpga_lite/18.1/nios2eds/bin/gnu/h-x86_64-mingw32/bin/../lib/gcc/nios2-elf/5.3.0/../../../../../H-x86_64-mingw32/nios2-elf/lib\libc.a(lib_a-signal.o)
                0x000000000400b7d4                _init_signal_r
 .text._signal_r
                0x000000000400b840       0x84 c:/intelfpga_lite/18.1/nios2eds/bin/gnu/h-x86_64-mingw32/bin/../lib/gcc/nios2-elf/5.3.0/../../../../../H-x86_64-mingw32/nios2-elf/lib\libc.a(lib_a-signal.o)
                0x000000000400b840                _signal_r
 .text._raise_r
                0x000000000400b8c4       0xbc c:/intelfpga_lite/18.1/nios2eds/bin/gnu/h-x86_64-mingw32/bin/../lib/gcc/nios2-elf/5.3.0/../../../../../H-x86_64-mingw32/nios2-elf/lib\libc.a(lib_a-signal.o)
                0x000000000400b8c4                _raise_r
 .text.__sigtramp_r
                0x000000000400b980       0xa8 c:/intelfpga_lite/18.1/nios2eds/bin/gnu/h-x86_64-mingw32/bin/../lib/gcc/nios2-elf/5.3.0/../../../../../H-x86_64-mingw32/nios2-elf/lib\libc.a(lib_a-signal.o)
                0x000000000400b980                __sigtramp_r
 .text.raise    0x000000000400ba28       0x14 c:/intelfpga_lite/18.1/nios2eds/bin/gnu/h-x86_64-mingw32/bin/../lib/gcc/nios2-elf/5.3.0/../../../../../H-x86_64-mingw32/nios2-elf/lib\libc.a(lib_a-signal.o)
                0x000000000400ba28                raise
 .text.signal   0x000000000400ba3c       0x18 c:/intelfpga_lite/18.1/nios2eds/bin/gnu/h-x86_64-mingw32/bin/../lib/gcc/nios2-elf/5.3.0/../../../../../H-x86_64-mingw32/nios2-elf/lib\libc.a(lib_a-signal.o)
                0x000000000400ba3c                signal
 .text._init_signal
                0x000000000400ba54       0x10 c:/intelfpga_lite/18.1/nios2eds/bin/gnu/h-x86_64-mingw32/bin/../lib/gcc/nios2-elf/5.3.0/../../../../../H-x86_64-mingw32/nios2-elf/lib\libc.a(lib_a-signal.o)
                0x000000000400ba54                _init_signal
 .text.__sigtramp
                0x000000000400ba64       0x14 c:/intelfpga_lite/18.1/nios2eds/bin/gnu/h-x86_64-mingw32/bin/../lib/gcc/nios2-elf/5.3.0/../../../../../H-x86_64-mingw32/nios2-elf/lib\libc.a(lib_a-signal.o)
                0x000000000400ba64                __sigtramp
 .text          0x000000000400ba78        0x0 c:/intelfpga_lite/18.1/nios2eds/bin/gnu/h-x86_64-mingw32/bin/../lib/gcc/nios2-elf/5.3.0/../../../../../H-x86_64-mingw32/nios2-elf/lib\libc.a(lib_a-signalr.o)
 .text._kill_r  0x000000000400ba78       0x5c c:/intelfpga_lite/18.1/nios2eds/bin/gnu/h-x86_64-mingw32/bin/../lib/gcc/nios2-elf/5.3.0/../../../../../H-x86_64-mingw32/nios2-elf/lib\libc.a(lib_a-signalr.o)
                0x000000000400ba78                _kill_r
 .text._getpid_r
                0x000000000400bad4        0x4 c:/intelfpga_lite/18.1/nios2eds/bin/gnu/h-x86_64-mingw32/bin/../lib/gcc/nios2-elf/5.3.0/../../../../../H-x86_64-mingw32/nios2-elf/lib\libc.a(lib_a-signalr.o)
                0x000000000400bad4                _getpid_r
 .text          0x000000000400bad8        0x0 c:/intelfpga_lite/18.1/nios2eds/bin/gnu/h-x86_64-mingw32/bin/../lib/gcc/nios2-elf/5.3.0/../../../../../H-x86_64-mingw32/nios2-elf/lib\libc.a(lib_a-strcmp.o)
 .text.strcmp   0x000000000400bad8       0xdc c:/intelfpga_lite/18.1/nios2eds/bin/gnu/h-x86_64-mingw32/bin/../lib/gcc/nios2-elf/5.3.0/../../../../../H-x86_64-mingw32/nios2-elf/lib\libc.a(lib_a-strcmp.o)
                0x000000000400bad8                strcmp
 .text          0x000000000400bbb4        0x0 c:/intelfpga_lite/18.1/nios2eds/bin/gnu/h-x86_64-mingw32/bin/../lib/gcc/nios2-elf/5.3.0/../../../../../H-x86_64-mingw32/nios2-elf/lib\libc.a(lib_a-strlen.o)
 .text.strlen   0x000000000400bbb4       0x98 c:/intelfpga_lite/18.1/nios2eds/bin/gnu/h-x86_64-mingw32/bin/../lib/gcc/nios2-elf/5.3.0/../../../../../H-x86_64-mingw32/nios2-elf/lib\libc.a(lib_a-strlen.o)
                0x000000000400bbb4                strlen
 .text          0x000000000400bc4c        0x0 c:/intelfpga_lite/18.1/nios2eds/bin/gnu/h-x86_64-mingw32/bin/../lib/gcc/nios2-elf/5.3.0/../../../../../H-x86_64-mingw32/nios2-elf/lib\libc.a(lib_a-timesr.o)
 .text._times_r
                0x000000000400bc4c        0x8 c:/intelfpga_lite/18.1/nios2eds/bin/gnu/h-x86_64-mingw32/bin/../lib/gcc/nios2-elf/5.3.0/../../../../../H-x86_64-mingw32/nios2-elf/lib\libc.a(lib_a-timesr.o)
                0x000000000400bc4c                _times_r
 .text          0x000000000400bc54        0x0 c:/intelfpga_lite/18.1/nios2eds/bin/gnu/h-x86_64-mingw32/bin/../lib/gcc/nios2-elf/5.3.0/../../../../../H-x86_64-mingw32/nios2-elf/lib\libc.a(lib_a-vfprintf.o)
 .text.___vfprintf_internal_r
                0x000000000400bc54     0x21f8 c:/intelfpga_lite/18.1/nios2eds/bin/gnu/h-x86_64-mingw32/bin/../lib/gcc/nios2-elf/5.3.0/../../../../../H-x86_64-mingw32/nios2-elf/lib\libc.a(lib_a-vfprintf.o)
                0x000000000400bc54                ___vfprintf_internal_r
 .text.__vfprintf_internal
                0x000000000400de4c       0x1c c:/intelfpga_lite/18.1/nios2eds/bin/gnu/h-x86_64-mingw32/bin/../lib/gcc/nios2-elf/5.3.0/../../../../../H-x86_64-mingw32/nios2-elf/lib\libc.a(lib_a-vfprintf.o)
                0x000000000400de4c                __vfprintf_internal
 .text.__sbprintf
                0x000000000400de68       0xbc c:/intelfpga_lite/18.1/nios2eds/bin/gnu/h-x86_64-mingw32/bin/../lib/gcc/nios2-elf/5.3.0/../../../../../H-x86_64-mingw32/nios2-elf/lib\libc.a(lib_a-vfprintf.o)
 .text          0x000000000400df24        0x0 c:/intelfpga_lite/18.1/nios2eds/bin/gnu/h-x86_64-mingw32/bin/../lib/gcc/nios2-elf/5.3.0/../../../../../H-x86_64-mingw32/nios2-elf/lib\libc.a(lib_a-wsetup.o)
 .text.__swsetup_r
                0x000000000400df24      0x154 c:/intelfpga_lite/18.1/nios2eds/bin/gnu/h-x86_64-mingw32/bin/../lib/gcc/nios2-elf/5.3.0/../../../../../H-x86_64-mingw32/nios2-elf/lib\libc.a(lib_a-wsetup.o)
                0x000000000400df24                __swsetup_r
 .text          0x000000000400e078        0x0 c:/intelfpga_lite/18.1/nios2eds/bin/gnu/h-x86_64-mingw32/bin/../lib/gcc/nios2-elf/5.3.0/../../../../../H-x86_64-mingw32/nios2-elf/lib\libc.a(lib_a-dtoa.o)
 .text.quorem   0x000000000400e078      0x200 c:/intelfpga_lite/18.1/nios2eds/bin/gnu/h-x86_64-mingw32/bin/../lib/gcc/nios2-elf/5.3.0/../../../../../H-x86_64-mingw32/nios2-elf/lib\libc.a(lib_a-dtoa.o)
 .text._dtoa_r  0x000000000400e278     0x1688 c:/intelfpga_lite/18.1/nios2eds/bin/gnu/h-x86_64-mingw32/bin/../lib/gcc/nios2-elf/5.3.0/../../../../../H-x86_64-mingw32/nios2-elf/lib\libc.a(lib_a-dtoa.o)
                0x000000000400e278                _dtoa_r
 .text          0x000000000400f900        0x0 c:/intelfpga_lite/18.1/nios2eds/bin/gnu/h-x86_64-mingw32/bin/../lib/gcc/nios2-elf/5.3.0/../../../../../H-x86_64-mingw32/nios2-elf/lib\libc.a(lib_a-fflush.o)
 .text.__sflush_r
                0x000000000400f900      0x21c c:/intelfpga_lite/18.1/nios2eds/bin/gnu/h-x86_64-mingw32/bin/../lib/gcc/nios2-elf/5.3.0/../../../../../H-x86_64-mingw32/nios2-elf/lib\libc.a(lib_a-fflush.o)
                0x000000000400f900                __sflush_r
 .text._fflush_r
                0x000000000400fb1c       0x5c c:/intelfpga_lite/18.1/nios2eds/bin/gnu/h-x86_64-mingw32/bin/../lib/gcc/nios2-elf/5.3.0/../../../../../H-x86_64-mingw32/nios2-elf/lib\libc.a(lib_a-fflush.o)
                0x000000000400fb1c                _fflush_r
 .text.fflush   0x000000000400fb78       0x30 c:/intelfpga_lite/18.1/nios2eds/bin/gnu/h-x86_64-mingw32/bin/../lib/gcc/nios2-elf/5.3.0/../../../../../H-x86_64-mingw32/nios2-elf/lib\libc.a(lib_a-fflush.o)
                0x000000000400fb78                fflush
 .text          0x000000000400fba8        0x0 c:/intelfpga_lite/18.1/nios2eds/bin/gnu/h-x86_64-mingw32/bin/../lib/gcc/nios2-elf/5.3.0/../../../../../H-x86_64-mingw32/nios2-elf/lib\libc.a(lib_a-findfp.o)
 .text.__fp_unlock
                0x000000000400fba8        0x8 c:/intelfpga_lite/18.1/nios2eds/bin/gnu/h-x86_64-mingw32/bin/../lib/gcc/nios2-elf/5.3.0/../../../../../H-x86_64-mingw32/nios2-elf/lib\libc.a(lib_a-findfp.o)
 .text._cleanup_r
                0x000000000400fbb0        0xc c:/intelfpga_lite/18.1/nios2eds/bin/gnu/h-x86_64-mingw32/bin/../lib/gcc/nios2-elf/5.3.0/../../../../../H-x86_64-mingw32/nios2-elf/lib\libc.a(lib_a-findfp.o)
                0x000000000400fbb0                _cleanup_r
 .text.__sinit.part.1
                0x000000000400fbbc      0x19c c:/intelfpga_lite/18.1/nios2eds/bin/gnu/h-x86_64-mingw32/bin/../lib/gcc/nios2-elf/5.3.0/../../../../../H-x86_64-mingw32/nios2-elf/lib\libc.a(lib_a-findfp.o)
 .text.__fp_lock
                0x000000000400fd58        0x8 c:/intelfpga_lite/18.1/nios2eds/bin/gnu/h-x86_64-mingw32/bin/../lib/gcc/nios2-elf/5.3.0/../../../../../H-x86_64-mingw32/nios2-elf/lib\libc.a(lib_a-findfp.o)
 .text.__sfmoreglue
                0x000000000400fd60       0x68 c:/intelfpga_lite/18.1/nios2eds/bin/gnu/h-x86_64-mingw32/bin/../lib/gcc/nios2-elf/5.3.0/../../../../../H-x86_64-mingw32/nios2-elf/lib\libc.a(lib_a-findfp.o)
                0x000000000400fd60                __sfmoreglue
 .text.__sfp    0x000000000400fdc8      0x118 c:/intelfpga_lite/18.1/nios2eds/bin/gnu/h-x86_64-mingw32/bin/../lib/gcc/nios2-elf/5.3.0/../../../../../H-x86_64-mingw32/nios2-elf/lib\libc.a(lib_a-findfp.o)
                0x000000000400fdc8                __sfp
 .text._cleanup
                0x000000000400fee0       0x18 c:/intelfpga_lite/18.1/nios2eds/bin/gnu/h-x86_64-mingw32/bin/../lib/gcc/nios2-elf/5.3.0/../../../../../H-x86_64-mingw32/nios2-elf/lib\libc.a(lib_a-findfp.o)
                0x000000000400fee0                _cleanup
 .text.__sinit  0x000000000400fef8       0x10 c:/intelfpga_lite/18.1/nios2eds/bin/gnu/h-x86_64-mingw32/bin/../lib/gcc/nios2-elf/5.3.0/../../../../../H-x86_64-mingw32/nios2-elf/lib\libc.a(lib_a-findfp.o)
                0x000000000400fef8                __sinit
 .text.__sfp_lock_acquire
                0x000000000400ff08        0x4 c:/intelfpga_lite/18.1/nios2eds/bin/gnu/h-x86_64-mingw32/bin/../lib/gcc/nios2-elf/5.3.0/../../../../../H-x86_64-mingw32/nios2-elf/lib\libc.a(lib_a-findfp.o)
                0x000000000400ff08                __sfp_lock_acquire
 .text.__sfp_lock_release
                0x000000000400ff0c        0x4 c:/intelfpga_lite/18.1/nios2eds/bin/gnu/h-x86_64-mingw32/bin/../lib/gcc/nios2-elf/5.3.0/../../../../../H-x86_64-mingw32/nios2-elf/lib\libc.a(lib_a-findfp.o)
                0x000000000400ff0c                __sfp_lock_release
 .text.__sinit_lock_acquire
                0x000000000400ff10        0x4 c:/intelfpga_lite/18.1/nios2eds/bin/gnu/h-x86_64-mingw32/bin/../lib/gcc/nios2-elf/5.3.0/../../../../../H-x86_64-mingw32/nios2-elf/lib\libc.a(lib_a-findfp.o)
                0x000000000400ff10                __sinit_lock_acquire
 .text.__sinit_lock_release
                0x000000000400ff14        0x4 c:/intelfpga_lite/18.1/nios2eds/bin/gnu/h-x86_64-mingw32/bin/../lib/gcc/nios2-elf/5.3.0/../../../../../H-x86_64-mingw32/nios2-elf/lib\libc.a(lib_a-findfp.o)
                0x000000000400ff14                __sinit_lock_release
 .text.__fp_lock_all
                0x000000000400ff18       0x18 c:/intelfpga_lite/18.1/nios2eds/bin/gnu/h-x86_64-mingw32/bin/../lib/gcc/nios2-elf/5.3.0/../../../../../H-x86_64-mingw32/nios2-elf/lib\libc.a(lib_a-findfp.o)
                0x000000000400ff18                __fp_lock_all
 .text.__fp_unlock_all
                0x000000000400ff30       0x18 c:/intelfpga_lite/18.1/nios2eds/bin/gnu/h-x86_64-mingw32/bin/../lib/gcc/nios2-elf/5.3.0/../../../../../H-x86_64-mingw32/nios2-elf/lib\libc.a(lib_a-findfp.o)
                0x000000000400ff30                __fp_unlock_all
 .text          0x000000000400ff48        0x0 c:/intelfpga_lite/18.1/nios2eds/bin/gnu/h-x86_64-mingw32/bin/../lib/gcc/nios2-elf/5.3.0/../../../../../H-x86_64-mingw32/nios2-elf/lib\libc.a(lib_a-freer.o)
 .text._malloc_trim_r
                0x000000000400ff48      0x124 c:/intelfpga_lite/18.1/nios2eds/bin/gnu/h-x86_64-mingw32/bin/../lib/gcc/nios2-elf/5.3.0/../../../../../H-x86_64-mingw32/nios2-elf/lib\libc.a(lib_a-freer.o)
                0x000000000400ff48                _malloc_trim_r
 .text._free_r  0x000000000401006c      0x310 c:/intelfpga_lite/18.1/nios2eds/bin/gnu/h-x86_64-mingw32/bin/../lib/gcc/nios2-elf/5.3.0/../../../../../H-x86_64-mingw32/nios2-elf/lib\libc.a(lib_a-freer.o)
                0x000000000401006c                _free_r
 .text          0x000000000401037c        0x0 c:/intelfpga_lite/18.1/nios2eds/bin/gnu/h-x86_64-mingw32/bin/../lib/gcc/nios2-elf/5.3.0/../../../../../H-x86_64-mingw32/nios2-elf/lib\libc.a(lib_a-fvwrite.o)
 .text.__sfvwrite_r
                0x000000000401037c      0x4bc c:/intelfpga_lite/18.1/nios2eds/bin/gnu/h-x86_64-mingw32/bin/../lib/gcc/nios2-elf/5.3.0/../../../../../H-x86_64-mingw32/nios2-elf/lib\libc.a(lib_a-fvwrite.o)
                0x000000000401037c                __sfvwrite_r
 .text          0x0000000004010838        0x0 c:/intelfpga_lite/18.1/nios2eds/bin/gnu/h-x86_64-mingw32/bin/../lib/gcc/nios2-elf/5.3.0/../../../../../H-x86_64-mingw32/nios2-elf/lib\libc.a(lib_a-fwalk.o)
 .text._fwalk   0x0000000004010838       0xc4 c:/intelfpga_lite/18.1/nios2eds/bin/gnu/h-x86_64-mingw32/bin/../lib/gcc/nios2-elf/5.3.0/../../../../../H-x86_64-mingw32/nios2-elf/lib\libc.a(lib_a-fwalk.o)
                0x0000000004010838                _fwalk
 .text._fwalk_reent
                0x00000000040108fc       0xc4 c:/intelfpga_lite/18.1/nios2eds/bin/gnu/h-x86_64-mingw32/bin/../lib/gcc/nios2-elf/5.3.0/../../../../../H-x86_64-mingw32/nios2-elf/lib\libc.a(lib_a-fwalk.o)
                0x00000000040108fc                _fwalk_reent
 .text          0x00000000040109c0        0x0 c:/intelfpga_lite/18.1/nios2eds/bin/gnu/h-x86_64-mingw32/bin/../lib/gcc/nios2-elf/5.3.0/../../../../../H-x86_64-mingw32/nios2-elf/lib\libc.a(lib_a-int_errno.o)
 .text          0x00000000040109c0        0x0 c:/intelfpga_lite/18.1/nios2eds/bin/gnu/h-x86_64-mingw32/bin/../lib/gcc/nios2-elf/5.3.0/../../../../../H-x86_64-mingw32/nios2-elf/lib\libc.a(lib_a-locale.o)
 .text._setlocale_r
                0x00000000040109c0       0x7c c:/intelfpga_lite/18.1/nios2eds/bin/gnu/h-x86_64-mingw32/bin/../lib/gcc/nios2-elf/5.3.0/../../../../../H-x86_64-mingw32/nios2-elf/lib\libc.a(lib_a-locale.o)
                0x00000000040109c0                _setlocale_r
 .text.__locale_charset
                0x0000000004010a3c        0xc c:/intelfpga_lite/18.1/nios2eds/bin/gnu/h-x86_64-mingw32/bin/../lib/gcc/nios2-elf/5.3.0/../../../../../H-x86_64-mingw32/nios2-elf/lib\libc.a(lib_a-locale.o)
                0x0000000004010a3c                __locale_charset
 .text.__locale_mb_cur_max
                0x0000000004010a48       0x10 c:/intelfpga_lite/18.1/nios2eds/bin/gnu/h-x86_64-mingw32/bin/../lib/gcc/nios2-elf/5.3.0/../../../../../H-x86_64-mingw32/nios2-elf/lib\libc.a(lib_a-locale.o)
                0x0000000004010a48                __locale_mb_cur_max
 .text.__locale_msgcharset
                0x0000000004010a58        0xc c:/intelfpga_lite/18.1/nios2eds/bin/gnu/h-x86_64-mingw32/bin/../lib/gcc/nios2-elf/5.3.0/../../../../../H-x86_64-mingw32/nios2-elf/lib\libc.a(lib_a-locale.o)
                0x0000000004010a58                __locale_msgcharset
 .text.__locale_cjk_lang
                0x0000000004010a64        0x8 c:/intelfpga_lite/18.1/nios2eds/bin/gnu/h-x86_64-mingw32/bin/../lib/gcc/nios2-elf/5.3.0/../../../../../H-x86_64-mingw32/nios2-elf/lib\libc.a(lib_a-locale.o)
                0x0000000004010a64                __locale_cjk_lang
 .text._localeconv_r
                0x0000000004010a6c        0xc c:/intelfpga_lite/18.1/nios2eds/bin/gnu/h-x86_64-mingw32/bin/../lib/gcc/nios2-elf/5.3.0/../../../../../H-x86_64-mingw32/nios2-elf/lib\libc.a(lib_a-locale.o)
                0x0000000004010a6c                _localeconv_r
 .text.setlocale
                0x0000000004010a78       0x18 c:/intelfpga_lite/18.1/nios2eds/bin/gnu/h-x86_64-mingw32/bin/../lib/gcc/nios2-elf/5.3.0/../../../../../H-x86_64-mingw32/nios2-elf/lib\libc.a(lib_a-locale.o)
                0x0000000004010a78                setlocale
 .text.localeconv
                0x0000000004010a90        0xc c:/intelfpga_lite/18.1/nios2eds/bin/gnu/h-x86_64-mingw32/bin/../lib/gcc/nios2-elf/5.3.0/../../../../../H-x86_64-mingw32/nios2-elf/lib\libc.a(lib_a-locale.o)
                0x0000000004010a90                localeconv
 .text          0x0000000004010a9c        0x0 c:/intelfpga_lite/18.1/nios2eds/bin/gnu/h-x86_64-mingw32/bin/../lib/gcc/nios2-elf/5.3.0/../../../../../H-x86_64-mingw32/nios2-elf/lib\libc.a(lib_a-makebuf.o)
 .text.__smakebuf_r
                0x0000000004010a9c      0x1bc c:/intelfpga_lite/18.1/nios2eds/bin/gnu/h-x86_64-mingw32/bin/../lib/gcc/nios2-elf/5.3.0/../../../../../H-x86_64-mingw32/nios2-elf/lib\libc.a(lib_a-makebuf.o)
                0x0000000004010a9c                __smakebuf_r
 .text          0x0000000004010c58        0x0 c:/intelfpga_lite/18.1/nios2eds/bin/gnu/h-x86_64-mingw32/bin/../lib/gcc/nios2-elf/5.3.0/../../../../../H-x86_64-mingw32/nios2-elf/lib\libc.a(lib_a-memchr.o)
 .text.memchr   0x0000000004010c58       0xe4 c:/intelfpga_lite/18.1/nios2eds/bin/gnu/h-x86_64-mingw32/bin/../lib/gcc/nios2-elf/5.3.0/../../../../../H-x86_64-mingw32/nios2-elf/lib\libc.a(lib_a-memchr.o)
                0x0000000004010c58                memchr
 .text          0x0000000004010d3c        0x0 c:/intelfpga_lite/18.1/nios2eds/bin/gnu/h-x86_64-mingw32/bin/../lib/gcc/nios2-elf/5.3.0/../../../../../H-x86_64-mingw32/nios2-elf/lib\libc.a(lib_a-memmove.o)
 .text.memmove  0x0000000004010d3c      0x15c c:/intelfpga_lite/18.1/nios2eds/bin/gnu/h-x86_64-mingw32/bin/../lib/gcc/nios2-elf/5.3.0/../../../../../H-x86_64-mingw32/nios2-elf/lib\libc.a(lib_a-memmove.o)
                0x0000000004010d3c                memmove
 .text          0x0000000004010e98        0x0 c:/intelfpga_lite/18.1/nios2eds/bin/gnu/h-x86_64-mingw32/bin/../lib/gcc/nios2-elf/5.3.0/../../../../../H-x86_64-mingw32/nios2-elf/lib\libc.a(lib_a-mprec.o)
 .text._Balloc  0x0000000004010e98       0xa8 c:/intelfpga_lite/18.1/nios2eds/bin/gnu/h-x86_64-mingw32/bin/../lib/gcc/nios2-elf/5.3.0/../../../../../H-x86_64-mingw32/nios2-elf/lib\libc.a(lib_a-mprec.o)
                0x0000000004010e98                _Balloc
 .text._Bfree   0x0000000004010f40       0x28 c:/intelfpga_lite/18.1/nios2eds/bin/gnu/h-x86_64-mingw32/bin/../lib/gcc/nios2-elf/5.3.0/../../../../../H-x86_64-mingw32/nios2-elf/lib\libc.a(lib_a-mprec.o)
                0x0000000004010f40                _Bfree
 .text.__multadd
                0x0000000004010f68      0x120 c:/intelfpga_lite/18.1/nios2eds/bin/gnu/h-x86_64-mingw32/bin/../lib/gcc/nios2-elf/5.3.0/../../../../../H-x86_64-mingw32/nios2-elf/lib\libc.a(lib_a-mprec.o)
                0x0000000004010f68                __multadd
 .text.__s2b    0x0000000004011088      0x104 c:/intelfpga_lite/18.1/nios2eds/bin/gnu/h-x86_64-mingw32/bin/../lib/gcc/nios2-elf/5.3.0/../../../../../H-x86_64-mingw32/nios2-elf/lib\libc.a(lib_a-mprec.o)
                0x0000000004011088                __s2b
 .text.__hi0bits
                0x000000000401118c       0x68 c:/intelfpga_lite/18.1/nios2eds/bin/gnu/h-x86_64-mingw32/bin/../lib/gcc/nios2-elf/5.3.0/../../../../../H-x86_64-mingw32/nios2-elf/lib\libc.a(lib_a-mprec.o)
                0x000000000401118c                __hi0bits
 .text.__lo0bits
                0x00000000040111f4       0xb0 c:/intelfpga_lite/18.1/nios2eds/bin/gnu/h-x86_64-mingw32/bin/../lib/gcc/nios2-elf/5.3.0/../../../../../H-x86_64-mingw32/nios2-elf/lib\libc.a(lib_a-mprec.o)
                0x00000000040111f4                __lo0bits
 .text.__i2b    0x00000000040112a4       0x3c c:/intelfpga_lite/18.1/nios2eds/bin/gnu/h-x86_64-mingw32/bin/../lib/gcc/nios2-elf/5.3.0/../../../../../H-x86_64-mingw32/nios2-elf/lib\libc.a(lib_a-mprec.o)
                0x00000000040112a4                __i2b
 .text.__multiply
                0x00000000040112e0      0x1f8 c:/intelfpga_lite/18.1/nios2eds/bin/gnu/h-x86_64-mingw32/bin/../lib/gcc/nios2-elf/5.3.0/../../../../../H-x86_64-mingw32/nios2-elf/lib\libc.a(lib_a-mprec.o)
                0x00000000040112e0                __multiply
 .text.__pow5mult
                0x00000000040114d8      0x140 c:/intelfpga_lite/18.1/nios2eds/bin/gnu/h-x86_64-mingw32/bin/../lib/gcc/nios2-elf/5.3.0/../../../../../H-x86_64-mingw32/nios2-elf/lib\libc.a(lib_a-mprec.o)
                0x00000000040114d8                __pow5mult
 .text.__lshift
                0x0000000004011618      0x148 c:/intelfpga_lite/18.1/nios2eds/bin/gnu/h-x86_64-mingw32/bin/../lib/gcc/nios2-elf/5.3.0/../../../../../H-x86_64-mingw32/nios2-elf/lib\libc.a(lib_a-mprec.o)
                0x0000000004011618                __lshift
 .text.__mcmp   0x0000000004011760       0x60 c:/intelfpga_lite/18.1/nios2eds/bin/gnu/h-x86_64-mingw32/bin/../lib/gcc/nios2-elf/5.3.0/../../../../../H-x86_64-mingw32/nios2-elf/lib\libc.a(lib_a-mprec.o)
                0x0000000004011760                __mcmp
 .text.__mdiff  0x00000000040117c0      0x1fc c:/intelfpga_lite/18.1/nios2eds/bin/gnu/h-x86_64-mingw32/bin/../lib/gcc/nios2-elf/5.3.0/../../../../../H-x86_64-mingw32/nios2-elf/lib\libc.a(lib_a-mprec.o)
                0x00000000040117c0                __mdiff
 .text.__ulp    0x00000000040119bc       0x64 c:/intelfpga_lite/18.1/nios2eds/bin/gnu/h-x86_64-mingw32/bin/../lib/gcc/nios2-elf/5.3.0/../../../../../H-x86_64-mingw32/nios2-elf/lib\libc.a(lib_a-mprec.o)
                0x00000000040119bc                __ulp
 .text.__b2d    0x0000000004011a20      0x10c c:/intelfpga_lite/18.1/nios2eds/bin/gnu/h-x86_64-mingw32/bin/../lib/gcc/nios2-elf/5.3.0/../../../../../H-x86_64-mingw32/nios2-elf/lib\libc.a(lib_a-mprec.o)
                0x0000000004011a20                __b2d
 .text.__d2b    0x0000000004011b2c      0x14c c:/intelfpga_lite/18.1/nios2eds/bin/gnu/h-x86_64-mingw32/bin/../lib/gcc/nios2-elf/5.3.0/../../../../../H-x86_64-mingw32/nios2-elf/lib\libc.a(lib_a-mprec.o)
                0x0000000004011b2c                __d2b