Archive member included to satisfy reference by file (symbol)

c:/intelfpga_lite/18.1/nios2eds/bin/gnu/h-x86_64-mingw32/bin/../lib/gcc/nios2-elf/5.3.0/../../../../../H-x86_64-mingw32/nios2-elf/lib\libstdc++.a(si_class_type_info.o)
                              obj/default/Ethernet/EthernetClient.o (vtable for __cxxabiv1::__si_class_type_info)
c:/intelfpga_lite/18.1/nios2eds/bin/gnu/h-x86_64-mingw32/bin/../lib/gcc/nios2-elf/5.3.0/../../../../../H-x86_64-mingw32/nios2-elf/lib\libstdc++.a(tinfo.o)
                              c:/intelfpga_lite/18.1/nios2eds/bin/gnu/h-x86_64-mingw32/bin/../lib/gcc/nios2-elf/5.3.0/../../../../../H-x86_64-mingw32/nios2-elf/lib\libstdc++.a(si_class_type_info.o) (std::type_info::__is_function_p() const)
c:/intelfpga_lite/18.1/nios2eds/bin/gnu/h-x86_64-mingw32/bin/../lib/gcc/nios2-elf/5.3.0/../../../../../H-x86_64-mingw32/nios2-elf/lib\libstdc++.a(eh_personality.o)
                              obj/default/Ethernet/Dhcp.o (__gxx_personality_sj0)
c:/intelfpga_lite/18.1/nios2eds/bin/gnu/h-x86_64-mingw32/bin/../lib/gcc/nios2-elf/5.3.0/../../../../../H-x86_64-mingw32/nios2-elf/lib\libstdc++.a(del_op.o)
                              obj/default/Ethernet/EthernetClient.o (operator delete(void*))
c:/intelfpga_lite/18.1/nios2eds/bin/gnu/h-x86_64-mingw32/bin/../lib/gcc/nios2-elf/5.3.0/../../../../../H-x86_64-mingw32/nios2-elf/lib\libstdc++.a(eh_throw.o)
                              c:/intelfpga_lite/18.1/nios2eds/bin/gnu/h-x86_64-mingw32/bin/../lib/gcc/nios2-elf/5.3.0/../../../../../H-x86_64-mingw32/nios2-elf/lib\libstdc++.a(eh_personality.o) (__cxa_throw)
c:/intelfpga_lite/18.1/nios2eds/bin/gnu/h-x86_64-mingw32/bin/../lib/gcc/nios2-elf/5.3.0/../../../../../H-x86_64-mingw32/nios2-elf/lib\libstdc++.a(pure.o)
                              obj/default/Ethernet/Ethernet.o (__cxa_pure_virtual)
c:/intelfpga_lite/18.1/nios2eds/bin/gnu/h-x86_64-mingw32/bin/../lib/gcc/nios2-elf/5.3.0/../../../../../H-x86_64-mingw32/nios2-elf/lib\libstdc++.a(guard.o)
                              obj/default/Ethernet/Ethernet.o (__cxa_guard_acquire)
c:/intelfpga_lite/18.1/nios2eds/bin/gnu/h-x86_64-mingw32/bin/../lib/gcc/nios2-elf/5.3.0/../../../../../H-x86_64-mingw32/nios2-elf/lib\libstdc++.a(eh_catch.o)
                              c:/intelfpga_lite/18.1/nios2eds/bin/gnu/h-x86_64-mingw32/bin/../lib/gcc/nios2-elf/5.3.0/../../../../../H-x86_64-mingw32/nios2-elf/lib\libstdc++.a(eh_personality.o) (__cxa_begin_catch)
c:/intelfpga_lite/18.1/nios2eds/bin/gnu/h-x86_64-mingw32/bin/../lib/gcc/nios2-elf/5.3.0/../../../../../H-x86_64-mingw32/nios2-elf/lib\libstdc++.a(class_type_info.o)
                              c:/intelfpga_lite/18.1/nios2eds/bin/gnu/h-x86_64-mingw32/bin/../lib/gcc/nios2-elf/5.3.0/../../../../../H-x86_64-mingw32/nios2-elf/lib\libstdc++.a(si_class_type_info.o) (__cxxabiv1::__class_type_info::__do_upcast(__cxxabiv1::__class_type_info const*, void**) const)
c:/intelfpga_lite/18.1/nios2eds/bin/gnu/h-x86_64-mingw32/bin/../lib/gcc/nios2-elf/5.3.0/../../../../../H-x86_64-mingw32/nios2-elf/lib\libstdc++.a(eh_terminate.o)
                              c:/intelfpga_lite/18.1/nios2eds/bin/gnu/h-x86_64-mingw32/bin/../lib/gcc/nios2-elf/5.3.0/../../../../../H-x86_64-mingw32/nios2-elf/lib\libstdc++.a(eh_personality.o) (__cxxabiv1::__terminate(void (*)()))
c:/intelfpga_lite/18.1/nios2eds/bin/gnu/h-x86_64-mingw32/bin/../lib/gcc/nios2-elf/5.3.0/../../../../../H-x86_64-mingw32/nios2-elf/lib\libstdc++.a(eh_unex_handler.o)
                              c:/intelfpga_lite/18.1/nios2eds/bin/gnu/h-x86_64-mingw32/bin/../lib/gcc/nios2-elf/5.3.0/../../../../../H-x86_64-mingw32/nios2-elf/lib\libstdc++.a(eh_terminate.o) (__cxxabiv1::__unexpected_handler)
c:/intelfpga_lite/18.1/nios2eds/bin/gnu/h-x86_64-mingw32/bin/../lib/gcc/nios2-elf/5.3.0/../../../../../H-x86_64-mingw32/nios2-elf/lib\libstdc++.a(eh_alloc.o)
                              c:/intelfpga_lite/18.1/nios2eds/bin/gnu/h-x86_64-mingw32/bin/../lib/gcc/nios2-elf/5.3.0/../../../../../H-x86_64-mingw32/nios2-elf/lib\libstdc++.a(eh_personality.o) (__cxa_allocate_exception)
c:/intelfpga_lite/18.1/nios2eds/bin/gnu/h-x86_64-mingw32/bin/../lib/gcc/nios2-elf/5.3.0/../../../../../H-x86_64-mingw32/nios2-elf/lib\libstdc++.a(eh_call.o)
                              c:/intelfpga_lite/18.1/nios2eds/bin/gnu/h-x86_64-mingw32/bin/../lib/gcc/nios2-elf/5.3.0/../../../../../H-x86_64-mingw32/nios2-elf/lib\libstdc++.a(eh_personality.o) (__cxa_call_terminate)
c:/intelfpga_lite/18.1/nios2eds/bin/gnu/h-x86_64-mingw32/bin/../lib/gcc/nios2-elf/5.3.0/../../../../../H-x86_64-mingw32/nios2-elf/lib\libstdc++.a(eh_globals.o)
                              c:/intelfpga_lite/18.1/nios2eds/bin/gnu/h-x86_64-mingw32/bin/../lib/gcc/nios2-elf/5.3.0/../../../../../H-x86_64-mingw32/nios2-elf/lib\libstdc++.a(eh_personality.o) (__cxa_get_globals_fast)
c:/intelfpga_lite/18.1/nios2eds/bin/gnu/h-x86_64-mingw32/bin/../lib/gcc/nios2-elf/5.3.0/../../../../../H-x86_64-mingw32/nios2-elf/lib\libstdc++.a(eh_exception.o)
[...]
Memory Configuration

Name             Origin             Length             Attributes
reset            0x0000000004000000 0x0000000000000020
sdram            0x0000000004000020 0x0000000003ffffe0
*default*        0x0000000000000000 0xffffffffffffffff

Linker script and memory map

LOAD ../final_project_bsp//obj/HAL/src/crt0.o
LOAD obj/default/fonts.o
LOAD obj/default/pixel_vga.o
LOAD obj/default/Ethernet/Dhcp.o
LOAD obj/default/Ethernet/Dns.o
LOAD obj/default/Ethernet/Ethernet.o
LOAD obj/default/Ethernet/EthernetClient.o
LOAD obj/default/Ethernet/EthernetServer.o
LOAD obj/default/Ethernet/EthernetUdp.o
LOAD obj/default/Ethernet/socket.o
LOAD obj/default/Ethernet/utility/IPAddress.o
LOAD obj/default/Ethernet/utility/SPI.o
LOAD obj/default/Ethernet/utility/w5100.o
LOAD obj/default/main.o
LOAD c:/intelfpga_lite/18.1/nios2eds/bin/gnu/h-x86_64-mingw32/bin/../lib/gcc/nios2-elf/5.3.0/../../../../../H-x86_64-mingw32/nios2-elf/lib\libstdc++.a
LOAD c:/intelfpga_lite/18.1/nios2eds/bin/gnu/h-x86_64-mingw32/bin/../lib/gcc/nios2-elf/5.3.0/../../../../../H-x86_64-mingw32/nios2-elf/lib\libm.a
LOAD c:/intelfpga_lite/18.1/nios2eds/bin/gnu/h-x86_64-mingw32/bin/../lib/gcc/nios2-elf/5.3.0\libgcc.a
START GROUP
LOAD c:/intelfpga_lite/18.1/nios2eds/bin/gnu/h-x86_64-mingw32/bin/../lib/gcc/nios2-elf/5.3.0/../../../../../H-x86_64-mingw32/nios2-elf/lib\libc.a
LOAD c:/intelfpga_lite/18.1/nios2eds/bin/gnu/h-x86_64-mingw32/bin/../lib/gcc/nios2-elf/5.3.0\libgcc.a
LOAD ../final_project_bsp/\libhal_bsp.a
LOAD c:/intelfpga_lite/18.1/nios2eds/bin/gnu/h-x86_64-mingw32/bin/../lib/gcc/nios2-elf/5.3.0/../../../../../H-x86_64-mingw32/nios2-elf/lib\libm.a
END GROUP
LOAD c:/intelfpga_lite/18.1/nios2eds/bin/gnu/h-x86_64-mingw32/bin/../lib/gcc/nios2-elf/5.3.0\libgcc.a
                0x0000000004000000                __alt_mem_sdram = 0x4000000

.entry          0x0000000004000000       0x20
 *(.entry)
 .entry         0x0000000004000000       0x20 ../final_project_bsp//obj/HAL/src/crt0.o
                0x0000000004000000                __reset

.exceptions     0x0000000004000020      0x224
                0x0000000004000020                PROVIDE (__ram_exceptions_start, ABSOLUTE (.))
                0x0000000004000020                . = ALIGN (0x20)
 *(.irq)
 *(.exceptions.entry.label)
 .exceptions.entry.label
                0x0000000004000020        0x0 ../final_project_bsp/\libhal_bsp.a(alt_irq_entry.o)
                0x0000000004000020                alt_irq_entry
 .exceptions.entry.label
                0x0000000004000020        0x0 ../final_project_bsp/\libhal_bsp.a(alt_exception_entry.o)
                0x0000000004000020                alt_exception
 *(.exceptions.entry.user)
 *(.exceptions.entry.ecc_fatal)
 *(.exceptions.entry)
 .exceptions.entry
                0x0000000004000020       0x54 ../final_project_bsp/\libhal_bsp.a(alt_exception_entry.o)
 *(.exceptions.irqtest.user)
 *(.exceptions.irqtest)
 .exceptions.irqtest
                0x0000000004000074       0x10 ../final_project_bsp/\libhal_bsp.a(alt_irq_entry.o)
 *(.exceptions.irqhandler.user)
 *(.exceptions.irqhandler)
 .exceptions.irqhandler
                0x0000000004000084        0x4 ../final_project_bsp/\libhal_bsp.a(alt_irq_entry.o)
 *(.exceptions.irqreturn.user)
 *(.exceptions.irqreturn)
 .exceptions.irqreturn
                0x0000000004000088        0x4 ../final_project_bsp/\libhal_bsp.a(alt_irq_entry.o)
 *(.exceptions.notirq.label)
 .exceptions.notirq.label
                0x000000000400008c        0x0 ../final_project_bsp/\libhal_bsp.a(alt_irq_entry.o)
 *(.exceptions.notirq.user)
 *(.exceptions.notirq)
 .exceptions.notirq
                0x000000000400008c        0x8 ../final_project_bsp/\libhal_bsp.a(alt_exception_entry.o)
 *(.exceptions.soft.user)
 *(.exceptions.soft)
 *(.exceptions.unknown.user)
 *(.exceptions.unknown)
 .exceptions.unknown
                0x0000000004000094       0x14 ../final_project_bsp/\libhal_bsp.a(alt_exception_entry.o)
 *(.exceptions.exit.label)
 .exceptions.exit.label
                0x00000000040000a8        0x0 ../final_project_bsp/\libhal_bsp.a(alt_irq_entry.o)
 .exceptions.exit.label
                0x00000000040000a8        0x0 ../final_project_bsp/\libhal_bsp.a(alt_exception_entry.o)
 *(.exceptions.exit.user)
 *(.exceptions.exit)
 .exceptions.exit
                0x00000000040000a8       0x54 ../final_project_bsp/\libhal_bsp.a(alt_exception_entry.o)
 *(.exceptions)
 .exceptions    0x00000000040000fc       0xd4 ../final_project_bsp/\libhal_bsp.a(alt_irq_handler.o)
                0x00000000040000fc                alt_irq_handler
 .exceptions    0x00000000040001d0       0x74 ../final_project_bsp/\libhal_bsp.a(alt_instruction_exception_entry.o)
                0x00000000040001d0                alt_instruction_exception_entry
                0x0000000004000244                PROVIDE (__ram_exceptions_end, ABSOLUTE (.))
                0x0000000004000020                PROVIDE (__flash_exceptions_start, LOADADDR (.exceptions))

.text           0x0000000004000244    0x1a22c
                [!provide]                        PROVIDE (stext, ABSOLUTE (.))
 *(.interp)
 *(.hash)
 *(.dynsym)
 *(.dynstr)
 *(.gnu.version)
 *(.gnu.version_d)
 *(.gnu.version_r)
 *(.rel.init)
 *(.rela.init)
 *(.rel.text .rel.text.* .rel.gnu.linkonce.t.*)
 *(.rela.text .rela.text.* .rela.gnu.linkonce.t.*)
 *(.rel.fini)
 *(.rela.fini)
 *(.rel.rodata .rel.rodata.* .rel.gnu.linkonce.r.*)
 *(.rela.rodata .rela.rodata.* .rela.gnu.linkonce.r.*)
 *(.rel.data .rel.data.* .rel.gnu.linkonce.d.*)
 *(.rela.data .rela.data.* .rela.gnu.linkonce.d.*)
 *(.rel.tdata .rel.tdata.* .rel.gnu.linkonce.td.*)
 *(.rela.tdata .rela.tdata.* .rela.gnu.linkonce.td.*)
 *(.rel.tbss .rel.tbss.* .rel.gnu.linkonce.tb.*)
 *(.rela.tbss .rela.tbss.* .rela.gnu.linkonce.tb.*)
 *(.rel.ctors)
 *(.rela.ctors)
 *(.rel.dtors)
 *(.rela.dtors)
 *(.rel.got)
 *(.rela.got)
 *(.rel.sdata .rel.sdata.* .rel.gnu.linkonce.s.*)
 *(.rela.sdata .rela.sdata.* .rela.gnu.linkonce.s.*)
 *(.rel.sbss .rel.sbss.* .rel.gnu.linkonce.sb.*)
 *(.rela.sbss .rela.sbss.* .rela.gnu.linkonce.sb.*)
 *(.rel.sdata2 .rel.sdata2.* .rel.gnu.linkonce.s2.*)
 *(.rela.sdata2 .rela.sdata2.* .rela.gnu.linkonce.s2.*)
 *(.rel.sbss2 .rel.sbss2.* .rel.gnu.linkonce.sb2.*)
 *(.rela.sbss2 .rela.sbss2.* .rela.gnu.linkonce.sb2.*)
 *(.rel.bss .rel.bss.* .rel.gnu.linkonce.b.*)
 *(.rela.bss .rela.bss.* .rela.gnu.linkonce.b.*)
 *(.rel.plt)
 *(.rela.plt)
 *(.rel.dyn)
 *(.init)
 *(.plt)
 *(.text .stub .text.* .gnu.linkonce.t.*)
 .text          0x0000000004000244       0x4c ../final_project_bsp//obj/HAL/src/crt0.o
                0x0000000004000244                _start
 .text          0x0000000004000290        0x0 obj/default/fonts.o
 .text          0x0000000004000290      0x2c8 obj/default/pixel_vga.o
                0x0000000004000290                set_color_palette
                0x000000000400033c                init_color_palette
                0x0000000004000408                draw_rectangle
 .text          0x0000000004000558     0x14c8 obj/default/Ethernet/Dhcp.o
                0x0000000004000558                DhcpClass::beginWithDHCP(unsigned char*, unsigned long, unsigned long)
                0x0000000004000604                DhcpClass::reset_DHCP_lease()
                0x0000000004000648                DhcpClass::request_DHCP_lease()
                0x00000000040009d0                DhcpClass::presend_DHCP()
                0x00000000040009f4                DhcpClass::send_DHCP_MESSAGE(unsigned char, unsigned short)
                0x0000000004000e44                DhcpClass::parseDHCPResponse(unsigned long, unsigned long&)
                0x0000000004001614                DhcpClass::checkLease()
                0x00000000040017a0                DhcpClass::getLocalIp()
                0x00000000040017e0                DhcpClass::getSubnetMask()
                0x0000000004001820                DhcpClass::getGatewayIp()
                0x0000000004001860                DhcpClass::getDhcpServerIp()
                0x00000000040018a0                DhcpClass::getDnsServerIp()
                0x00000000040018e0                DhcpClass::printByte(char*, unsigned char)
 .text._ZNK9IPAddresseqERKS_
                0x0000000004001a20       0x38 obj/default/Ethernet/Dhcp.o
                0x0000000004001a20                IPAddress::operator==(IPAddress const&) const
 .text._ZN11EthernetUDP8remoteIPEv
                0x0000000004001a58       0x28 obj/default/Ethernet/Dhcp.o
                0x0000000004001a58                EthernetUDP::remoteIP()
 .text._ZN11EthernetUDP10remotePortEv
                0x0000000004001a80       0x28 obj/default/Ethernet/Dhcp.o
                0x0000000004001a80                EthernetUDP::remotePort()
 .text          0x0000000004001aa8      0xad0 obj/default/Ethernet/Dns.o
                0x0000000004001aa8                DNSClient::begin(IPAddress const&)
                0x0000000004001ae8                DNSClient::inet_aton(char const*, IPAddress&)
                0x0000000004001c18                DNSClient::getHostByName(char const*, IPAddress&, unsigned short)
                0x0000000004001da8                DNSClient::BuildRequest(char const*)
                0x0000000004001ff0                DNSClient::ProcessResponse(unsigned short, IPAddress&)
 .text._ZN9IPAddress11raw_addressEv
                0x0000000004002578       0x24 obj/default/Ethernet/Dns.o
                0x0000000004002578                IPAddress::raw_address()
 .text._ZNK9IPAddresscvmEv
                0x000000000400259c       0x28 obj/default/Ethernet/Dns.o
                0x000000000400259c                IPAddress::operator unsigned long() const
 .text._ZN9IPAddressixEi
                0x00000000040025c4       0x30 obj/default/Ethernet/Dns.o
                0x00000000040025c4                IPAddress::operator[](int)
 .text          0x00000000040025f4      0x9b8 obj/default/Ethernet/Ethernet.o
                0x00000000040025f4                EthernetClass::begin(unsigned char*, unsigned long, unsigned long)
                0x0000000004002880                EthernetClass::begin(unsigned char*, IPAddress)
                0x00000000040028e0                EthernetClass::begin(unsigned char*, IPAddress, IPAddress)
                0x0000000004002948                EthernetClass::begin(unsigned char*, IPAddress, IPAddress, IPAddress)
                0x00000000040029b4                EthernetClass::begin(unsigned char*, IPAddress, IPAddress, IPAddress, IPAddress)
                0x0000000004002a68                EthernetClass::init(unsigned char)
                0x0000000004002aa4                EthernetClass::linkStatus()
                0x0000000004002afc                EthernetClass::hardwareStatus()
                0x0000000004002b5c                EthernetClass::maintain()
                0x0000000004002c4c                EthernetClass::MACAddress(unsigned char*)
                0x0000000004002c84                EthernetClass::localIP()
                0x0000000004002cc8                EthernetClass::subnetMask()
                0x0000000004002d0c                EthernetClass::gatewayIP()
                0x0000000004002d50                EthernetClass::setMACAddress(unsigned char const*)
                0x0000000004002d8c                EthernetClass::setLocalIP(IPAddress)
                0x0000000004002dd8                EthernetClass::setSubnetMask(IPAddress)
                0x0000000004002e24                EthernetClass::setGatewayIP(IPAddress)
                0x0000000004002e70                EthernetClass::setRetransmissionTimeout(unsigned short)
                0x0000000004002ed0                EthernetClass::setRetransmissionCount(unsigned char)
 .text._ZN3UDP14beginMulticastE9IPAddresst
                0x0000000004002fac       0x30 obj/default/Ethernet/Ethernet.o
                0x0000000004002fac                UDP::beginMulticast(IPAddress, unsigned short)
 .text._ZN3UDPC2Ev
                0x0000000004002fdc       0x34 obj/default/Ethernet/Ethernet.o
                0x0000000004002fdc                UDP::UDP()
                0x0000000004002fdc                UDP::UDP()
 .text._ZN11EthernetUDPC2Ev
                0x0000000004003010       0x64 obj/default/Ethernet/Ethernet.o
                0x0000000004003010                EthernetUDP::EthernetUDP()
                0x0000000004003010                EthernetUDP::EthernetUDP()
 .text._ZN10W5100Class12setGatewayIpEPKh
                0x0000000004003074       0x38 obj/default/Ethernet/Ethernet.o
                0x0000000004003074                W5100Class::setGatewayIp(unsigned char const*)
 .text._ZN10W5100Class12getGatewayIpEPh
                0x00000000040030ac       0x38 obj/default/Ethernet/Ethernet.o
                0x00000000040030ac                W5100Class::getGatewayIp(unsigned char*)
 .text._ZN10W5100Class13setSubnetMaskEPKh
                0x00000000040030e4       0x38 obj/default/Ethernet/Ethernet.o
                0x00000000040030e4                W5100Class::setSubnetMask(unsigned char const*)
 .text._ZN10W5100Class13getSubnetMaskEPh
                0x000000000400311c       0x38 obj/default/Ethernet/Ethernet.o
                0x000000000400311c                W5100Class::getSubnetMask(unsigned char*)
 .text._ZN10W5100Class13setMACAddressEPKh
                0x0000000004003154       0x38 obj/default/Ethernet/Ethernet.o
                0x0000000004003154                W5100Class::setMACAddress(unsigned char const*)
 .text._ZN10W5100Class13getMACAddressEPh
                0x000000000400318c       0x38 obj/default/Ethernet/Ethernet.o
                0x000000000400318c                W5100Class::getMACAddress(unsigned char*)
 .text._ZN10W5100Class12setIPAddressEPKh
                0x00000000040031c4       0x38 obj/default/Ethernet/Ethernet.o
                0x00000000040031c4                W5100Class::setIPAddress(unsigned char const*)
 .text._ZN10W5100Class12getIPAddressEPh
                0x00000000040031fc       0x38 obj/default/Ethernet/Ethernet.o
                0x00000000040031fc                W5100Class::getIPAddress(unsigned char*)
 .text._ZN10W5100Class21setRetransmissionTimeEt
                0x0000000004003234       0x40 obj/default/Ethernet/Ethernet.o
                0x0000000004003234                W5100Class::setRetransmissionTime(unsigned short)
 .text._ZN10W5100Class22setRetransmissionCountEh
                0x0000000004003274       0x40 obj/default/Ethernet/Ethernet.o
                0x0000000004003274                W5100Class::setRetransmissionCount(unsigned char)
 .text._ZN10W5100Class5writeEth
                0x00000000040032b4       0x4c obj/default/Ethernet/Ethernet.o
                0x00000000040032b4                W5100Class::write(unsigned short, unsigned char)
 .text._ZN10W5100Class8writeGAREPKh
                0x0000000004003300       0x38 obj/default/Ethernet/Ethernet.o
                0x0000000004003300                W5100Class::writeGAR(unsigned char const*)
 .text._ZN10W5100Class7readGAREPh
                0x0000000004003338       0x38 obj/default/Ethernet/Ethernet.o
                0x0000000004003338                W5100Class::readGAR(unsigned char*)
 .text._ZN10W5100Class9writeSUBREPKh
                0x0000000004003370       0x38 obj/default/Ethernet/Ethernet.o
                0x0000000004003370                W5100Class::writeSUBR(unsigned char const*)
 .text._ZN10W5100Class8readSUBREPh
                0x00000000040033a8       0x38 obj/default/Ethernet/Ethernet.o
                0x00000000040033a8                W5100Class::readSUBR(unsigned char*)
 .text._ZN10W5100Class9writeSHAREPKh
                0x00000000040033e0       0x38 obj/default/Ethernet/Ethernet.o
                0x00000000040033e0                W5100Class::writeSHAR(unsigned char const*)
 .text._ZN10W5100Class8readSHAREPh
                0x0000000004003418       0x38 obj/default/Ethernet/Ethernet.o
                0x0000000004003418                W5100Class::readSHAR(unsigned char*)
 .text._ZN10W5100Class9writeSIPREPKh
                0x0000000004003450       0x38 obj/default/Ethernet/Ethernet.o
                0x0000000004003450                W5100Class::writeSIPR(unsigned char const*)
 .text._ZN10W5100Class8readSIPREPh
                0x0000000004003488       0x38 obj/default/Ethernet/Ethernet.o
                0x0000000004003488                W5100Class::readSIPR(unsigned char*)
 .text._ZN10W5100Class8writeRTREt
                0x00000000040034c0       0x54 obj/default/Ethernet/Ethernet.o
                0x00000000040034c0                W5100Class::writeRTR(unsigned short)
 .text._ZN10W5100Class8writeRCREh
                0x0000000004003514       0x40 obj/default/Ethernet/Ethernet.o
                0x0000000004003514                W5100Class::writeRCR(unsigned char)
 .text._ZN10W5100Class7getChipEv
                0x0000000004003554       0x20 obj/default/Ethernet/Ethernet.o
                0x0000000004003554                W5100Class::getChip()
 .text._ZN10W5100Class5setSSEh
                0x0000000004003574       0x30 obj/default/Ethernet/Ethernet.o
                0x0000000004003574                W5100Class::setSS(unsigned char)
 .text._ZN9DhcpClassC2Ev
                0x00000000040035a4       0x3c obj/default/Ethernet/Ethernet.o
                0x00000000040035a4                DhcpClass::DhcpClass()
                0x00000000040035a4                DhcpClass::DhcpClass()
 .text          0x00000000040035e0      0xc08 obj/default/Ethernet/EthernetClient.o
                0x00000000040035e0                EthernetClient::connect(char const*, unsigned short)
                0x00000000040036ec                EthernetClient::connect(IPAddress, unsigned short)
                0x0000000004003a08                EthernetClient::availableForWrite()
                0x0000000004003a64                EthernetClient::write(unsigned char)
                0x0000000004003ab8                EthernetClient::write(unsigned char const*, unsigned int)
                0x0000000004003b44                EthernetClient::available()
                0x0000000004003ba0                EthernetClient::read(unsigned char*, unsigned int)
                0x0000000004003c18                EthernetClient::peek()
                0x0000000004003ca0                EthernetClient::read()
                0x0000000004003d00                EthernetClient::flush()
                0x0000000004003da0                EthernetClient::stop()
                0x0000000004003e88                EthernetClient::connected()
                0x0000000004003f38                EthernetClient::status()
                0x0000000004003f90                EthernetClient::operator==(EthernetClient const&)
                0x0000000004004014                EthernetClient::localPort()
                0x0000000004004074                EthernetClient::remoteIP()
                0x00000000040040f8                EthernetClient::remotePort()
 .text._ZN6Client12rawIPAddressER9IPAddress
                0x00000000040041e8       0x34 obj/default/Ethernet/EthernetClient.o
                0x00000000040041e8                Client::rawIPAddress(IPAddress&)
 .text._ZN13EthernetClass11dnsServerIPEv
                0x000000000400421c       0x20 obj/default/Ethernet/EthernetClient.o
                0x000000000400421c                EthernetClass::dnsServerIP()
 .text._ZN14EthernetClientD2Ev
                0x000000000400423c       0x48 obj/default/Ethernet/EthernetClient.o
                0x000000000400423c                EthernetClient::~EthernetClient()
                0x000000000400423c                EthernetClient::~EthernetClient()
 .text._ZN14EthernetClientD0Ev
                0x0000000004004284       0x38 obj/default/Ethernet/EthernetClient.o
                0x0000000004004284                EthernetClient::~EthernetClient()
 .text._ZN14EthernetClientcvbEv
                0x00000000040042bc       0x30 obj/default/Ethernet/EthernetClient.o
                0x00000000040042bc                EthernetClient::operator bool()
 .text._ZN14EthernetClienteqEb
                0x00000000040042ec       0x30 obj/default/Ethernet/EthernetClient.o
                0x00000000040042ec                EthernetClient::operator==(bool)
 .text._ZN14EthernetClientneEb
                0x000000000400431c       0x2c obj/default/Ethernet/EthernetClient.o
                0x000000000400431c                EthernetClient::operator!=(bool)
 .text._ZN14EthernetClientneERKS_
                0x0000000004004348       0x4c obj/default/Ethernet/EthernetClient.o
                0x0000000004004348                EthernetClient::operator!=(EthernetClient const&)
 .text._ZN14EthernetClient20setConnectionTimeoutEt
                0x0000000004004394       0x38 obj/default/Ethernet/EthernetClient.o
                0x0000000004004394                EthernetClient::setConnectionTimeout(unsigned short)
 .text._ZN10W5100Class7CH_BASEEv
                0x00000000040043cc       0x28 obj/default/Ethernet/EthernetClient.o
                0x00000000040043cc                W5100Class::CH_BASE()
 .text._ZN10W5100Class6readSnEhtPht
                0x00000000040043f4       0x74 obj/default/Ethernet/EthernetClient.o
                0x00000000040043f4                W5100Class::readSn(unsigned char, unsigned short, unsigned char*, unsigned short)
 .text._ZN10W5100Class10readSnPORTEh
                0x0000000004004468       0x60 obj/default/Ethernet/EthernetClient.o
                0x0000000004004468                W5100Class::readSnPORT(unsigned char)
 .text._ZN10W5100Class10readSnDIPREhPh
                0x00000000040044c8       0x48 obj/default/Ethernet/EthernetClient.o
                0x00000000040044c8                W5100Class::readSnDIPR(unsigned char, unsigned char*)
 .text._ZN10W5100Class11readSnDPORTEh
                0x0000000004004510       0x60 obj/default/Ethernet/EthernetClient.o
                0x0000000004004510                W5100Class::readSnDPORT(unsigned char)
 .text._ZN9DNSClientC2Ev
                0x0000000004004570       0x48 obj/default/Ethernet/EthernetClient.o
                0x0000000004004570                DNSClient::DNSClient()
                0x0000000004004570                DNSClient::DNSClient()
 .text          0x00000000040045b8      0x678 obj/default/Ethernet/EthernetServer.o
                0x00000000040045b8                EthernetServer::begin()
                0x0000000004004658                EthernetServer::available()
                0x00000000040047fc                EthernetServer::accept()
                0x0000000004004984                EthernetServer::operator bool()
                0x0000000004004a44                EthernetServer::write(unsigned char)
                0x0000000004004a98                EthernetServer::write(unsigned char const*, unsigned int)
 .text._ZN6ClientC2Ev
                0x0000000004004c30       0x34 obj/default/Ethernet/EthernetServer.o
                0x0000000004004c30                Client::Client()
                0x0000000004004c30                Client::Client()
 .text._ZN14EthernetClientC2Eh
                0x0000000004004c64       0x68 obj/default/Ethernet/EthernetServer.o
                0x0000000004004c64                EthernetClient::EthernetClient(unsigned char)
                0x0000000004004c64                EthernetClient::EthernetClient(unsigned char)
 .text          0x0000000004004ccc      0x7f0 obj/default/Ethernet/EthernetUdp.o
                0x0000000004004ccc                EthernetUDP::begin(unsigned short)
                0x0000000004004d74                EthernetUDP::available()
                0x0000000004004da0                EthernetUDP::stop()
                0x0000000004004e00                EthernetUDP::beginPacket(char const*, unsigned short)
                0x0000000004004ec4                EthernetUDP::beginPacket(IPAddress, unsigned short)
                0x0000000004004f44                EthernetUDP::endPacket()
                0x0000000004004f84                EthernetUDP::write(unsigned char)
                0x0000000004004fb0                EthernetUDP::write(unsigned char const*, unsigned int)
                0x0000000004005038                EthernetUDP::parsePacket()
                0x000000000400516c                EthernetUDP::read()
                0x0000000004005200                EthernetUDP::read(unsigned char*, unsigned int)
                0x00000000040052ec                EthernetUDP::peek()
                0x0000000004005358                EthernetUDP::flush()
                0x000000000400537c                EthernetUDP::beginMulticast(IPAddress, unsigned short)
 .text._ZN3UDP12rawIPAddressER9IPAddress
                0x00000000040054bc       0x34 obj/default/Ethernet/EthernetUdp.o
                0x00000000040054bc                UDP::rawIPAddress(IPAddress&)
 .text._ZN11EthernetUDP4readEPcj
                0x00000000040054f0       0x50 obj/default/Ethernet/EthernetUdp.o
                0x00000000040054f0                EthernetUDP::read(char*, unsigned int)
 .text._ZN11EthernetUDP9localPortEv
                0x0000000004005540       0x28 obj/default/Ethernet/EthernetUdp.o
                0x0000000004005540                EthernetUDP::localPort()
 .text          0x0000000004005568     0x1340 obj/default/Ethernet/socket.o
                0x0000000004005568                EthernetClass::socketPortRand(unsigned short)
                0x00000000040055ac                EthernetClass::socketBegin(unsigned char, unsigned short)
                0x0000000004005848                EthernetClass::socketBeginMulticast(unsigned char, IPAddress, unsigned short)
                0x0000000004005b98                EthernetClass::socketStatus(unsigned char)
                0x0000000004005bd8                EthernetClass::socketClose(unsigned char)
                0x0000000004005c18                EthernetClass::socketListen(unsigned char)
                0x0000000004005c7c                EthernetClass::socketConnect(unsigned char, unsigned char*, unsigned short)
                0x0000000004005cec                EthernetClass::socketDisconnect(unsigned char)
                0x0000000004005eb4                EthernetClass::socketRecv(unsigned char, unsigned char*, short)
                0x0000000004006154                EthernetClass::socketRecvAvailable(unsigned char)
                0x0000000004006200                EthernetClass::socketPeek(unsigned char)
                0x0000000004006470                EthernetClass::socketSend(unsigned char, unsigned char const*, unsigned short)
                0x00000000040065a8                EthernetClass::socketSendAvailable(unsigned char)
                0x0000000004006620                EthernetClass::socketBufferData(unsigned char, unsigned short, unsigned char const*, unsigned short)
                0x00000000040066b4                EthernetClass::socketStartUDP(unsigned char, unsigned char*, unsigned short)
                0x0000000004006770                EthernetClass::socketSendUDP(unsigned char)
 .text._ZN10W5100Class4readEt
                0x00000000040068a8       0x44 obj/default/Ethernet/socket.o
                0x00000000040068a8                W5100Class::read(unsigned short)
 .text._ZN10W5100Class6readSnEht
                0x00000000040068ec       0x60 obj/default/Ethernet/socket.o
                0x00000000040068ec                W5100Class::readSn(unsigned char, unsigned short)
 .text._ZN10W5100Class7writeSnEhth
                0x000000000400694c       0x6c obj/default/Ethernet/socket.o
                0x000000000400694c                W5100Class::writeSn(unsigned char, unsigned short, unsigned char)
 .text._ZN10W5100Class7writeSnEhtPht
                0x00000000040069b8       0x74 obj/default/Ethernet/socket.o
                0x00000000040069b8                W5100Class::writeSn(unsigned char, unsigned short, unsigned char*, unsigned short)
 .text._ZN10W5100Class9writeSnMREhh
                0x0000000004006a2c       0x50 obj/default/Ethernet/socket.o
                0x0000000004006a2c                W5100Class::writeSnMR(unsigned char, unsigned char)
 .text._ZN10W5100Class9writeSnIREhh
                0x0000000004006a7c       0x50 obj/default/Ethernet/socket.o
                0x0000000004006a7c                W5100Class::writeSnIR(unsigned char, unsigned char)
 .text._ZN10W5100Class8readSnIREh
                0x0000000004006acc       0x3c obj/default/Ethernet/socket.o
                0x0000000004006acc                W5100Class::readSnIR(unsigned char)
 .text._ZN10W5100Class8readSnSREh
                0x0000000004006b08       0x3c obj/default/Ethernet/socket.o
                0x0000000004006b08                W5100Class::readSnSR(unsigned char)
 .text._ZN10W5100Class11writeSnPORTEht
                0x0000000004006b44       0x64 obj/default/Ethernet/socket.o
                0x0000000004006b44                W5100Class::writeSnPORT(unsigned char, unsigned short)
 .text._ZN10W5100Class11writeSnDHAREhPh
                0x0000000004006ba8       0x48 obj/default/Ethernet/socket.o
                0x0000000004006ba8                W5100Class::writeSnDHAR(unsigned char, unsigned char*)
 .text._ZN10W5100Class11writeSnDIPREhPh
                0x0000000004006bf0       0x48 obj/default/Ethernet/socket.o
                0x0000000004006bf0                W5100Class::writeSnDIPR(unsigned char, unsigned char*)
 .text._ZN10W5100Class12writeSnDPORTEht
                0x0000000004006c38       0x64 obj/default/Ethernet/socket.o
                0x0000000004006c38                W5100Class::writeSnDPORT(unsigned char, unsigned short)
 .text._ZN10W5100Class12readSnTX_FSREh
                0x0000000004006c9c       0x60 obj/default/Ethernet/socket.o
                0x0000000004006c9c                W5100Class::readSnTX_FSR(unsigned char)
 .text._ZN10W5100Class12writeSnTX_WREht
                0x0000000004006cfc       0x64 obj/default/Ethernet/socket.o
                0x0000000004006cfc                W5100Class::writeSnTX_WR(unsigned char, unsigned short)
 .text._ZN10W5100Class11readSnTX_WREh
                0x0000000004006d60       0x60 obj/default/Ethernet/socket.o
                0x0000000004006d60                W5100Class::readSnTX_WR(unsigned char)
 .text._ZN10W5100Class12readSnRX_RSREh
                0x0000000004006dc0       0x60 obj/default/Ethernet/socket.o
                0x0000000004006dc0                W5100Class::readSnRX_RSR(unsigned char)
 .text._ZN10W5100Class12writeSnRX_RDEht
                0x0000000004006e20       0x64 obj/default/Ethernet/socket.o
                0x0000000004006e20                W5100Class::writeSnRX_RD(unsigned char, unsigned short)
 .text._ZN10W5100Class11readSnRX_RDEh
                0x0000000004006e84       0x60 obj/default/Ethernet/socket.o
                0x0000000004006e84                W5100Class::readSnRX_RD(unsigned char)
 .text._ZN10W5100Class5SBASEEh
                0x0000000004006ee4       0x50 obj/default/Ethernet/socket.o
                0x0000000004006ee4                W5100Class::SBASE(unsigned char)
 .text._ZN10W5100Class5RBASEEh
                0x0000000004006f34       0x50 obj/default/Ethernet/socket.o
                0x0000000004006f34                W5100Class::RBASE(unsigned char)
 .text._ZN10W5100Class23hasOffsetAddressMappingEv
                0x0000000004006f84       0x38 obj/default/Ethernet/socket.o
                0x0000000004006f84                W5100Class::hasOffsetAddressMapping()
 .text          0x0000000004006fbc      0x3f8 obj/default/Ethernet/utility/IPAddress.o
                0x0000000004006fbc                IPAddress::IPAddress()
                0x0000000004006fbc                IPAddress::IPAddress()
                0x0000000004006fe8                IPAddress::IPAddress(unsigned char, unsigned char, unsigned char, unsigned char)
                0x0000000004006fe8                IPAddress::IPAddress(unsigned char, unsigned char, unsigned char, unsigned char)
                0x0000000004007058                IPAddress::IPAddress(unsigned long)
                0x0000000004007058                IPAddress::IPAddress(unsigned long)
                0x000000000400708c                IPAddress::IPAddress(unsigned char const*)
                0x000000000400708c                IPAddress::IPAddress(unsigned char const*)
                0x00000000040070d0                IPAddress::fromString(char const*)
                0x00000000040071f0                IPAddress::print()
                0x0000000004007268                IPAddress::operator=(unsigned char const*)
                0x00000000040072ac                IPAddress::operator=(unsigned long)
                0x00000000040072e0                IPAddress::operator==(unsigned char const*) const
 .text          0x00000000040073b4       0xc8 obj/default/Ethernet/utility/SPI.o
                0x00000000040073b4                delay(unsigned int)
                0x00000000040073f0                millis()
                0x0000000004007418                SPI_begin()
                0x0000000004007438                SPI_beginTransaction(void*)
                0x000000000400745c                SPI_endTransaction()
 .text          0x000000000400747c      0x8a8 obj/default/Ethernet/utility/w5100.o
                0x000000000400747c                W5100Class::init()
                0x00000000040075c8                W5100Class::softReset()
                0x000000000400763c                W5100Class::isW5100()
                0x00000000040076f4                W5100Class::isW5200()
                0x00000000040077cc                W5100Class::isW5500()
                0x00000000040078a4                W5100Class::getLinkStatus()
                0x000000000400794c                W5100Class::write(unsigned short, unsigned char const*, unsigned short)
                0x0000000004007af0                W5100Class::read(unsigned short, unsigned char*, unsigned short)
                0x0000000004007c28                W5100Class::execCmdSn(unsigned char, SockCMD)
 .text._ZN10W5100Class7writeMREh
                0x0000000004007d24       0x40 obj/default/Ethernet/utility/w5100.o
                0x0000000004007d24                W5100Class::writeMR(unsigned char)
 .text._ZN10W5100Class6readMREv
                0x0000000004007d64       0x2c obj/default/Ethernet/utility/w5100.o
                0x0000000004007d64                W5100Class::readMR()
 .text._ZN10W5100Class9writeRMSREh
                0x0000000004007d90       0x40 obj/default/Ethernet/utility/w5100.o
                0x0000000004007d90                W5100Class::writeRMSR(unsigned char)
 .text._ZN10W5100Class9writeTMSREh
                0x0000000004007dd0       0x40 obj/default/Ethernet/utility/w5100.o
                0x0000000004007dd0                W5100Class::writeTMSR(unsigned char)
 .text._ZN10W5100Class18readVERSIONR_W5200Ev
                0x0000000004007e10       0x2c obj/default/Ethernet/utility/w5100.o
                0x0000000004007e10                W5100Class::readVERSIONR_W5200()
 .text._ZN10W5100Class18readVERSIONR_W5500Ev
                0x0000000004007e3c       0x2c obj/default/Ethernet/utility/w5100.o
                0x0000000004007e3c                W5100Class::readVERSIONR_W5500()
 .text._ZN10W5100Class17readPSTATUS_W5200Ev
                0x0000000004007e68       0x2c obj/default/Ethernet/utility/w5100.o
                0x0000000004007e68                W5100Class::readPSTATUS_W5200()
 .text._ZN10W5100Class17readPHYCFGR_W5500Ev
                0x0000000004007e94       0x2c obj/default/Ethernet/utility/w5100.o
                0x0000000004007e94                W5100Class::readPHYCFGR_W5500()
 .text._ZN10W5100Class9writeSnCREhh
                0x0000000004007ec0       0x50 obj/default/Ethernet/utility/w5100.o
                0x0000000004007ec0                W5100Class::writeSnCR(unsigned char, unsigned char)
 .text._ZN10W5100Class8readSnCREh
                0x0000000004007f10       0x3c obj/default/Ethernet/utility/w5100.o
                0x0000000004007f10                W5100Class::readSnCR(unsigned char)
 .text._ZN10W5100Class14writeSnRX_SIZEEhh
                0x0000000004007f4c       0x50 obj/default/Ethernet/utility/w5100.o
                0x0000000004007f4c                W5100Class::writeSnRX_SIZE(unsigned char, unsigned char)
 .text._ZN10W5100Class14writeSnTX_SIZEEhh
                0x0000000004007f9c       0x50 obj/default/Ethernet/utility/w5100.o
                0x0000000004007f9c                W5100Class::writeSnTX_SIZE(unsigned char, unsigned char)
 .text._ZN10W5100Class6initSSEv
                0x0000000004007fec       0x20 obj/default/Ethernet/utility/w5100.o
                0x0000000004007fec                W5100Class::initSS()
 .text._ZN10W5100Class7resetSSEv
                0x000000000400800c       0x20 obj/default/Ethernet/utility/w5100.o
                0x000000000400800c                W5100Class::resetSS()
 .text          0x000000000400802c      0x42c obj/default/main.o
                0x000000000400802c                main
 .text._ZN14EthernetClientC2Ev
                0x0000000004008458       0x60 obj/default/main.o
                0x0000000004008458                EthernetClient::EthernetClient()
                0x0000000004008458                EthernetClient::EthernetClient()
 .text          0x00000000040084b8        0x0 c:/intelfpga_lite/18.1/nios2eds/bin/gnu/h-x86_64-mingw32/bin/../lib/gcc/nios2-elf/5.3.0/../../../../../H-x86_64-mingw32/nios2-elf/lib\libstdc++.a(si_class_type_info.o)
 .text._ZN10__cxxabiv120__si_class_type_infoD2Ev
                0x00000000040084b8       0x10 c:/intelfpga_lite/18.1/nios2eds/bin/gnu/h-x86_64-mingw32/bin/../lib/gcc/nios2-elf/5.3.0/../../../../../H-x86_64-mingw32/nios2-elf/lib\libstdc++.a(si_class_type_info.o)
                0x00000000040084b8                __cxxabiv1::__si_class_type_info::~__si_class_type_info()
                0x00000000040084b8                __cxxabiv1::__si_class_type_info::~__si_class_type_info()
 .text._ZN10__cxxabiv120__si_class_type_infoD0Ev
                0x00000000040084c8       0x34 c:/intelfpga_lite/18.1/nios2eds/bin/gnu/h-x86_64-mingw32/bin/../lib/gcc/nios2-elf/5.3.0/../../../../../H-x86_64-mingw32/nios2-elf/lib\libstdc++.a(si_class_type_info.o)
                0x00000000040084c8                __cxxabiv1::__si_class_type_info::~__si_class_type_info()
 .text._ZNK10__cxxabiv120__si_class_type_info12__do_dyncastEiNS_17__class_type_info10__sub_kindEPKS1_PKvS4_S6_RNS1_16__dyncast_resultE
                0x00000000040084fc      0x160 c:/intelfpga_lite/18.1/nios2eds/bin/gnu/h-x86_64-mingw32/bin/../lib/gcc/nios2-elf/5.3.0/../../../../../H-x86_64-mingw32/nios2-elf/lib\libstdc++.a(si_class_type_info.o)
                0x00000000040084fc                __cxxabiv1::__si_class_type_info::__do_dyncast(int, __cxxabiv1::__class_type_info::__sub_kind, __cxxabiv1::__class_type_info const*, void const*, __cxxabiv1::__class_type_info const*, void const*, __cxxabiv1::__class_type_info::__dyncast_result&) const
 .text._ZNK10__cxxabiv120__si_class_type_info20__do_find_public_srcEiPKvPKNS_17__class_type_infoES2_
                0x000000000400865c       0x9c c:/intelfpga_lite/18.1/nios2eds/bin/gnu/h-x86_64-mingw32/bin/../lib/gcc/nios2-elf/5.3.0/../../../../../H-x86_64-mingw32/nios2-elf/lib\libstdc++.a(si_class_type_info.o)
                0x000000000400865c                __cxxabiv1::__si_class_type_info::__do_find_public_src(int, void const*, __cxxabiv1::__class_type_info const*, void const*) const
 .text._ZNK10__cxxabiv120__si_class_type_info11__do_upcastEPKNS_17__class_type_infoEPKvRNS1_15__upcast_resultE
                0x00000000040086f8       0x84 c:/intelfpga_lite/18.1/nios2eds/bin/gnu/h-x86_64-mingw32/bin/../lib/gcc/nios2-elf/5.3.0/../../../../../H-x86_64-mingw32/nios2-elf/lib\libstdc++.a(si_class_type_info.o)
                0x00000000040086f8                __cxxabiv1::__si_class_type_info::__do_upcast(__cxxabiv1::__class_type_info const*, void const*, __cxxabiv1::__class_type_info::__upcast_result&) const
 .text          0x000000000400877c        0x0 c:/intelfpga_lite/18.1/nios2eds/bin/gnu/h-x86_64-mingw32/bin/../lib/gcc/nios2-elf/5.3.0/../../../../../H-x86_64-mingw32/nios2-elf/lib\libstdc++.a(tinfo.o)
 .text._ZNSt9type_infoD2Ev
                0x000000000400877c        0x4 c:/intelfpga_lite/18.1/nios2eds/bin/gnu/h-x86_64-mingw32/bin/../lib/gcc/nios2-elf/5.3.0/../../../../../H-x86_64-mingw32/nios2-elf/lib\libstdc++.a(tinfo.o)
                0x000000000400877c                std::type_info::~type_info()
                0x000000000400877c                std::type_info::~type_info()
 .text._ZNKSt9type_info15__is_function_pEv
                0x0000000004008780        0x8 c:/intelfpga_lite/18.1/nios2eds/bin/gnu/h-x86_64-mingw32/bin/../lib/gcc/nios2-elf/5.3.0/../../../../../H-x86_64-mingw32/nios2-elf/lib\libstdc++.a(tinfo.o)
                0x0000000004008780                std::type_info::__is_pointer_p() const
                0x0000000004008780                std::type_info::__is_function_p() const
 .text._ZNKSt9type_info11__do_upcastEPKN10__cxxabiv117__class_type_infoEPPv
                0x0000000004008788        0x8 c:/intelfpga_lite/18.1/nios2eds/bin/gnu/h-x86_64-mingw32/bin/../lib/gcc/nios2-elf/5.3.0/../../../../../H-x86_64-mingw32/nios2-elf/lib\libstdc++.a(tinfo.o)
                0x0000000004008788                std::type_info::__do_upcast(__cxxabiv1::__class_type_info const*, void**) const
 .text._ZNSt9type_infoD0Ev
                0x0000000004008790        0x4 c:/intelfpga_lite/18.1/nios2eds/bin/gnu/h-x86_64-mingw32/bin/../lib/gcc/nios2-elf/5.3.0/../../../../../H-x86_64-mingw32/nios2-elf/lib\libstdc++.a(tinfo.o)
                0x0000000004008790                std::type_info::~type_info()
 .text._ZNKSt9type_info10__do_catchEPKS_PPvj
                0x0000000004008794       0x44 c:/intelfpga_lite/18.1/nios2eds/bin/gnu/h-x86_64-mingw32/bin/../lib/gcc/nios2-elf/5.3.0/../../../../../H-x86_64-mingw32/nios2-elf/lib\libstdc++.a(tinfo.o)
                0x0000000004008794                std::type_info::__do_catch(std::type_info const*, void**, unsigned int) const
 .text          0x00000000040087d8        0x0 c:/intelfpga_lite/18.1/nios2eds/bin/gnu/h-x86_64-mingw32/bin/../lib/gcc/nios2-elf/5.3.0/../../../../../H-x86_64-mingw32/nios2-elf/lib\libstdc++.a(eh_personality.o)
 .text._ZL21size_of_encoded_valueh
                0x00000000040087d8       0xa4 c:/intelfpga_lite/18.1/nios2eds/bin/gnu/h-x86_64-mingw32/bin/../lib/gcc/nios2-elf/5.3.0/../../../../../H-x86_64-mingw32/nios2-elf/lib\libstdc++.a(eh_personality.o)
 .text._ZL28read_encoded_value_with_basehjPKhPj
                0x000000000400887c      0x20c c:/intelfpga_lite/18.1/nios2eds/bin/gnu/h-x86_64-mingw32/bin/../lib/gcc/nios2-elf/5.3.0/../../../../../H-x86_64-mingw32/nios2-elf/lib\libstdc++.a(eh_personality.o)
 .text._ZL15get_ttype_entryP16lsda_header_infom
                0x0000000004008a88       0x54 c:/intelfpga_lite/18.1/nios2eds/bin/gnu/h-x86_64-mingw32/bin/../lib/gcc/nios2-elf/5.3.0/../../../../../H-x86_64-mingw32/nios2-elf/lib\libstdc++.a(eh_personality.o)
 .text._ZL21base_of_encoded_valuehP15_Unwind_Context
                0x0000000004008adc       0x8c c:/intelfpga_lite/18.1/nios2eds/bin/gnu/h-x86_64-mingw32/bin/../lib/gcc/nios2-elf/5.3.0/../../../../../H-x86_64-mingw32/nios2-elf/lib\libstdc++.a(eh_personality.o)
 .text._ZL17parse_lsda_headerP15_Unwind_ContextPKhP16lsda_header_info
                0x0000000004008b68      0x134 c:/intelfpga_lite/18.1/nios2eds/bin/gnu/h-x86_64-mingw32/bin/../lib/gcc/nios2-elf/5.3.0/../../../../../H-x86_64-mingw32/nios2-elf/lib\libstdc++.a(eh_personality.o)
 .text._ZL16get_adjusted_ptrPKSt9type_infoS1_PPv.constprop.3
                0x0000000004008c9c       0x88 c:/intelfpga_lite/18.1/nios2eds/bin/gnu/h-x86_64-mingw32/bin/../lib/gcc/nios2-elf/5.3.0/../../../../../H-x86_64-mingw32/nios2-elf/lib\libstdc++.a(eh_personality.o)
 .text.unlikely._ZL28check_compact_exception_specPKSt9type_infoPvPKhij
                0x0000000004008d24      0x1c0 c:/intelfpga_lite/18.1/nios2eds/bin/gnu/h-x86_64-mingw32/bin/../lib/gcc/nios2-elf/5.3.0/../../../../../H-x86_64-mingw32/nios2-elf/lib\libstdc++.a(eh_personality.o)
 .text._ZL20check_exception_specP16lsda_header_infoPKSt9type_infoPvl
                0x0000000004008ee4       0xa8 c:/intelfpga_lite/18.1/nios2eds/bin/gnu/h-x86_64-mingw32/bin/../lib/gcc/nios2-elf/5.3.0/../../../../../H-x86_64-mingw32/nios2-elf/lib\libstdc++.a(eh_personality.o)
 .text.__gxx_personality_sj0
                0x0000000004008f8c      0x600 c:/intelfpga_lite/18.1/nios2eds/bin/gnu/h-x86_64-mingw32/bin/../lib/gcc/nios2-elf/5.3.0/../../../../../H-x86_64-mingw32/nios2-elf/lib\libstdc++.a(eh_personality.o)
                0x0000000004008f8c                __gxx_personality_sj0
 .text.__cxa_call_unexpected
                0x000000000400958c      0x230 c:/intelfpga_lite/18.1/nios2eds/bin/gnu/h-x86_64-mingw32/bin/../lib/gcc/nios2-elf/5.3.0/../../../../../H-x86_64-mingw32/nios2-elf/lib\libstdc++.a(eh_personality.o)
                0x000000000400958c                __cxa_call_unexpected
 .text          0x00000000040097bc        0x0 c:/intelfpga_lite/18.1/nios2eds/bin/gnu/h-x86_64-mingw32/bin/../lib/gcc/nios2-elf/5.3.0/../../../../../H-x86_64-mingw32/nios2-elf/lib\libstdc++.a(del_op.o)
 .text._ZdlPv   0x00000000040097bc        0x4 c:/intelfpga_lite/18.1/nios2eds/bin/gnu/h-x86_64-mingw32/bin/../lib/gcc/nios2-elf/5.3.0/../../../../../H-x86_64-mingw32/nios2-elf/lib\libstdc++.a(del_op.o)
                0x00000000040097bc                operator delete(void*)
 .text          0x00000000040097c0        0x0 c:/intelfpga_lite/18.1/nios2eds/bin/gnu/h-x86_64-mingw32/bin/../lib/gcc/nios2-elf/5.3.0/../../../../../H-x86_64-mingw32/nios2-elf/lib\libstdc++.a(eh_throw.o)
 .text._ZL23__gxx_exception_cleanup19_Unwind_Reason_CodeP17_Unwind_Exception
                0x00000000040097c0       0x44 c:/intelfpga_lite/18.1/nios2eds/bin/gnu/h-x86_64-mingw32/bin/../lib/gcc/nios2-elf/5.3.0/../../../../../H-x86_64-mingw32/nios2-elf/lib\libstdc++.a(eh_throw.o)
 .text.__cxa_throw
                0x0000000004009804       0x90 c:/intelfpga_lite/18.1/nios2eds/bin/gnu/h-x86_64-mingw32/bin/../lib/gcc/nios2-elf/5.3.0/../../../../../H-x86_64-mingw32/nios2-elf/lib\libstdc++.a(eh_throw.o)
                0x0000000004009804                __cxa_throw
 .text.__cxa_rethrow
                0x0000000004009894       0x84 c:/intelfpga_lite/18.1/nios2eds/bin/gnu/h-x86_64-mingw32/bin/../lib/gcc/nios2-elf/5.3.0/../../../../../H-x86_64-mingw32/nios2-elf/lib\libstdc++.a(eh_throw.o)
                0x0000000004009894                __cxa_rethrow
 .text          0x0000000004009918        0x0 c:/intelfpga_lite/18.1/nios2eds/bin/gnu/h-x86_64-mingw32/bin/../lib/gcc/nios2-elf/5.3.0/../../../../../H-x86_64-mingw32/nios2-elf/lib\libstdc++.a(pure.o)
 .text.__cxa_pure_virtual
                0x0000000004009918       0x20 c:/intelfpga_lite/18.1/nios2eds/bin/gnu/h-x86_64-mingw32/bin/../lib/gcc/nios2-elf/5.3.0/../../../../../H-x86_64-mingw32/nios2-elf/lib\libstdc++.a(pure.o)
                0x0000000004009918                __cxa_pure_virtual
 .text.__cxa_deleted_virtual
                0x0000000004009938       0x20 c:/intelfpga_lite/18.1/nios2eds/bin/gnu/h-x86_64-mingw32/bin/../lib/gcc/nios2-elf/5.3.0/../../../../../H-x86_64-mingw32/nios2-elf/lib\libstdc++.a(pure.o)
                0x0000000004009938                __cxa_deleted_virtual
 .text          0x0000000004009958        0x0 c:/intelfpga_lite/18.1/nios2eds/bin/gnu/h-x86_64-mingw32/bin/../lib/gcc/nios2-elf/5.3.0/../../../../../H-x86_64-mingw32/nios2-elf/lib\libstdc++.a(guard.o)
 .text.__cxa_guard_acquire
                0x0000000004009958       0x5c c:/intelfpga_lite/18.1/nios2eds/bin/gnu/h-x86_64-mingw32/bin/../lib/gcc/nios2-elf/5.3.0/../../../../../H-x86_64-mingw32/nios2-elf/lib\libstdc++.a(guard.o)
                0x0000000004009958                __cxa_guard_acquire
 .text.__cxa_guard_abort
                0x00000000040099b4        0x8 c:/intelfpga_lite/18.1/nios2eds/bin/gnu/h-x86_64-mingw32/bin/../lib/gcc/nios2-elf/5.3.0/../../../../../H-x86_64-mingw32/nios2-elf/lib\libstdc++.a(guard.o)
                0x00000000040099b4                __cxa_guard_abort
 .text.__cxa_guard_release
                0x00000000040099bc       0x10 c:/intelfpga_lite/18.1/nios2eds/bin/gnu/h-x86_64-mingw32/bin/../lib/gcc/nios2-elf/5.3.0/../../../../../H-x86_64-mingw32/nios2-elf/lib\libstdc++.a(guard.o)
                0x00000000040099bc                __cxa_guard_release
 .text          0x00000000040099cc        0x0 c:/intelfpga_lite/18.1/nios2eds/bin/gnu/h-x86_64-mingw32/bin/../lib/gcc/nios2-elf/5.3.0/../../../../../H-x86_64-mingw32/nios2-elf/lib\libstdc++.a(eh_catch.o)
 .text.__cxa_get_exception_ptr
                0x00000000040099cc        0x8 c:/intelfpga_lite/18.1/nios2eds/bin/gnu/h-x86_64-mingw32/bin/../lib/gcc/nios2-elf/5.3.0/../../../../../H-x86_64-mingw32/nios2-elf/lib\libstdc++.a(eh_catch.o)
                0x00000000040099cc                __cxa_get_exception_ptr
 .text.__cxa_begin_catch
                0x00000000040099d4       0xb4 c:/intelfpga_lite/18.1/nios2eds/bin/gnu/h-x86_64-mingw32/bin/../lib/gcc/nios2-elf/5.3.0/../../../../../H-x86_64-mingw32/nios2-elf/lib\libstdc++.a(eh_catch.o)
                0x00000000040099d4                __cxa_begin_catch
 .text.__cxa_end_catch
                0x0000000004009a88       0xb4 c:/intelfpga_lite/18.1/nios2eds/bin/gnu/h-x86_64-mingw32/bin/../lib/gcc/nios2-elf/5.3.0/../../../../../H-x86_64-mingw32/nios2-elf/lib\libstdc++.a(eh_catch.o)
                0x0000000004009a88                __cxa_end_catch
 .text._ZSt18uncaught_exceptionv
                0x0000000004009b3c       0x20 c:/intelfpga_lite/18.1/nios2eds/bin/gnu/h-x86_64-mingw32/bin/../lib/gcc/nios2-elf/5.3.0/../../../../../H-x86_64-mingw32/nios2-elf/lib\libstdc++.a(eh_catch.o)
                0x0000000004009b3c                std::uncaught_exception()
 .text          0x0000000004009b5c        0x0 c:/intelfpga_lite/18.1/nios2eds/bin/gnu/h-x86_64-mingw32/bin/../lib/gcc/nios2-elf/5.3.0/../../../../../H-x86_64-mingw32/nios2-elf/lib\libstdc++.a(class_type_info.o)
 .text._ZNK10__cxxabiv117__class_type_info11__do_upcastEPKS0_PPv
                0x0000000004009b5c       0x78 c:/intelfpga_lite/18.1/nios2eds/bin/gnu/h-x86_64-mingw32/bin/../lib/gcc/nios2-elf/5.3.0/../../../../../H-x86_64-mingw32/nios2-elf/lib\libstdc++.a(class_type_info.o)
                0x0000000004009b5c                __cxxabiv1::__class_type_info::__do_upcast(__cxxabiv1::__class_type_info const*, void**) const
 .text._ZNK10__cxxabiv117__class_type_info20__do_find_public_srcEiPKvPKS0_S2_
                0x0000000004009bd4       0x18 c:/intelfpga_lite/18.1/nios2eds/bin/gnu/h-x86_64-mingw32/bin/../lib/gcc/nios2-elf/5.3.0/../../../../../H-x86_64-mingw32/nios2-elf/lib\libstdc++.a(class_type_info.o)
                0x0000000004009bd4                __cxxabiv1::__class_type_info::__do_find_public_src(int, void const*, __cxxabiv1::__class_type_info const*, void const*) const
 .text._ZN10__cxxabiv117__class_type_infoD2Ev
                0x0000000004009bec       0x10 c:/intelfpga_lite/18.1/nios2eds/bin/gnu/h-x86_64-mingw32/bin/../lib/gcc/nios2-elf/5.3.0/../../../../../H-x86_64-mingw32/nios2-elf/lib\libstdc++.a(class_type_info.o)
                0x0000000004009bec                __cxxabiv1::__class_type_info::~__class_type_info()
                0x0000000004009bec                __cxxabiv1::__class_type_info::~__class_type_info()
 .text._ZN10__cxxabiv117__class_type_infoD0Ev
                0x0000000004009bfc       0x34 c:/intelfpga_lite/18.1/nios2eds/bin/gnu/h-x86_64-mingw32/bin/../lib/gcc/nios2-elf/5.3.0/../../../../../H-x86_64-mingw32/nios2-elf/lib\libstdc++.a(class_type_info.o)
                0x0000000004009bfc                __cxxabiv1::__class_type_info::~__class_type_info()
 .text._ZNK10__cxxabiv117__class_type_info11__do_upcastEPKS0_PKvRNS0_15__upcast_resultE
                0x0000000004009c30       0x6c c:/intelfpga_lite/18.1/nios2eds/bin/gnu/h-x86_64-mingw32/bin/../lib/gcc/nios2-elf/5.3.0/../../../../../H-x86_64-mingw32/nios2-elf/lib\libstdc++.a(class_type_info.o)
                0x0000000004009c30                __cxxabiv1::__class_type_info::__do_upcast(__cxxabiv1::__class_type_info const*, void const*, __cxxabiv1::__class_type_info::__upcast_result&) const
 .text._ZNK10__cxxabiv117__class_type_info12__do_dyncastEiNS0_10__sub_kindEPKS0_PKvS3_S5_RNS0_16__dyncast_resultE
                0x0000000004009c9c       0xd0 c:/intelfpga_lite/18.1/nios2eds/bin/gnu/h-x86_64-mingw32/bin/../lib/gcc/nios2-elf/5.3.0/../../../../../H-x86_64-mingw32/nios2-elf/lib\libstdc++.a(class_type_info.o)
                0x0000000004009c9c                __cxxabiv1::__class_type_info::__do_dyncast(int, __cxxabiv1::__class_type_info::__sub_kind, __cxxabiv1::__class_type_info const*, void const*, __cxxabiv1::__class_type_info const*, void const*, __cxxabiv1::__class_type_info::__dyncast_result&) const
 .text._ZNK10__cxxabiv117__class_type_info10__do_catchEPKSt9type_infoPPvj
                0x0000000004009d6c       0xb8 c:/intelfpga_lite/18.1/nios2eds/bin/gnu/h-x86_64-mingw32/bin/../lib/gcc/nios2-elf/5.3.0/../../../../../H-x86_64-mingw32/nios2-elf/lib\libstdc++.a(class_type_info.o)
                0x0000000004009d6c                __cxxabiv1::__class_type_info::__do_catch(std::type_info const*, void**, unsigned int) const
 .text          0x0000000004009e24        0x0 c:/intelfpga_lite/18.1/nios2eds/bin/gnu/h-x86_64-mingw32/bin/../lib/gcc/nios2-elf/5.3.0/../../../../../H-x86_64-mingw32/nios2-elf/lib\libstdc++.a(eh_terminate.o)
 .text._ZN10__cxxabiv111__terminateEPFvvE
                0x0000000004009e24       0xc0 c:/intelfpga_lite/18.1/nios2eds/bin/gnu/h-x86_64-mingw32/bin/../lib/gcc/nios2-elf/5.3.0/../../../../../H-x86_64-mingw32/nios2-elf/lib\libstdc++.a(eh_terminate.o)
                0x0000000004009e24                __cxxabiv1::__terminate(void (*)())
 .text._ZSt9terminatev
                0x0000000004009ee4       0x18 c:/intelfpga_lite/18.1/nios2eds/bin/gnu/h-x86_64-mingw32/bin/../lib/gcc/nios2-elf/5.3.0/../../../../../H-x86_64-mingw32/nios2-elf/lib\libstdc++.a(eh_terminate.o)
                0x0000000004009ee4                std::terminate()
 .text._ZN10__cxxabiv112__unexpectedEPFvvE
                0x0000000004009efc       0x10 c:/intelfpga_lite/18.1/nios2eds/bin/gnu/h-x86_64-mingw32/bin/../lib/gcc/nios2-elf/5.3.0/../../../../../H-x86_64-mingw32/nios2-elf/lib\libstdc++.a(eh_terminate.o)
                0x0000000004009efc                __cxxabiv1::__unexpected(void (*)())
 .text._ZSt10unexpectedv
                0x0000000004009f0c       0x18 c:/intelfpga_lite/18.1/nios2eds/bin/gnu/h-x86_64-mingw32/bin/../lib/gcc/nios2-elf/5.3.0/../../../../../H-x86_64-mingw32/nios2-elf/lib\libstdc++.a(eh_terminate.o)
                0x0000000004009f0c                std::unexpected()
 .text._ZSt13set_terminatePFvvE
                0x0000000004009f24       0x14 c:/intelfpga_lite/18.1/nios2eds/bin/gnu/h-x86_64-mingw32/bin/../lib/gcc/nios2-elf/5.3.0/../../../../../H-x86_64-mingw32/nios2-elf/lib\libstdc++.a(eh_terminate.o)
                0x0000000004009f24                std::set_terminate(void (*)())
 .text._ZSt13get_terminatev
                0x0000000004009f38       0x10 c:/intelfpga_lite/18.1/nios2eds/bin/gnu/h-x86_64-mingw32/bin/../lib/gcc/nios2-elf/5.3.0/../../../../../H-x86_64-mingw32/nios2-elf/lib\libstdc++.a(eh_terminate.o)
                0x0000000004009f38                std::get_terminate()
 .text._ZSt14set_unexpectedPFvvE
                0x0000000004009f48       0x14 c:/intelfpga_lite/18.1/nios2eds/bin/gnu/h-x86_64-mingw32/bin/../lib/gcc/nios2-elf/5.3.0/../../../../../H-x86_64-mingw32/nios2-elf/lib\libstdc++.a(eh_terminate.o)
                0x0000000004009f48                std::set_unexpected(void (*)())
 .text._ZSt14get_unexpectedv
                0x0000000004009f5c       0x10 c:/intelfpga_lite/18.1/nios2eds/bin/gnu/h-x86_64-mingw32/bin/../lib/gcc/nios2-elf/5.3.0/../../../../../H-x86_64-mingw32/nios2-elf/lib\libstdc++.a(eh_terminate.o)
                0x0000000004009f5c                std::get_unexpected()
 .text          0x0000000004009f6c        0x0 c:/intelfpga_lite/18.1/nios2eds/bin/gnu/h-x86_64-mingw32/bin/../lib/gcc/nios2-elf/5.3.0/../../../../../H-x86_64-mingw32/nios2-elf/lib\libstdc++.a(eh_unex_handler.o)
 .text          0x0000000004009f6c        0x0 c:/intelfpga_lite/18.1/nios2eds/bin/gnu/h-x86_64-mingw32/bin/../lib/gcc/nios2-elf/5.3.0/../../../../../H-x86_64-mingw32/nios2-elf/lib\libstdc++.a(eh_alloc.o)
 .text._ZN12_GLOBAL__N_14pool4freeEPv.constprop.4
                0x0000000004009f6c       0xb8 c:/intelfpga_lite/18.1/nios2eds/bin/gnu/h-x86_64-mingw32/bin/../lib/gcc/nios2-elf/5.3.0/../../../../../H-x86_64-mingw32/nios2-elf/lib\libstdc++.a(eh_alloc.o)
 .text._ZN12_GLOBAL__N_14pool8allocateEj.constprop.5
                0x000000000400a024       0xa8 c:/intelfpga_lite/18.1/nios2eds/bin/gnu/h-x86_64-mingw32/bin/../lib/gcc/nios2-elf/5.3.0/../../../../../H-x86_64-mingw32/nios2-elf/lib\libstdc++.a(eh_alloc.o)
 .text.__cxa_allocate_exception
                0x000000000400a0cc       0x60 c:/intelfpga_lite/18.1/nios2eds/bin/gnu/h-x86_64-mingw32/bin/../lib/gcc/nios2-elf/5.3.0/../../../../../H-x86_64-mingw32/nios2-elf/lib\libstdc++.a(eh_alloc.o)
                0x000000000400a0cc                __cxa_allocate_exception
 .text.__cxa_free_exception
                0x000000000400a12c       0x28 c:/intelfpga_lite/18.1/nios2eds/bin/gnu/h-x86_64-mingw32/bin/../lib/gcc/nios2-elf/5.3.0/../../../../../H-x86_64-mingw32/nios2-elf/lib\libstdc++.a(eh_alloc.o)
                0x000000000400a12c                __cxa_free_exception
 .text.__cxa_allocate_dependent_exception
                0x000000000400a154       0x54 c:/intelfpga_lite/18.1/nios2eds/bin/gnu/h-x86_64-mingw32/bin/../lib/gcc/nios2-elf/5.3.0/../../../../../H-x86_64-mingw32/nios2-elf/lib\libstdc++.a(eh_alloc.o)
                0x000000000400a154                __cxa_allocate_dependent_exception
 .text.__cxa_free_dependent_exception
                0x000000000400a1a8       0x2c c:/intelfpga_lite/18.1/nios2eds/bin/gnu/h-x86_64-mingw32/bin/../lib/gcc/nios2-elf/5.3.0/../../../../../H-x86_64-mingw32/nios2-elf/lib\libstdc++.a(eh_alloc.o)
                0x000000000400a1a8                __cxa_free_dependent_exception
 .text.startup._GLOBAL__sub_I___cxa_allocate_exception
                0x000000000400a1d4       0x5c c:/intelfpga_lite/18.1/nios2eds/bin/gnu/h-x86_64-mingw32/bin/../lib/gcc/nios2-elf/5.3.0/../../../../../H-x86_64-mingw32/nios2-elf/lib\libstdc++.a(eh_alloc.o)
 .text          0x000000000400a230        0x0 c:/intelfpga_lite/18.1/nios2eds/bin/gnu/h-x86_64-mingw32/bin/../lib/gcc/nios2-elf/5.3.0/../../../../../H-x86_64-mingw32/nios2-elf/lib\libstdc++.a(eh_call.o)
 .text.__cxa_call_terminate
                0x000000000400a230       0x58 c:/intelfpga_lite/18.1/nios2eds/bin/gnu/h-x86_64-mingw32/bin/../lib/gcc/nios2-elf/5.3.0/../../../../../H-x86_64-mingw32/nios2-elf/lib\libstdc++.a(eh_call.o)
                0x000000000400a230                __cxa_call_terminate
 .text          0x000000000400a288        0x0 c:/intelfpga_lite/18.1/nios2eds/bin/gnu/h-x86_64-mingw32/bin/../lib/gcc/nios2-elf/5.3.0/../../../../../H-x86_64-mingw32/nios2-elf/lib\libstdc++.a(eh_globals.o)
 .text.__cxa_get_globals_fast
                0x000000000400a288        0xc c:/intelfpga_lite/18.1/nios2eds/bin/gnu/h-x86_64-mingw32/bin/../lib/gcc/nios2-elf/5.3.0/../../../../../H-x86_64-mingw32/nios2-elf/lib\libstdc++.a(eh_globals.o)
                0x000000000400a288                __cxa_get_globals_fast
 .text.__cxa_get_globals
                0x000000000400a294        0xc c:/intelfpga_lite/18.1/nios2eds/bin/gnu/h-x86_64-mingw32/bin/../lib/gcc/nios2-elf/5.3.0/../../../../../H-x86_64-mingw32/nios2-elf/lib\libstdc++.a(eh_globals.o)
                0x000000000400a294                __cxa_get_globals
 .text          0x000000000400a2a0        0x0 c:/intelfpga_lite/18.1/nios2eds/bin/gnu/h-x86_64-mingw32/bin/../lib/gcc/nios2-elf/5.3.0/../../../../../H-x86_64-mingw32/nios2-elf/lib\libstdc++.a(eh_exception.o)
 .text._ZNSt9exceptionD2Ev
                0x000000000400a2a0        0x4 c:/intelfpga_lite/18.1/nios2eds/bin/gnu/h-x86_64-mingw32/bin/../lib/gcc/nios2-elf/5.3.0/../../../../../H-x86_64-mingw32/nios2-elf/lib\libstdc++.a(eh_exception.o)
                0x000000000400a2a0                std::exception::~exception()
                0x000000000400a2a0                std::exception::~exception()
 .text._ZNSt13bad_exceptionD2Ev
                0x000000000400a2a4        0x4 c:/intelfpga_lite/18.1/nios2eds/bin/gnu/h-x86_64-mingw32/bin/../lib/gcc/nios2-elf/5.3.0/../../../../../H-x86_64-mingw32/nios2-elf/lib\libstdc++.a(eh_exception.o)
                0x000000000400a2a4                std::bad_exception::~bad_exception()
                0x000000000400a2a4                std::bad_exception::~bad_exception()
 .text._ZNKSt9exception4whatEv
                0x000000000400a2a8        0xc c:/intelfpga_lite/18.1/nios2eds/bin/gnu/h-x86_64-mingw32/bin/../lib/gcc/nios2-elf/5.3.0/../../../../../H-x86_64-mingw32/nios2-elf/lib\libstdc++.a(eh_exception.o)
                0x000000000400a2a8                std::exception::what() const
 .text._ZNKSt13bad_exception4whatEv
                0x000000000400a2b4        0xc c:/intelfpga_lite/18.1/nios2eds/bin/gnu/h-x86_64-mingw32/bin/../lib/gcc/nios2-elf/5.3.0/../../../../../H-x86_64-mingw32/nios2-elf/lib\libstdc++.a(eh_exception.o)
                0x000000000400a2b4                std::bad_exception::what() const
 .text._ZNSt9exceptionD0Ev
                0x000000000400a2c0        0x4 c:/intelfpga_lite/18.1/nios2eds/bin/gnu/h-x86_64-mingw32/bin/../lib/gcc/nios2-elf/5.3.0/../../../../../H-x86_64-mingw32/nios2-elf/lib\libstdc++.a(eh_exception.o)
                0x000000000400a2c0                std::exception::~exception()
 .text._ZNSt13bad_exceptionD0Ev
                0x000000000400a2c4        0x4 c:/intelfpga_lite/18.1/nios2eds/bin/gnu/h-x86_64-mingw32/bin/../lib/gcc/nios2-elf/5.3.0/../../../../../H-x86_64-mingw32/nios2-elf/lib\libstdc++.a(eh_exception.o)
                0x000000000400a2c4                std::bad_exception::~bad_exception()
 .text._ZN10__cxxabiv115__forced_unwindD2Ev
                0x000000000400a2c8        0x4 c:/intelfpga_lite/18.1/nios2eds/bin/gnu/h-x86_64-mingw32/bin/../lib/gcc/nios2-elf/5.3.0/../../../../../H-x86_64-mingw32/nios2-elf/lib\libstdc++.a(eh_exception.o)
                0x000000000400a2c8                __cxxabiv1::__forced_unwind::~__forced_unwind()
                0x000000000400a2c8                __cxxabiv1::__forced_unwind::~__forced_unwind()
 .text._ZN10__cxxabiv115__forced_unwindD0Ev
                0x000000000400a2cc        0x4 c:/intelfpga_lite/18.1/nios2eds/bin/gnu/h-x86_64-mingw32/bin/../lib/gcc/nios2-elf/5.3.0/../../../../../H-x86_64-mingw32/nios2-elf/lib\libstdc++.a(eh_exception.o)
                0x000000000400a2cc                __cxxabiv1::__forced_unwind::~__forced_unwind()
 .text._ZN10__cxxabiv119__foreign_exceptionD2Ev
                0x000000000400a2d0        0x4 c:/intelfpga_lite/18.1/nios2eds/bin/gnu/h-x86_64-mingw32/bin/../lib/gcc/nios2-elf/5.3.0/../../../../../H-x86_64-mingw32/nios2-elf/lib\libstdc++.a(eh_exception.o)
                0x000000000400a2d0                __cxxabiv1::__foreign_exception::~__foreign_exception()
                0x000000000400a2d0                __cxxabiv1::__foreign_exception::~__foreign_exception()
 .text._ZN10__cxxabiv119__foreign_exceptionD0Ev
                0x000000000400a2d4        0x4 c:/intelfpga_lite/18.1/nios2eds/bin/gnu/h-x86_64-mingw32/bin/../lib/gcc/nios2-elf/5.3.0/../../../../../H-x86_64-mingw32/nios2-elf/lib\libstdc++.a(eh_exception.o)
                0x000000000400a2d4                __cxxabiv1::__foreign_exception::~__foreign_exception()
 .text          0x000000000400a2d8        0x0 c:/intelfpga_lite/18.1/nios2eds/bin/gnu/h-x86_64-mingw32/bin/../lib/gcc/nios2-elf/5.3.0/../../../../../H-x86_64-mingw32/nios2-elf/lib\libstdc++.a(eh_term_handler.o)
 .text          0x000000000400a2d8        0x0 c:/intelfpga_lite/18.1/nios2eds/bin/gnu/h-x86_64-mingw32/bin/../lib/gcc/nios2-elf/5.3.0/../../../../../H-x86_64-mingw32/nios2-elf/lib\libstdc++.a(guard_error.o)
 .text._ZN9__gnu_cxx20recursive_init_errorD2Ev
                0x000000000400a2d8       0x10 c:/intelfpga_lite/18.1/nios2eds/bin/gnu/h-x86_64-mingw32/bin/../lib/gcc/nios2-elf/5.3.0/../../../../../H-x86_64-mingw32/nios2-elf/lib\libstdc++.a(guard_error.o)
                0x000000000400a2d8                __gnu_cxx::recursive_init_error::~recursive_init_error()
                0x000000000400a2d8                __gnu_cxx::recursive_init_error::~recursive_init_error()
 .text._ZN9__gnu_cxx20recursive_init_errorD0Ev
                0x000000000400a2e8       0x34 c:/intelfpga_lite/18.1/nios2eds/bin/gnu/h-x86_64-mingw32/bin/../lib/gcc/nios2-elf/5.3.0/../../../../../H-x86_64-mingw32/nios2-elf/lib\libstdc++.a(guard_error.o)
                0x000000000400a2e8                __gnu_cxx::recursive_init_error::~recursive_init_error()
 .text          0x000000000400a31c      0x1b4 c:/intelfpga_lite/18.1/nios2eds/bin/gnu/h-x86_64-mingw32/bin/../lib/gcc/nios2-elf/5.3.0\libgcc.a(lib2-divmod.o)
                0x000000000400a31c                __divsi3
                0x000000000400a3a0                __modsi3
                0x000000000400a414                __udivsi3
                0x000000000400a478                __umodsi3
 .text          0x000000000400a4d0      0x520 c:/intelfpga_lite/18.1/nios2eds/bin/gnu/h-x86_64-mingw32/bin/../lib/gcc/nios2-elf/5.3.0\libgcc.a(unwind-sjlj.o)
                0x000000000400a6d8                _Unwind_SjLj_Register
                0x000000000400a6f0                _Unwind_SjLj_Unregister
                0x000000000400a704                _Unwind_GetGR
                0x000000000400a720                _Unwind_GetCFA
                0x000000000400a738                _Unwind_SetGR
                0x000000000400a754                _Unwind_GetIP
                0x000000000400a764                _Unwind_GetIPInfo
                0x000000000400a784                _Unwind_SetIP
                0x000000000400a794                _Unwind_GetLanguageSpecificData
                0x000000000400a7a0                _Unwind_GetRegionStart
                0x000000000400a7a8                _Unwind_FindEnclosingFunction
                0x000000000400a7b0                _Unwind_GetDataRelBase
                0x000000000400a7b8                _Unwind_GetTextRelBase
                0x000000000400a7c0                _Unwind_SjLj_RaiseException
                0x000000000400a890                _Unwind_SjLj_ForcedUnwind
                0x000000000400a8d4                _Unwind_SjLj_Resume
                0x000000000400a918                _Unwind_SjLj_Resume_or_Rethrow
                0x000000000400a964                _Unwind_DeleteException
                0x000000000400a97c                _Unwind_Backtrace
 .text          0x000000000400a9f0        0x0 c:/intelfpga_lite/18.1/nios2eds/bin/gnu/h-x86_64-mingw32/bin/../lib/gcc/nios2-elf/5.3.0/../../../../../H-x86_64-mingw32/nios2-elf/lib\libc.a(lib_a-abort.o)
 .text.abort    0x000000000400a9f0       0x18 c:/intelfpga_lite/18.1/nios2eds/bin/gnu/h-x86_64-mingw32/bin/../lib/gcc/nios2-elf/5.3.0/../../../../../H-x86_64-mingw32/nios2-elf/lib\libc.a(lib_a-abort.o)
                0x000000000400a9f0                abort
 .text          0x000000000400aa08        0x0 c:/intelfpga_lite/18.1/nios2eds/bin/gnu/h-x86_64-mingw32/bin/../lib/gcc/nios2-elf/5.3.0/../../../../../H-x86_64-mingw32/nios2-elf/lib\libc.a(lib_a-clock.o)
 .text.clock    0x000000000400aa08       0x4c c:/intelfpga_lite/18.1/nios2eds/bin/gnu/h-x86_64-mingw32/bin/../lib/gcc/nios2-elf/5.3.0/../../../../../H-x86_64-mingw32/nios2-elf/lib\libc.a(lib_a-clock.o)
                0x000000000400aa08                clock
 .text          0x000000000400aa54        0x0 c:/intelfpga_lite/18.1/nios2eds/bin/gnu/h-x86_64-mingw32/bin/../lib/gcc/nios2-elf/5.3.0/../../../../../H-x86_64-mingw32/nios2-elf/lib\libc.a(lib_a-impure.o)
 .text          0x000000000400aa54        0x0 c:/intelfpga_lite/18.1/nios2eds/bin/gnu/h-x86_64-mingw32/bin/../lib/gcc/nios2-elf/5.3.0/../../../../../H-x86_64-mingw32/nios2-elf/lib\libc.a(lib_a-malloc.o)
 .text.malloc   0x000000000400aa54       0x14 c:/intelfpga_lite/18.1/nios2eds/bin/gnu/h-x86_64-mingw32/bin/../lib/gcc/nios2-elf/5.3.0/../../../../../H-x86_64-mingw32/nios2-elf/lib\libc.a(lib_a-malloc.o)
                0x000000000400aa54                malloc
 .text.free     0x000000000400aa68       0x14 c:/intelfpga_lite/18.1/nios2eds/bin/gnu/h-x86_64-mingw32/bin/../lib/gcc/nios2-elf/5.3.0/../../../../../H-x86_64-mingw32/nios2-elf/lib\libc.a(lib_a-malloc.o)
                0x000000000400aa68                free
 .text          0x000000000400aa7c        0x0 c:/intelfpga_lite/18.1/nios2eds/bin/gnu/h-x86_64-mingw32/bin/../lib/gcc/nios2-elf/5.3.0/../../../../../H-x86_64-mingw32/nios2-elf/lib\libc.a(lib_a-mallocr.o)
 .text._malloc_r
                0x000000000400aa7c      0x80c c:/intelfpga_lite/18.1/nios2eds/bin/gnu/h-x86_64-mingw32/bin/../lib/gcc/nios2-elf/5.3.0/../../../../../H-x86_64-mingw32/nios2-elf/lib\libc.a(lib_a-mallocr.o)
                0x000000000400aa7c                _malloc_r
 .text          0x000000000400b288        0x0 c:/intelfpga_lite/18.1/nios2eds/bin/gnu/h-x86_64-mingw32/bin/../lib/gcc/nios2-elf/5.3.0/../../../../../H-x86_64-mingw32/nios2-elf/lib\libc.a(lib_a-memcmp.o)
 .text.memcmp   0x000000000400b288       0x7c c:/intelfpga_lite/18.1/nios2eds/bin/gnu/h-x86_64-mingw32/bin/../lib/gcc/nios2-elf/5.3.0/../../../../../H-x86_64-mingw32/nios2-elf/lib\libc.a(lib_a-memcmp.o)
                0x000000000400b288                memcmp
 .text          0x000000000400b304        0x0 c:/intelfpga_lite/18.1/nios2eds/bin/gnu/h-x86_64-mingw32/bin/../lib/gcc/nios2-elf/5.3.0/../../../../../H-x86_64-mingw32/nios2-elf/lib\libc.a(lib_a-memcpy.o)
 .text.memcpy   0x000000000400b304      0x148 c:/intelfpga_lite/18.1/nios2eds/bin/gnu/h-x86_64-mingw32/bin/../lib/gcc/nios2-elf/5.3.0/../../../../../H-x86_64-mingw32/nios2-elf/lib\libc.a(lib_a-memcpy.o)
                0x000000000400b304                memcpy
 .text          0x000000000400b44c        0x0 c:/intelfpga_lite/18.1/nios2eds/bin/gnu/h-x86_64-mingw32/bin/../lib/gcc/nios2-elf/5.3.0/../../../../../H-x86_64-mingw32/nios2-elf/lib\libc.a(lib_a-memset.o)
 .text.memset   0x000000000400b44c      0x128 c:/intelfpga_lite/18.1/nios2eds/bin/gnu/h-x86_64-mingw32/bin/../lib/gcc/nios2-elf/5.3.0/../../../../../H-x86_64-mingw32/nios2-elf/lib\libc.a(lib_a-memset.o)
                0x000000000400b44c                memset
 .text          0x000000000400b574        0x0 c:/intelfpga_lite/18.1/nios2eds/bin/gnu/h-x86_64-mingw32/bin/../lib/gcc/nios2-elf/5.3.0/../../../../../H-x86_64-mingw32/nios2-elf/lib\libc.a(lib_a-printf.o)
 .text._printf_r
                0x000000000400b574       0x30 c:/intelfpga_lite/18.1/nios2eds/bin/gnu/h-x86_64-mingw32/bin/../lib/gcc/nios2-elf/5.3.0/../../../../../H-x86_64-mingw32/nios2-elf/lib\libc.a(lib_a-printf.o)
                0x000000000400b574                _printf_r
 .text.printf   0x000000000400b5a4       0x3c c:/intelfpga_lite/18.1/nios2eds/bin/gnu/h-x86_64-mingw32/bin/../lib/gcc/nios2-elf/5.3.0/../../../../../H-x86_64-mingw32/nios2-elf/lib\libc.a(lib_a-printf.o)
                0x000000000400b5a4                printf
 .text          0x000000000400b5e0        0x0 c:/intelfpga_lite/18.1/nios2eds/bin/gnu/h-x86_64-mingw32/bin/../lib/gcc/nios2-elf/5.3.0/../../../../../H-x86_64-mingw32/nios2-elf/lib\libc.a(lib_a-putchar.o)
 .text._putchar_r
                0x000000000400b5e0        0x8 c:/intelfpga_lite/18.1/nios2eds/bin/gnu/h-x86_64-mingw32/bin/../lib/gcc/nios2-elf/5.3.0/../../../../../H-x86_64-mingw32/nios2-elf/lib\libc.a(lib_a-putchar.o)
                0x000000000400b5e0                _putchar_r
 .text.putchar  0x000000000400b5e8       0x18 c:/intelfpga_lite/18.1/nios2eds/bin/gnu/h-x86_64-mingw32/bin/../lib/gcc/nios2-elf/5.3.0/../../../../../H-x86_64-mingw32/nios2-elf/lib\libc.a(lib_a-putchar.o)
                0x000000000400b5e8                putchar
 .text          0x000000000400b600        0x0 c:/intelfpga_lite/18.1/nios2eds/bin/gnu/h-x86_64-mingw32/bin/../lib/gcc/nios2-elf/5.3.0/../../../../../H-x86_64-mingw32/nios2-elf/lib\libc.a(lib_a-puts.o)
 .text._puts_r  0x000000000400b600       0xc0 c:/intelfpga_lite/18.1/nios2eds/bin/gnu/h-x86_64-mingw32/bin/../lib/gcc/nios2-elf/5.3.0/../../../../../H-x86_64-mingw32/nios2-elf/lib\libc.a(lib_a-puts.o)
                0x000000000400b600                _puts_r
 .text.puts     0x000000000400b6c0       0x14 c:/intelfpga_lite/18.1/nios2eds/bin/gnu/h-x86_64-mingw32/bin/../lib/gcc/nios2-elf/5.3.0/../../../../../H-x86_64-mingw32/nios2-elf/lib\libc.a(lib_a-puts.o)
                0x000000000400b6c0                puts
 .text          0x000000000400b6d4        0x0 c:/intelfpga_lite/18.1/nios2eds/bin/gnu/h-x86_64-mingw32/bin/../lib/gcc/nios2-elf/5.3.0/../../../../../H-x86_64-mingw32/nios2-elf/lib\libc.a(lib_a-sbrkr.o)
 .text._sbrk_r  0x000000000400b6d4       0x54 c:/intelfpga_lite/18.1/nios2eds/bin/gnu/h-x86_64-mingw32/bin/../lib/gcc/nios2-elf/5.3.0/../../../../../H-x86_64-mingw32/nios2-elf/lib\libc.a(lib_a-sbrkr.o)
                0x000000000400b6d4                _sbrk_r
 .text          0x000000000400b728        0x0 c:/intelfpga_lite/18.1/nios2eds/bin/gnu/h-x86_64-mingw32/bin/../lib/gcc/nios2-elf/5.3.0/../../../../../H-x86_64-mingw32/nios2-elf/lib\libc.a(lib_a-signal.o)
 .text._init_signal_r
                0x000000000400b728       0x6c c:/intelfpga_lite/18.1/nios2eds/bin/gnu/h-x86_64-mingw32/bin/../lib/gcc/nios2-elf/5.3.0/../../../../../H-x86_64-mingw32/nios2-elf/lib\libc.a(lib_a-signal.o)
                0x000000000400b728                _init_signal_r
 .text._signal_r
                0x000000000400b794       0x84 c:/intelfpga_lite/18.1/nios2eds/bin/gnu/h-x86_64-mingw32/bin/../lib/gcc/nios2-elf/5.3.0/../../../../../H-x86_64-mingw32/nios2-elf/lib\libc.a(lib_a-signal.o)
                0x000000000400b794                _signal_r
 .text._raise_r
                0x000000000400b818       0xbc c:/intelfpga_lite/18.1/nios2eds/bin/gnu/h-x86_64-mingw32/bin/../lib/gcc/nios2-elf/5.3.0/../../../../../H-x86_64-mingw32/nios2-elf/lib\libc.a(lib_a-signal.o)
                0x000000000400b818                _raise_r
 .text.__sigtramp_r
                0x000000000400b8d4       0xa8 c:/intelfpga_lite/18.1/nios2eds/bin/gnu/h-x86_64-mingw32/bin/../lib/gcc/nios2-elf/5.3.0/../../../../../H-x86_64-mingw32/nios2-elf/lib\libc.a(lib_a-signal.o)
                0x000000000400b8d4                __sigtramp_r
 .text.raise    0x000000000400b97c       0x14 c:/intelfpga_lite/18.1/nios2eds/bin/gnu/h-x86_64-mingw32/bin/../lib/gcc/nios2-elf/5.3.0/../../../../../H-x86_64-mingw32/nios2-elf/lib\libc.a(lib_a-signal.o)
                0x000000000400b97c                raise
 .text.signal   0x000000000400b990       0x18 c:/intelfpga_lite/18.1/nios2eds/bin/gnu/h-x86_64-mingw32/bin/../lib/gcc/nios2-elf/5.3.0/../../../../../H-x86_64-mingw32/nios2-elf/lib\libc.a(lib_a-signal.o)
                0x000000000400b990                signal
 .text._init_signal
                0x000000000400b9a8       0x10 c:/intelfpga_lite/18.1/nios2eds/bin/gnu/h-x86_64-mingw32/bin/../lib/gcc/nios2-elf/5.3.0/../../../../../H-x86_64-mingw32/nios2-elf/lib\libc.a(lib_a-signal.o)
                0x000000000400b9a8                _init_signal
 .text.__sigtramp
                0x000000000400b9b8       0x14 c:/intelfpga_lite/18.1/nios2eds/bin/gnu/h-x86_64-mingw32/bin/../lib/gcc/nios2-elf/5.3.0/../../../../../H-x86_64-mingw32/nios2-elf/lib\libc.a(lib_a-signal.o)
                0x000000000400b9b8                __sigtramp
 .text          0x000000000400b9cc        0x0 c:/intelfpga_lite/18.1/nios2eds/bin/gnu/h-x86_64-mingw32/bin/../lib/gcc/nios2-elf/5.3.0/../../../../../H-x86_64-mingw32/nios2-elf/lib\libc.a(lib_a-signalr.o)
 .text._kill_r  0x000000000400b9cc       0x5c c:/intelfpga_lite/18.1/nios2eds/bin/gnu/h-x86_64-mingw32/bin/../lib/gcc/nios2-elf/5.3.0/../../../../../H-x86_64-mingw32/nios2-elf/lib\libc.a(lib_a-signalr.o)
                0x000000000400b9cc                _kill_r
 .text._getpid_r
                0x000000000400ba28        0x4 c:/intelfpga_lite/18.1/nios2eds/bin/gnu/h-x86_64-mingw32/bin/../lib/gcc/nios2-elf/5.3.0/../../../../../H-x86_64-mingw32/nios2-elf/lib\libc.a(lib_a-signalr.o)
                0x000000000400ba28                _getpid_r
 .text          0x000000000400ba2c        0x0 c:/intelfpga_lite/18.1/nios2eds/bin/gnu/h-x86_64-mingw32/bin/../lib/gcc/nios2-elf/5.3.0/../../../../../H-x86_64-mingw32/nios2-elf/lib\libc.a(lib_a-strcmp.o)
 .text.strcmp   0x000000000400ba2c       0xdc c:/intelfpga_lite/18.1/nios2eds/bin/gnu/h-x86_64-mingw32/bin/../lib/gcc/nios2-elf/5.3.0/../../../../../H-x86_64-mingw32/nios2-elf/lib\libc.a(lib_a-strcmp.o)
                0x000000000400ba2c                strcmp
 .text          0x000000000400bb08        0x0 c:/intelfpga_lite/18.1/nios2eds/bin/gnu/h-x86_64-mingw32/bin/../lib/gcc/nios2-elf/5.3.0/../../../../../H-x86_64-mingw32/nios2-elf/lib\libc.a(lib_a-strlen.o)
 .text.strlen   0x000000000400bb08       0x98 c:/intelfpga_lite/18.1/nios2eds/bin/gnu/h-x86_64-mingw32/bin/../lib/gcc/nios2-elf/5.3.0/../../../../../H-x86_64-mingw32/nios2-elf/lib\libc.a(lib_a-strlen.o)
                0x000000000400bb08                strlen
 .text          0x000000000400bba0        0x0 c:/intelfpga_lite/18.1/nios2eds/bin/gnu/h-x86_64-mingw32/bin/../lib/gcc/nios2-elf/5.3.0/../../../../../H-x86_64-mingw32/nios2-elf/lib\libc.a(lib_a-timesr.o)
 .text._times_r
                0x000000000400bba0        0x8 c:/intelfpga_lite/18.1/nios2eds/bin/gnu/h-x86_64-mingw32/bin/../lib/gcc/nios2-elf/5.3.0/../../../../../H-x86_64-mingw32/nios2-elf/lib\libc.a(lib_a-timesr.o)
                0x000000000400bba0                _times_r
 .text          0x000000000400bba8        0x0 c:/intelfpga_lite/18.1/nios2eds/bin/gnu/h-x86_64-mingw32/bin/../lib/gcc/nios2-elf/5.3.0/../../../../../H-x86_64-mingw32/nios2-elf/lib\libc.a(lib_a-vfprintf.o)
 .text.___vfprintf_internal_r
                0x000000000400bba8     0x21f8 c:/intelfpga_lite/18.1/nios2eds/bin/gnu/h-x86_64-mingw32/bin/../lib/gcc/nios2-elf/5.3.0/../../../../../H-x86_64-mingw32/nios2-elf/lib\libc.a(lib_a-vfprintf.o)
                0x000000000400bba8                ___vfprintf_internal_r
 .text.__vfprintf_internal
                0x000000000400dda0       0x1c c:/intelfpga_lite/18.1/nios2eds/bin/gnu/h-x86_64-mingw32/bin/../lib/gcc/nios2-elf/5.3.0/../../../../../H-x86_64-mingw32/nios2-elf/lib\libc.a(lib_a-vfprintf.o)
                0x000000000400dda0                __vfprintf_internal
 .text.__sbprintf
                0x000000000400ddbc       0xbc c:/intelfpga_lite/18.1/nios2eds/bin/gnu/h-x86_64-mingw32/bin/../lib/gcc/nios2-elf/5.3.0/../../../../../H-x86_64-mingw32/nios2-elf/lib\libc.a(lib_a-vfprintf.o)
 .text          0x000000000400de78        0x0 c:/intelfpga_lite/18.1/nios2eds/bin/gnu/h-x86_64-mingw32/bin/../lib/gcc/nios2-elf/5.3.0/../../../../../H-x86_64-mingw32/nios2-elf/lib\libc.a(lib_a-wsetup.o)
 .text.__swsetup_r
                0x000000000400de78      0x154 c:/intelfpga_lite/18.1/nios2eds/bin/gnu/h-x86_64-mingw32/bin/../lib/gcc/nios2-elf/5.3.0/../../../../../H-x86_64-mingw32/nios2-elf/lib\libc.a(lib_a-wsetup.o)
                0x000000000400de78                __swsetup_r
 .text          0x000000000400dfcc        0x0 c:/intelfpga_lite/18.1/nios2eds/bin/gnu/h-x86_64-mingw32/bin/../lib/gcc/nios2-elf/5.3.0/../../../../../H-x86_64-mingw32/nios2-elf/lib\libc.a(lib_a-dtoa.o)
 .text.quorem   0x000000000400dfcc      0x200 c:/intelfpga_lite/18.1/nios2eds/bin/gnu/h-x86_64-mingw32/bin/../lib/gcc/nios2-elf/5.3.0/../../../../../H-x86_64-mingw32/nios2-elf/lib\libc.a(lib_a-dtoa.o)
 .text._dtoa_r  0x000000000400e1cc     0x1688 c:/intelfpga_lite/18.1/nios2eds/bin/gnu/h-x86_64-mingw32/bin/../lib/gcc/nios2-elf/5.3.0/../../../../../H-x86_64-mingw32/nios2-elf/lib\libc.a(lib_a-dtoa.o)
                0x000000000400e1cc                _dtoa_r
 .text          0x000000000400f854        0x0 c:/intelfpga_lite/18.1/nios2eds/bin/gnu/h-x86_64-mingw32/bin/../lib/gcc/nios2-elf/5.3.0/../../../../../H-x86_64-mingw32/nios2-elf/lib\libc.a(lib_a-fflush.o)
 .text.__sflush_r
                0x000000000400f854      0x21c c:/intelfpga_lite/18.1/nios2eds/bin/gnu/h-x86_64-mingw32/bin/../lib/gcc/nios2-elf/5.3.0/../../../../../H-x86_64-mingw32/nios2-elf/lib\libc.a(lib_a-fflush.o)
                0x000000000400f854                __sflush_r
 .text._fflush_r
                0x000000000400fa70       0x5c c:/intelfpga_lite/18.1/nios2eds/bin/gnu/h-x86_64-mingw32/bin/../lib/gcc/nios2-elf/5.3.0/../../../../../H-x86_64-mingw32/nios2-elf/lib\libc.a(lib_a-fflush.o)
                0x000000000400fa70                _fflush_r
 .text.fflush   0x000000000400facc       0x30 c:/intelfpga_lite/18.1/nios2eds/bin/gnu/h-x86_64-mingw32/bin/../lib/gcc/nios2-elf/5.3.0/../../../../../H-x86_64-mingw32/nios2-elf/lib\libc.a(lib_a-fflush.o)
                0x000000000400facc                fflush
 .text          0x000000000400fafc        0x0 c:/intelfpga_lite/18.1/nios2eds/bin/gnu/h-x86_64-mingw32/bin/../lib/gcc/nios2-elf/5.3.0/../../../../../H-x86_64-mingw32/nios2-elf/lib\libc.a(lib_a-findfp.o)
 .text.__fp_unlock
                0x000000000400fafc        0x8 c:/intelfpga_lite/18.1/nios2eds/bin/gnu/h-x86_64-mingw32/bin/../lib/gcc/nios2-elf/5.3.0/../../../../../H-x86_64-mingw32/nios2-elf/lib\libc.a(lib_a-findfp.o)
 .text._cleanup_r
                0x000000000400fb04        0xc c:/intelfpga_lite/18.1/nios2eds/bin/gnu/h-x86_64-mingw32/bin/../lib/gcc/nios2-elf/5.3.0/../../../../../H-x86_64-mingw32/nios2-elf/lib\libc.a(lib_a-findfp.o)
                0x000000000400fb04                _cleanup_r
 .text.__sinit.part.1
                0x000000000400fb10      0x19c c:/intelfpga_lite/18.1/nios2eds/bin/gnu/h-x86_64-mingw32/bin/../lib/gcc/nios2-elf/5.3.0/../../../../../H-x86_64-mingw32/nios2-elf/lib\libc.a(lib_a-findfp.o)
 .text.__fp_lock
                0x000000000400fcac        0x8 c:/intelfpga_lite/18.1/nios2eds/bin/gnu/h-x86_64-mingw32/bin/../lib/gcc/nios2-elf/5.3.0/../../../../../H-x86_64-mingw32/nios2-elf/lib\libc.a(lib_a-findfp.o)
 .text.__sfmoreglue
                0x000000000400fcb4       0x68 c:/intelfpga_lite/18.1/nios2eds/bin/gnu/h-x86_64-mingw32/bin/../lib/gcc/nios2-elf/5.3.0/../../../../../H-x86_64-mingw32/nios2-elf/lib\libc.a(lib_a-findfp.o)
                0x000000000400fcb4                __sfmoreglue
 .text.__sfp    0x000000000400fd1c      0x118 c:/intelfpga_lite/18.1/nios2eds/bin/gnu/h-x86_64-mingw32/bin/../lib/gcc/nios2-elf/5.3.0/../../../../../H-x86_64-mingw32/nios2-elf/lib\libc.a(lib_a-findfp.o)
                0x000000000400fd1c                __sfp
 .text._cleanup
                0x000000000400fe34       0x18 c:/intelfpga_lite/18.1/nios2eds/bin/gnu/h-x86_64-mingw32/bin/../lib/gcc/nios2-elf/5.3.0/../../../../../H-x86_64-mingw32/nios2-elf/lib\libc.a(lib_a-findfp.o)
                0x000000000400fe34                _cleanup
 .text.__sinit  0x000000000400fe4c       0x10 c:/intelfpga_lite/18.1/nios2eds/bin/gnu/h-x86_64-mingw32/bin/../lib/gcc/nios2-elf/5.3.0/../../../../../H-x86_64-mingw32/nios2-elf/lib\libc.a(lib_a-findfp.o)
                0x000000000400fe4c                __sinit
 .text.__sfp_lock_acquire
                0x000000000400fe5c        0x4 c:/intelfpga_lite/18.1/nios2eds/bin/gnu/h-x86_64-mingw32/bin/../lib/gcc/nios2-elf/5.3.0/../../../../../H-x86_64-mingw32/nios2-elf/lib\libc.a(lib_a-findfp.o)
                0x000000000400fe5c                __sfp_lock_acquire
 .text.__sfp_lock_release
                0x000000000400fe60        0x4 c:/intelfpga_lite/18.1/nios2eds/bin/gnu/h-x86_64-mingw32/bin/../lib/gcc/nios2-elf/5.3.0/../../../../../H-x86_64-mingw32/nios2-elf/lib\libc.a(lib_a-findfp.o)
                0x000000000400fe60                __sfp_lock_release
 .text.__sinit_lock_acquire
                0x000000000400fe64        0x4 c:/intelfpga_lite/18.1/nios2eds/bin/gnu/h-x86_64-mingw32/bin/../lib/gcc/nios2-elf/5.3.0/../../../../../H-x86_64-mingw32/nios2-elf/lib\libc.a(lib_a-findfp.o)
                0x000000000400fe64                __sinit_lock_acquire
 .text.__sinit_lock_release
                0x000000000400fe68        0x4 c:/intelfpga_lite/18.1/nios2eds/bin/gnu/h-x86_64-mingw32/bin/../lib/gcc/nios2-elf/5.3.0/../../../../../H-x86_64-mingw32/nios2-elf/lib\libc.a(lib_a-findfp.o)
                0x000000000400fe68                __sinit_lock_release
 .text.__fp_lock_all
                0x000000000400fe6c       0x18 c:/intelfpga_lite/18.1/nios2eds/bin/gnu/h-x86_64-mingw32/bin/../lib/gcc/nios2-elf/5.3.0/../../../../../H-x86_64-mingw32/nios2-elf/lib\libc.a(lib_a-findfp.o)
                0x000000000400fe6c                __fp_lock_all
 .text.__fp_unlock_all
                0x000000000400fe84       0x18 c:/intelfpga_lite/18.1/nios2eds/bin/gnu/h-x86_64-mingw32/bin/../lib/gcc/nios2-elf/5.3.0/../../../../../H-x86_64-mingw32/nios2-elf/lib\libc.a(lib_a-findfp.o)
                0x000000000400fe84                __fp_unlock_all
 .text          0x000000000400fe9c        0x0 c:/intelfpga_lite/18.1/nios2eds/bin/gnu/h-x86_64-mingw32/bin/../lib/gcc/nios2-elf/5.3.0/../../../../../H-x86_64-mingw32/nios2-elf/lib\libc.a(lib_a-freer.o)
 .text._malloc_trim_r
                0x000000000400fe9c      0x124 c:/intelfpga_lite/18.1/nios2eds/bin/gnu/h-x86_64-mingw32/bin/../lib/gcc/nios2-elf/5.3.0/../../../../../H-x86_64-mingw32/nios2-elf/lib\libc.a(lib_a-freer.o)
                0x000000000400fe9c                _malloc_trim_r
 .text._free_r  0x000000000400ffc0      0x310 c:/intelfpga_lite/18.1/nios2eds/bin/gnu/h-x86_64-mingw32/bin/../lib/gcc/nios2-elf/5.3.0/../../../../../H-x86_64-mingw32/nios2-elf/lib\libc.a(lib_a-freer.o)
                0x000000000400ffc0                _free_r
 .text          0x00000000040102d0        0x0 c:/intelfpga_lite/18.1/nios2eds/bin/gnu/h-x86_64-mingw32/bin/../lib/gcc/nios2-elf/5.3.0/../../../../../H-x86_64-mingw32/nios2-elf/lib\libc.a(lib_a-fvwrite.o)
 .text.__sfvwrite_r
                0x00000000040102d0      0x4bc c:/intelfpga_lite/18.1/nios2eds/bin/gnu/h-x86_64-mingw32/bin/../lib/gcc/nios2-elf/5.3.0/../../../../../H-x86_64-mingw32/nios2-elf/lib\libc.a(lib_a-fvwrite.o)
                0x00000000040102d0                __sfvwrite_r
 .text          0x000000000401078c        0x0 c:/intelfpga_lite/18.1/nios2eds/bin/gnu/h-x86_64-mingw32/bin/../lib/gcc/nios2-elf/5.3.0/../../../../../H-x86_64-mingw32/nios2-elf/lib\libc.a(lib_a-fwalk.o)
 .text._fwalk   0x000000000401078c       0xc4 c:/intelfpga_lite/18.1/nios2eds/bin/gnu/h-x86_64-mingw32/bin/../lib/gcc/nios2-elf/5.3.0/../../../../../H-x86_64-mingw32/nios2-elf/lib\libc.a(lib_a-fwalk.o)
                0x000000000401078c                _fwalk
 .text._fwalk_reent
                0x0000000004010850       0xc4 c:/intelfpga_lite/18.1/nios2eds/bin/gnu/h-x86_64-mingw32/bin/../lib/gcc/nios2-elf/5.3.0/../../../../../H-x86_64-mingw32/nios2-elf/lib\libc.a(lib_a-fwalk.o)
                0x0000000004010850                _fwalk_reent
 .text          0x0000000004010914        0x0 c:/intelfpga_lite/18.1/nios2eds/bin/gnu/h-x86_64-mingw32/bin/../lib/gcc/nios2-elf/5.3.0/../../../../../H-x86_64-mingw32/nios2-elf/lib\libc.a(lib_a-int_errno.o)
 .text          0x0000000004010914        0x0 c:/intelfpga_lite/18.1/nios2eds/bin/gnu/h-x86_64-mingw32/bin/../lib/gcc/nios2-elf/5.3.0/../../../../../H-x86_64-mingw32/nios2-elf/lib\libc.a(lib_a-locale.o)
 .text._setlocale_r
                0x0000000004010914       0x7c c:/intelfpga_lite/18.1/nios2eds/bin/gnu/h-x86_64-mingw32/bin/../lib/gcc/nios2-elf/5.3.0/../../../../../H-x86_64-mingw32/nios2-elf/lib\libc.a(lib_a-locale.o)
                0x0000000004010914                _setlocale_r
 .text.__locale_charset
                0x0000000004010990        0xc c:/intelfpga_lite/18.1/nios2eds/bin/gnu/h-x86_64-mingw32/bin/../lib/gcc/nios2-elf/5.3.0/../../../../../H-x86_64-mingw32/nios2-elf/lib\libc.a(lib_a-locale.o)
                0x0000000004010990                __locale_charset
 .text.__locale_mb_cur_max
                0x000000000401099c       0x10 c:/intelfpga_lite/18.1/nios2eds/bin/gnu/h-x86_64-mingw32/bin/../lib/gcc/nios2-elf/5.3.0/../../../../../H-x86_64-mingw32/nios2-elf/lib\libc.a(lib_a-locale.o)
                0x000000000401099c                __locale_mb_cur_max
 .text.__locale_msgcharset
                0x00000000040109ac        0xc c:/intelfpga_lite/18.1/nios2eds/bin/gnu/h-x86_64-mingw32/bin/../lib/gcc/nios2-elf/5.3.0/../../../../../H-x86_64-mingw32/nios2-elf/lib\libc.a(lib_a-locale.o)
                0x00000000040109ac                __locale_msgcharset
 .text.__locale_cjk_lang
                0x00000000040109b8        0x8 c:/intelfpga_lite/18.1/nios2eds/bin/gnu/h-x86_64-mingw32/bin/../lib/gcc/nios2-elf/5.3.0/../../../../../H-x86_64-mingw32/nios2-elf/lib\libc.a(lib_a-locale.o)
                0x00000000040109b8                __locale_cjk_lang
 .text._localeconv_r
                0x00000000040109c0        0xc c:/intelfpga_lite/18.1/nios2eds/bin/gnu/h-x86_64-mingw32/bin/../lib/gcc/nios2-elf/5.3.0/../../../../../H-x86_64-mingw32/nios2-elf/lib\libc.a(lib_a-locale.o)
                0x00000000040109c0                _localeconv_r
 .text.setlocale
                0x00000000040109cc       0x18 c:/intelfpga_lite/18.1/nios2eds/bin/gnu/h-x86_64-mingw32/bin/../lib/gcc/nios2-elf/5.3.0/../../../../../H-x86_64-mingw32/nios2-elf/lib\libc.a(lib_a-locale.o)
                0x00000000040109cc                setlocale
 .text.localeconv
                0x00000000040109e4        0xc c:/intelfpga_lite/18.1/nios2eds/bin/gnu/h-x86_64-mingw32/bin/../lib/gcc/nios2-elf/5.3.0/../../../../../H-x86_64-mingw32/nios2-elf/lib\libc.a(lib_a-locale.o)
                0x00000000040109e4                localeconv
 .text          0x00000000040109f0        0x0 c:/intelfpga_lite/18.1/nios2eds/bin/gnu/h-x86_64-mingw32/bin/../lib/gcc/nios2-elf/5.3.0/../../../../../H-x86_64-mingw32/nios2-elf/lib\libc.a(lib_a-makebuf.o)
 .text.__smakebuf_r
                0x00000000040109f0      0x1bc c:/intelfpga_lite/18.1/nios2eds/bin/gnu/h-x86_64-mingw32/bin/../lib/gcc/nios2-elf/5.3.0/../../../../../H-x86_64-mingw32/nios2-elf/lib\libc.a(lib_a-makebuf.o)
                0x00000000040109f0                __smakebuf_r
 .text          0x0000000004010bac        0x0 c:/intelfpga_lite/18.1/nios2eds/bin/gnu/h-x86_64-mingw32/bin/../lib/gcc/nios2-elf/5.3.0/../../../../../H-x86_64-mingw32/nios2-elf/lib\libc.a(lib_a-memchr.o)
 .text.memchr   0x0000000004010bac       0xe4 c:/intelfpga_lite/18.1/nios2eds/bin/gnu/h-x86_64-mingw32/bin/../lib/gcc/nios2-elf/5.3.0/../../../../../H-x86_64-mingw32/nios2-elf/lib\libc.a(lib_a-memchr.o)
                0x0000000004010bac                memchr
 .text          0x0000000004010c90        0x0 c:/intelfpga_lite/18.1/nios2eds/bin/gnu/h-x86_64-mingw32/bin/../lib/gcc/nios2-elf/5.3.0/../../../../../H-x86_64-mingw32/nios2-elf/lib\libc.a(lib_a-memmove.o)
 .text.memmove  0x0000000004010c90      0x15c c:/intelfpga_lite/18.1/nios2eds/bin/gnu/h-x86_64-mingw32/bin/../lib/gcc/nios2-elf/5.3.0/../../../../../H-x86_64-mingw32/nios2-elf/lib\libc.a(lib_a-memmove.o)
                0x0000000004010c90                memmove
 .text          0x0000000004010dec        0x0 c:/intelfpga_lite/18.1/nios2eds/bin/gnu/h-x86_64-mingw32/bin/../lib/gcc/nios2-elf/5.3.0/../../../../../H-x86_64-mingw32/nios2-elf/lib\libc.a(lib_a-mprec.o)
 .text._Balloc  0x0000000004010dec       0xa8 c:/intelfpga_lite/18.1/nios2eds/bin/gnu/h-x86_64-mingw32/bin/../lib/gcc/nios2-elf/5.3.0/../../../../../H-x86_64-mingw32/nios2-elf/lib\libc.a(lib_a-mprec.o)
                0x0000000004010dec                _Balloc
 .text._Bfree   0x0000000004010e94       0x28 c:/intelfpga_lite/18.1/nios2eds/bin/gnu/h-x86_64-mingw32/bin/../lib/gcc/nios2-elf/5.3.0/../../../../../H-x86_64-mingw32/nios2-elf/lib\libc.a(lib_a-mprec.o)
                0x0000000004010e94                _Bfree
 .text.__multadd
                0x0000000004010ebc      0x120 c:/intelfpga_lite/18.1/nios2eds/bin/gnu/h-x86_64-mingw32/bin/../lib/gcc/nios2-elf/5.3.0/../../../../../H-x86_64-mingw32/nios2-elf/lib\libc.a(lib_a-mprec.o)
                0x0000000004010ebc                __multadd
 .text.__s2b    0x0000000004010fdc      0x104 c:/intelfpga_lite/18.1/nios2eds/bin/gnu/h-x86_64-mingw32/bin/../lib/gcc/nios2-elf/5.3.0/../../../../../H-x86_64-mingw32/nios2-elf/lib\libc.a(lib_a-mprec.o)
                0x0000000004010fdc                __s2b
 .text.__hi0bits
                0x00000000040110e0       0x68 c:/intelfpga_lite/18.1/nios2eds/bin/gnu/h-x86_64-mingw32/bin/../lib/gcc/nios2-elf/5.3.0/../../../../../H-x86_64-mingw32/nios2-elf/lib\libc.a(lib_a-mprec.o)
                0x00000000040110e0                __hi0bits
 .text.__lo0bits
                0x0000000004011148       0xb0 c:/intelfpga_lite/18.1/nios2eds/bin/gnu/h-x86_64-mingw32/bin/../lib/gcc/nios2-elf/5.3.0/../../../../../H-x86_64-mingw32/nios2-elf/lib\libc.a(lib_a-mprec.o)
                0x0000000004011148                __lo0bits
 .text.__i2b    0x00000000040111f8       0x3c c:/intelfpga_lite/18.1/nios2eds/bin/gnu/h-x86_64-mingw32/bin/../lib/gcc/nios2-elf/5.3.0/../../../../../H-x86_64-mingw32/nios2-elf/lib\libc.a(lib_a-mprec.o)
                0x00000000040111f8                __i2b
 .text.__multiply
                0x0000000004011234      0x1f8 c:/intelfpga_lite/18.1/nios2eds/bin/gnu/h-x86_64-mingw32/bin/../lib/gcc/nios2-elf/5.3.0/../../../../../H-x86_64-mingw32/nios2-elf/lib\libc.a(lib_a-mprec.o)
                0x0000000004011234                __multiply
 .text.__pow5mult
                0x000000000401142c      0x140 c:/intelfpga_lite/18.1/nios2eds/bin/gnu/h-x86_64-mingw32/bin/../lib/gcc/nios2-elf/5.3.0/../../../../../H-x86_64-mingw32/nios2-elf/lib\libc.a(lib_a-mprec.o)
                0x000000000401142c                __pow5mult
 .text.__lshift
                0x000000000401156c      0x148 c:/intelfpga_lite/18.1/nios2eds/bin/gnu/h-x86_64-mingw32/bin/../lib/gcc/nios2-elf/5.3.0/../../../../../H-x86_64-mingw32/nios2-elf/lib\libc.a(lib_a-mprec.o)
                0x000000000401156c                __lshift
 .text.__mcmp   0x00000000040116b4       0x60 c:/intelfpga_lite/18.1/nios2eds/bin/gnu/h-x86_64-mingw32/bin/../lib/gcc/nios2-elf/5.3.0/../../../../../H-x86_64-mingw32/nios2-elf/lib\libc.a(lib_a-mprec.o)
                0x00000000040116b4                __mcmp
 .text.__mdiff  0x0000000004011714      0x1fc c:/intelfpga_lite/18.1/nios2eds/bin/gnu/h-x86_64-mingw32/bin/../lib/gcc/nios2-elf/5.3.0/../../../../../H-x86_64-mingw32/nios2-elf/lib\libc.a(lib_a-mprec.o)
                0x0000000004011714                __mdiff