Archive member included to satisfy reference by file (symbol)

c:/intelfpga_lite/18.1/nios2eds/bin/gnu/h-x86_64-mingw32/bin/../lib/gcc/nios2-elf/5.3.0/../../../../../H-x86_64-mingw32/nios2-elf/lib\libstdc++.a(si_class_type_info.o)
                              obj/default/Ethernet/EthernetClient.o (vtable for __cxxabiv1::__si_class_type_info)
c:/intelfpga_lite/18.1/nios2eds/bin/gnu/h-x86_64-mingw32/bin/../lib/gcc/nios2-elf/5.3.0/../../../../../H-x86_64-mingw32/nios2-elf/lib\libstdc++.a(tinfo.o)
                              c:/intelfpga_lite/18.1/nios2eds/bin/gnu/h-x86_64-mingw32/bin/../lib/gcc/nios2-elf/5.3.0/../../../../../H-x86_64-mingw32/nios2-elf/lib\libstdc++.a(si_class_type_info.o) (std::type_info::__is_function_p() const)
c:/intelfpga_lite/18.1/nios2eds/bin/gnu/h-x86_64-mingw32/bin/../lib/gcc/nios2-elf/5.3.0/../../../../../H-x86_64-mingw32/nios2-elf/lib\libstdc++.a(eh_personality.o)
                              obj/default/Ethernet/Dhcp.o (__gxx_personality_sj0)
c:/intelfpga_lite/18.1/nios2eds/bin/gnu/h-x86_64-mingw32/bin/../lib/gcc/nios2-elf/5.3.0/../../../../../H-x86_64-mingw32/nios2-elf/lib\libstdc++.a(del_op.o)
                              obj/default/Ethernet/EthernetClient.o (operator delete(void*))
c:/intelfpga_lite/18.1/nios2eds/bin/gnu/h-x86_64-mingw32/bin/../lib/gcc/nios2-elf/5.3.0/../../../../../H-x86_64-mingw32/nios2-elf/lib\libstdc++.a(eh_throw.o)
                              c:/intelfpga_lite/18.1/nios2eds/bin/gnu/h-x86_64-mingw32/bin/../lib/gcc/nios2-elf/5.3.0/../../../../../H-x86_64-mingw32/nios2-elf/lib\libstdc++.a(eh_personality.o) (__cxa_throw)
c:/intelfpga_lite/18.1/nios2eds/bin/gnu/h-x86_64-mingw32/bin/../lib/gcc/nios2-elf/5.3.0/../../../../../H-x86_64-mingw32/nios2-elf/lib\libstdc++.a(pure.o)
                              obj/default/Ethernet/Ethernet.o (__cxa_pure_virtual)
c:/intelfpga_lite/18.1/nios2eds/bin/gnu/h-x86_64-mingw32/bin/../lib/gcc/nios2-elf/5.3.0/../../../../../H-x86_64-mingw32/nios2-elf/lib\libstdc++.a(guard.o)
                              obj/default/Ethernet/Ethernet.o (__cxa_guard_acquire)
c:/intelfpga_lite/18.1/nios2eds/bin/gnu/h-x86_64-mingw32/bin/../lib/gcc/nios2-elf/5.3.0/../../../../../H-x86_64-mingw32/nios2-elf/lib\libstdc++.a(eh_catch.o)
                              c:/intelfpga_lite/18.1/nios2eds/bin/gnu/h-x86_64-mingw32/bin/../lib/gcc/nios2-elf/5.3.0/../../../../../H-x86_64-mingw32/nios2-elf/lib\libstdc++.a(eh_personality.o) (__cxa_begin_catch)
c:/intelfpga_lite/18.1/nios2eds/bin/gnu/h-x86_64-mingw32/bin/../lib/gcc/nios2-elf/5.3.0/../../../../../H-x86_64-mingw32/nios2-elf/lib\libstdc++.a(class_type_info.o)
                              c:/intelfpga_lite/18.1/nios2eds/bin/gnu/h-x86_64-mingw32/bin/../lib/gcc/nios2-elf/5.3.0/../../../../../H-x86_64-mingw32/nios2-elf/lib\libstdc++.a(si_class_type_info.o) (__cxxabiv1::__class_type_info::__do_upcast(__cxxabiv1::__class_type_info const*, void**) const)
c:/intelfpga_lite/18.1/nios2eds/bin/gnu/h-x86_64-mingw32/bin/../lib/gcc/nios2-elf/5.3.0/../../../../../H-x86_64-mingw32/nios2-elf/lib\libstdc++.a(eh_terminate.o)
                              c:/intelfpga_lite/18.1/nios2eds/bin/gnu/h-x86_64-mingw32/bin/../lib/gcc/nios2-elf/5.3.0/../../../../../H-x86_64-mingw32/nios2-elf/lib\libstdc++.a(eh_personality.o) (__cxxabiv1::__terminate(void (*)()))
c:/intelfpga_lite/18.1/nios2eds/bin/gnu/h-x86_64-mingw32/bin/../lib/gcc/nios2-elf/5.3.0/../../../../../H-x86_64-mingw32/nios2-elf/lib\libstdc++.a(eh_unex_handler.o)
                              c:/intelfpga_lite/18.1/nios2eds/bin/gnu/h-x86_64-mingw32/bin/../lib/gcc/nios2-elf/5.3.0/../../../../../H-x86_64-mingw32/nios2-elf/lib\libstdc++.a(eh_terminate.o) (__cxxabiv1::__unexpected_handler)
c:/intelfpga_lite/18.1/nios2eds/bin/gnu/h-x86_64-mingw32/bin/../lib/gcc/nios2-elf/5.3.0/../../../../../H-x86_64-mingw32/nios2-elf/lib\libstdc++.a(eh_alloc.o)
                              c:/intelfpga_lite/18.1/nios2eds/bin/gnu/h-x86_64-mingw32/bin/../lib/gcc/nios2-elf/5.3.0/../../../../../H-x86_64-mingw32/nios2-elf/lib\libstdc++.a(eh_personality.o) (__cxa_allocate_exception)
c:/intelfpga_lite/18.1/nios2eds/bin/gnu/h-x86_64-mingw32/bin/../lib/gcc/nios2-elf/5.3.0/../../../../../H-x86_64-mingw32/nios2-elf/lib\libstdc++.a(eh_call.o)
                              c:/intelfpga_lite/18.1/nios2eds/bin/gnu/h-x86_64-mingw32/bin/../lib/gcc/nios2-elf/5.3.0/../../../../../H-x86_64-mingw32/nios2-elf/lib\libstdc++.a(eh_personality.o) (__cxa_call_terminate)
c:/intelfpga_lite/18.1/nios2eds/bin/gnu/h-x86_64-mingw32/bin/../lib/gcc/nios2-elf/5.3.0/../../../../../H-x86_64-mingw32/nios2-elf/lib\libstdc++.a(eh_globals.o)
                              c:/intelfpga_lite/18.1/nios2eds/bin/gnu/h-x86_64-mingw32/bin/../lib/gcc/nios2-elf/5.3.0/../../../../../H-x86_64-mingw32/nios2-elf/lib\libstdc++.a(eh_personality.o) (__cxa_get_globals_fast)
c:/intelfpga_lite/18.1/nios2eds/bin/gnu/h-x86_64-mingw32/bin/../lib/gcc/nios2-elf/5.3.0/../../../../../H-x86_64-mingw32/nios2-elf/lib\libstdc++.a(eh_exception.o)
[...]
Memory Configuration

Name             Origin             Length             Attributes
reset            0x0000000004000000 0x0000000000000020
sdram            0x0000000004000020 0x0000000003ffffe0
*default*        0x0000000000000000 0xffffffffffffffff

Linker script and memory map

LOAD ../final_project_bsp//obj/HAL/src/crt0.o
LOAD obj/default/pixel_vga.o
LOAD obj/default/Ethernet/Dhcp.o
LOAD obj/default/Ethernet/Dns.o
LOAD obj/default/Ethernet/Ethernet.o
LOAD obj/default/Ethernet/EthernetClient.o
LOAD obj/default/Ethernet/EthernetServer.o
LOAD obj/default/Ethernet/EthernetUdp.o
LOAD obj/default/Ethernet/socket.o
LOAD obj/default/Ethernet/utility/IPAddress.o
LOAD obj/default/Ethernet/utility/w5100.o
LOAD obj/default/main.o
LOAD c:/intelfpga_lite/18.1/nios2eds/bin/gnu/h-x86_64-mingw32/bin/../lib/gcc/nios2-elf/5.3.0/../../../../../H-x86_64-mingw32/nios2-elf/lib\libstdc++.a
LOAD c:/intelfpga_lite/18.1/nios2eds/bin/gnu/h-x86_64-mingw32/bin/../lib/gcc/nios2-elf/5.3.0/../../../../../H-x86_64-mingw32/nios2-elf/lib\libm.a
LOAD c:/intelfpga_lite/18.1/nios2eds/bin/gnu/h-x86_64-mingw32/bin/../lib/gcc/nios2-elf/5.3.0\libgcc.a
START GROUP
LOAD c:/intelfpga_lite/18.1/nios2eds/bin/gnu/h-x86_64-mingw32/bin/../lib/gcc/nios2-elf/5.3.0/../../../../../H-x86_64-mingw32/nios2-elf/lib\libc.a
LOAD c:/intelfpga_lite/18.1/nios2eds/bin/gnu/h-x86_64-mingw32/bin/../lib/gcc/nios2-elf/5.3.0\libgcc.a
LOAD ../final_project_bsp/\libhal_bsp.a
LOAD c:/intelfpga_lite/18.1/nios2eds/bin/gnu/h-x86_64-mingw32/bin/../lib/gcc/nios2-elf/5.3.0/../../../../../H-x86_64-mingw32/nios2-elf/lib\libm.a
END GROUP
LOAD c:/intelfpga_lite/18.1/nios2eds/bin/gnu/h-x86_64-mingw32/bin/../lib/gcc/nios2-elf/5.3.0\libgcc.a
                0x0000000004000000                __alt_mem_sdram = 0x4000000

.entry          0x0000000004000000       0x20
 *(.entry)
 .entry         0x0000000004000000       0x20 ../final_project_bsp//obj/HAL/src/crt0.o
                0x0000000004000000                __reset

.exceptions     0x0000000004000020      0x224
                0x0000000004000020                PROVIDE (__ram_exceptions_start, ABSOLUTE (.))
                0x0000000004000020                . = ALIGN (0x20)
 *(.irq)
 *(.exceptions.entry.label)
 .exceptions.entry.label
                0x0000000004000020        0x0 ../final_project_bsp/\libhal_bsp.a(alt_irq_entry.o)
                0x0000000004000020                alt_irq_entry
 .exceptions.entry.label
                0x0000000004000020        0x0 ../final_project_bsp/\libhal_bsp.a(alt_exception_entry.o)
                0x0000000004000020                alt_exception
 *(.exceptions.entry.user)
 *(.exceptions.entry.ecc_fatal)
 *(.exceptions.entry)
 .exceptions.entry
                0x0000000004000020       0x54 ../final_project_bsp/\libhal_bsp.a(alt_exception_entry.o)
 *(.exceptions.irqtest.user)
 *(.exceptions.irqtest)
 .exceptions.irqtest
                0x0000000004000074       0x10 ../final_project_bsp/\libhal_bsp.a(alt_irq_entry.o)
 *(.exceptions.irqhandler.user)
 *(.exceptions.irqhandler)
 .exceptions.irqhandler
                0x0000000004000084        0x4 ../final_project_bsp/\libhal_bsp.a(alt_irq_entry.o)
 *(.exceptions.irqreturn.user)
 *(.exceptions.irqreturn)
 .exceptions.irqreturn
                0x0000000004000088        0x4 ../final_project_bsp/\libhal_bsp.a(alt_irq_entry.o)
 *(.exceptions.notirq.label)
 .exceptions.notirq.label
                0x000000000400008c        0x0 ../final_project_bsp/\libhal_bsp.a(alt_irq_entry.o)
 *(.exceptions.notirq.user)
 *(.exceptions.notirq)
 .exceptions.notirq
                0x000000000400008c        0x8 ../final_project_bsp/\libhal_bsp.a(alt_exception_entry.o)
 *(.exceptions.soft.user)
 *(.exceptions.soft)
 *(.exceptions.unknown.user)
 *(.exceptions.unknown)
 .exceptions.unknown
                0x0000000004000094       0x14 ../final_project_bsp/\libhal_bsp.a(alt_exception_entry.o)
 *(.exceptions.exit.label)
 .exceptions.exit.label
                0x00000000040000a8        0x0 ../final_project_bsp/\libhal_bsp.a(alt_irq_entry.o)
 .exceptions.exit.label
                0x00000000040000a8        0x0 ../final_project_bsp/\libhal_bsp.a(alt_exception_entry.o)
 *(.exceptions.exit.user)
 *(.exceptions.exit)
 .exceptions.exit
                0x00000000040000a8       0x54 ../final_project_bsp/\libhal_bsp.a(alt_exception_entry.o)
 *(.exceptions)
 .exceptions    0x00000000040000fc       0xd4 ../final_project_bsp/\libhal_bsp.a(alt_irq_handler.o)
                0x00000000040000fc                alt_irq_handler
 .exceptions    0x00000000040001d0       0x74 ../final_project_bsp/\libhal_bsp.a(alt_instruction_exception_entry.o)
                0x00000000040001d0                alt_instruction_exception_entry
                0x0000000004000244                PROVIDE (__ram_exceptions_end, ABSOLUTE (.))
                0x0000000004000020                PROVIDE (__flash_exceptions_start, LOADADDR (.exceptions))

.text           0x0000000004000244    0x1a96c
                [!provide]                        PROVIDE (stext, ABSOLUTE (.))
 *(.interp)
 *(.hash)
 *(.dynsym)
 *(.dynstr)
 *(.gnu.version)
 *(.gnu.version_d)
 *(.gnu.version_r)
 *(.rel.init)
 *(.rela.init)
 *(.rel.text .rel.text.* .rel.gnu.linkonce.t.*)
 *(.rela.text .rela.text.* .rela.gnu.linkonce.t.*)
 *(.rel.fini)
 *(.rela.fini)
 *(.rel.rodata .rel.rodata.* .rel.gnu.linkonce.r.*)
 *(.rela.rodata .rela.rodata.* .rela.gnu.linkonce.r.*)
 *(.rel.data .rel.data.* .rel.gnu.linkonce.d.*)
 *(.rela.data .rela.data.* .rela.gnu.linkonce.d.*)
 *(.rel.tdata .rel.tdata.* .rel.gnu.linkonce.td.*)
 *(.rela.tdata .rela.tdata.* .rela.gnu.linkonce.td.*)
 *(.rel.tbss .rel.tbss.* .rel.gnu.linkonce.tb.*)
 *(.rela.tbss .rela.tbss.* .rela.gnu.linkonce.tb.*)
 *(.rel.ctors)
 *(.rela.ctors)
 *(.rel.dtors)
 *(.rela.dtors)
 *(.rel.got)
 *(.rela.got)
 *(.rel.sdata .rel.sdata.* .rel.gnu.linkonce.s.*)
 *(.rela.sdata .rela.sdata.* .rela.gnu.linkonce.s.*)
 *(.rel.sbss .rel.sbss.* .rel.gnu.linkonce.sb.*)
 *(.rela.sbss .rela.sbss.* .rela.gnu.linkonce.sb.*)
 *(.rel.sdata2 .rel.sdata2.* .rel.gnu.linkonce.s2.*)
 *(.rela.sdata2 .rela.sdata2.* .rela.gnu.linkonce.s2.*)
 *(.rel.sbss2 .rel.sbss2.* .rel.gnu.linkonce.sb2.*)
 *(.rela.sbss2 .rela.sbss2.* .rela.gnu.linkonce.sb2.*)
 *(.rel.bss .rel.bss.* .rel.gnu.linkonce.b.*)
 *(.rela.bss .rela.bss.* .rela.gnu.linkonce.b.*)
 *(.rel.plt)
 *(.rela.plt)
 *(.rel.dyn)
 *(.init)
 *(.plt)
 *(.text .stub .text.* .gnu.linkonce.t.*)
 .text          0x0000000004000244       0x4c ../final_project_bsp//obj/HAL/src/crt0.o
                0x0000000004000244                _start
 .text          0x0000000004000290      0xe98 obj/default/pixel_vga.o
                0x0000000004000290                set_color_palette
                0x0000000004000334                init_color_palette
                0x0000000004000400                draw_rectangle
                0x000000000400053c                debug
                0x0000000004000600                draw_background
                0x0000000004000658                draw_char
                0x000000000400087c                draw_string
                0x0000000004000e84                draw_sample
                0x0000000004001094                isDiscord
 .text          0x0000000004001128     0x14c0 obj/default/Ethernet/Dhcp.o
                0x0000000004001128                DhcpClass::beginWithDHCP(unsigned char*, unsigned long, unsigned long)
                0x00000000040011d4                DhcpClass::reset_DHCP_lease()
                0x0000000004001218                DhcpClass::request_DHCP_lease()
                0x00000000040015a0                DhcpClass::presend_DHCP()
                0x00000000040015c4                DhcpClass::send_DHCP_MESSAGE(unsigned char, unsigned short)
                0x0000000004001a14                DhcpClass::parseDHCPResponse(unsigned long, unsigned long&)
                0x00000000040021dc                DhcpClass::checkLease()
                0x0000000004002368                DhcpClass::getLocalIp()
                0x00000000040023a8                DhcpClass::getSubnetMask()
                0x00000000040023e8                DhcpClass::getGatewayIp()
                0x0000000004002428                DhcpClass::getDhcpServerIp()
                0x0000000004002468                DhcpClass::getDnsServerIp()
                0x00000000040024a8                DhcpClass::printByte(char*, unsigned char)
 .text._ZNK9IPAddresseqERKS_
                0x00000000040025e8       0x38 obj/default/Ethernet/Dhcp.o
                0x00000000040025e8                IPAddress::operator==(IPAddress const&) const
 .text._ZN11EthernetUDP8remoteIPEv
                0x0000000004002620       0x28 obj/default/Ethernet/Dhcp.o
                0x0000000004002620                EthernetUDP::remoteIP()
 .text._ZN11EthernetUDP10remotePortEv
                0x0000000004002648       0x28 obj/default/Ethernet/Dhcp.o
                0x0000000004002648                EthernetUDP::remotePort()
 .text          0x0000000004002670      0xad0 obj/default/Ethernet/Dns.o
                0x0000000004002670                DNSClient::begin(IPAddress const&)
                0x00000000040026b0                DNSClient::inet_aton(char const*, IPAddress&)
                0x00000000040027e0                DNSClient::getHostByName(char const*, IPAddress&, unsigned short)
                0x0000000004002970                DNSClient::BuildRequest(char const*)
                0x0000000004002bb8                DNSClient::ProcessResponse(unsigned short, IPAddress&)
 .text._ZN9IPAddress11raw_addressEv
                0x0000000004003140       0x24 obj/default/Ethernet/Dns.o
                0x0000000004003140                IPAddress::raw_address()
 .text._ZNK9IPAddresscvmEv
                0x0000000004003164       0x28 obj/default/Ethernet/Dns.o
                0x0000000004003164                IPAddress::operator unsigned long() const
 .text._ZN9IPAddressixEi
                0x000000000400318c       0x30 obj/default/Ethernet/Dns.o
                0x000000000400318c                IPAddress::operator[](int)
 .text          0x00000000040031bc      0x9b8 obj/default/Ethernet/Ethernet.o
                0x00000000040031bc                EthernetClass::begin(unsigned char*, unsigned long, unsigned long)
                0x0000000004003448                EthernetClass::begin(unsigned char*, IPAddress)
                0x00000000040034a8                EthernetClass::begin(unsigned char*, IPAddress, IPAddress)
                0x0000000004003510                EthernetClass::begin(unsigned char*, IPAddress, IPAddress, IPAddress)
                0x000000000400357c                EthernetClass::begin(unsigned char*, IPAddress, IPAddress, IPAddress, IPAddress)
                0x0000000004003630                EthernetClass::init(unsigned char)
                0x000000000400366c                EthernetClass::linkStatus()
                0x00000000040036c4                EthernetClass::hardwareStatus()
                0x0000000004003724                EthernetClass::maintain()
                0x0000000004003814                EthernetClass::MACAddress(unsigned char*)
                0x000000000400384c                EthernetClass::localIP()
                0x0000000004003890                EthernetClass::subnetMask()
                0x00000000040038d4                EthernetClass::gatewayIP()
                0x0000000004003918                EthernetClass::setMACAddress(unsigned char const*)
                0x0000000004003954                EthernetClass::setLocalIP(IPAddress)
                0x00000000040039a0                EthernetClass::setSubnetMask(IPAddress)
                0x00000000040039ec                EthernetClass::setGatewayIP(IPAddress)
                0x0000000004003a38                EthernetClass::setRetransmissionTimeout(unsigned short)
                0x0000000004003a98                EthernetClass::setRetransmissionCount(unsigned char)
 .text._ZN3UDP14beginMulticastE9IPAddresst
                0x0000000004003b74       0x30 obj/default/Ethernet/Ethernet.o
                0x0000000004003b74                UDP::beginMulticast(IPAddress, unsigned short)
 .text._ZN3UDPC2Ev
                0x0000000004003ba4       0x34 obj/default/Ethernet/Ethernet.o
                0x0000000004003ba4                UDP::UDP()
                0x0000000004003ba4                UDP::UDP()
 .text._ZN11EthernetUDPC2Ev
                0x0000000004003bd8       0x64 obj/default/Ethernet/Ethernet.o
                0x0000000004003bd8                EthernetUDP::EthernetUDP()
                0x0000000004003bd8                EthernetUDP::EthernetUDP()
 .text._ZN10W5100Class12setGatewayIpEPKh
                0x0000000004003c3c       0x38 obj/default/Ethernet/Ethernet.o
                0x0000000004003c3c                W5100Class::setGatewayIp(unsigned char const*)
 .text._ZN10W5100Class12getGatewayIpEPh
                0x0000000004003c74       0x38 obj/default/Ethernet/Ethernet.o
                0x0000000004003c74                W5100Class::getGatewayIp(unsigned char*)
 .text._ZN10W5100Class13setSubnetMaskEPKh
                0x0000000004003cac       0x38 obj/default/Ethernet/Ethernet.o
                0x0000000004003cac                W5100Class::setSubnetMask(unsigned char const*)
 .text._ZN10W5100Class13getSubnetMaskEPh
                0x0000000004003ce4       0x38 obj/default/Ethernet/Ethernet.o
                0x0000000004003ce4                W5100Class::getSubnetMask(unsigned char*)
 .text._ZN10W5100Class13setMACAddressEPKh
                0x0000000004003d1c       0x38 obj/default/Ethernet/Ethernet.o
                0x0000000004003d1c                W5100Class::setMACAddress(unsigned char const*)
 .text._ZN10W5100Class13getMACAddressEPh
                0x0000000004003d54       0x38 obj/default/Ethernet/Ethernet.o
                0x0000000004003d54                W5100Class::getMACAddress(unsigned char*)
 .text._ZN10W5100Class12setIPAddressEPKh
                0x0000000004003d8c       0x38 obj/default/Ethernet/Ethernet.o
                0x0000000004003d8c                W5100Class::setIPAddress(unsigned char const*)
 .text._ZN10W5100Class12getIPAddressEPh
                0x0000000004003dc4       0x38 obj/default/Ethernet/Ethernet.o
                0x0000000004003dc4                W5100Class::getIPAddress(unsigned char*)
 .text._ZN10W5100Class21setRetransmissionTimeEt
                0x0000000004003dfc       0x40 obj/default/Ethernet/Ethernet.o
                0x0000000004003dfc                W5100Class::setRetransmissionTime(unsigned short)
 .text._ZN10W5100Class22setRetransmissionCountEh
                0x0000000004003e3c       0x40 obj/default/Ethernet/Ethernet.o
                0x0000000004003e3c                W5100Class::setRetransmissionCount(unsigned char)
 .text._ZN10W5100Class5writeEth
                0x0000000004003e7c       0x4c obj/default/Ethernet/Ethernet.o
                0x0000000004003e7c                W5100Class::write(unsigned short, unsigned char)
 .text._ZN10W5100Class8writeGAREPKh
                0x0000000004003ec8       0x38 obj/default/Ethernet/Ethernet.o
                0x0000000004003ec8                W5100Class::writeGAR(unsigned char const*)
 .text._ZN10W5100Class7readGAREPh
                0x0000000004003f00       0x38 obj/default/Ethernet/Ethernet.o
                0x0000000004003f00                W5100Class::readGAR(unsigned char*)
 .text._ZN10W5100Class9writeSUBREPKh
                0x0000000004003f38       0x38 obj/default/Ethernet/Ethernet.o
                0x0000000004003f38                W5100Class::writeSUBR(unsigned char const*)
 .text._ZN10W5100Class8readSUBREPh
                0x0000000004003f70       0x38 obj/default/Ethernet/Ethernet.o
                0x0000000004003f70                W5100Class::readSUBR(unsigned char*)
 .text._ZN10W5100Class9writeSHAREPKh
                0x0000000004003fa8       0x38 obj/default/Ethernet/Ethernet.o
                0x0000000004003fa8                W5100Class::writeSHAR(unsigned char const*)
 .text._ZN10W5100Class8readSHAREPh
                0x0000000004003fe0       0x38 obj/default/Ethernet/Ethernet.o
                0x0000000004003fe0                W5100Class::readSHAR(unsigned char*)
 .text._ZN10W5100Class9writeSIPREPKh
                0x0000000004004018       0x38 obj/default/Ethernet/Ethernet.o
                0x0000000004004018                W5100Class::writeSIPR(unsigned char const*)
 .text._ZN10W5100Class8readSIPREPh
                0x0000000004004050       0x38 obj/default/Ethernet/Ethernet.o
                0x0000000004004050                W5100Class::readSIPR(unsigned char*)
 .text._ZN10W5100Class8writeRTREt
                0x0000000004004088       0x54 obj/default/Ethernet/Ethernet.o
                0x0000000004004088                W5100Class::writeRTR(unsigned short)
 .text._ZN10W5100Class8writeRCREh
                0x00000000040040dc       0x40 obj/default/Ethernet/Ethernet.o
                0x00000000040040dc                W5100Class::writeRCR(unsigned char)
 .text._ZN10W5100Class7getChipEv
                0x000000000400411c       0x20 obj/default/Ethernet/Ethernet.o
                0x000000000400411c                W5100Class::getChip()
 .text._ZN10W5100Class5setSSEh
                0x000000000400413c       0x30 obj/default/Ethernet/Ethernet.o
                0x000000000400413c                W5100Class::setSS(unsigned char)
 .text._ZN9DhcpClassC2Ev
                0x000000000400416c       0x3c obj/default/Ethernet/Ethernet.o
                0x000000000400416c                DhcpClass::DhcpClass()
                0x000000000400416c                DhcpClass::DhcpClass()
 .text          0x00000000040041a8      0xcc8 obj/default/Ethernet/EthernetClient.o
                0x00000000040041a8                EthernetClient::connect(char const*, unsigned short)
                0x00000000040042b4                EthernetClient::connect(IPAddress, unsigned short)
                0x00000000040045c8                EthernetClient::availableForWrite()
                0x0000000004004624                EthernetClient::write(unsigned char)
                0x0000000004004678                EthernetClient::write(unsigned char const*, unsigned int)
                0x0000000004004704                EthernetClient::println()
                0x000000000400474c                EthernetClient::println(char const*)
                0x00000000040047cc                EthernetClient::available()
                0x0000000004004828                EthernetClient::read(unsigned char*, unsigned int)
                0x00000000040048a0                EthernetClient::peek()
                0x0000000004004928                EthernetClient::read()
                0x0000000004004988                EthernetClient::flush()
                0x0000000004004a28                EthernetClient::stop()
                0x0000000004004b10                EthernetClient::connected()
                0x0000000004004bc0                EthernetClient::status()
                0x0000000004004c18                EthernetClient::operator==(EthernetClient const&)
                0x0000000004004c9c                EthernetClient::localPort()
                0x0000000004004cfc                EthernetClient::remoteIP()
                0x0000000004004d80                EthernetClient::remotePort()
 .text._ZN6Client12rawIPAddressER9IPAddress
                0x0000000004004e70       0x34 obj/default/Ethernet/EthernetClient.o
                0x0000000004004e70                Client::rawIPAddress(IPAddress&)
 .text._ZN13EthernetClass11dnsServerIPEv
                0x0000000004004ea4       0x20 obj/default/Ethernet/EthernetClient.o
                0x0000000004004ea4                EthernetClass::dnsServerIP()
 .text._ZN14EthernetClientD2Ev
                0x0000000004004ec4       0x48 obj/default/Ethernet/EthernetClient.o
                0x0000000004004ec4                EthernetClient::~EthernetClient()
                0x0000000004004ec4                EthernetClient::~EthernetClient()
 .text._ZN14EthernetClientD0Ev
                0x0000000004004f0c       0x38 obj/default/Ethernet/EthernetClient.o
                0x0000000004004f0c                EthernetClient::~EthernetClient()
 .text._ZN14EthernetClientcvbEv
                0x0000000004004f44       0x30 obj/default/Ethernet/EthernetClient.o
                0x0000000004004f44                EthernetClient::operator bool()
 .text._ZN14EthernetClienteqEb
                0x0000000004004f74       0x30 obj/default/Ethernet/EthernetClient.o
                0x0000000004004f74                EthernetClient::operator==(bool)
 .text._ZN14EthernetClientneEb
                0x0000000004004fa4       0x2c obj/default/Ethernet/EthernetClient.o
                0x0000000004004fa4                EthernetClient::operator!=(bool)
 .text._ZN14EthernetClientneERKS_
                0x0000000004004fd0       0x4c obj/default/Ethernet/EthernetClient.o
                0x0000000004004fd0                EthernetClient::operator!=(EthernetClient const&)
 .text._ZN14EthernetClient20setConnectionTimeoutEt
                0x000000000400501c       0x38 obj/default/Ethernet/EthernetClient.o
                0x000000000400501c                EthernetClient::setConnectionTimeout(unsigned short)
 .text._ZN10W5100Class7CH_BASEEv
                0x0000000004005054       0x28 obj/default/Ethernet/EthernetClient.o
                0x0000000004005054                W5100Class::CH_BASE()
 .text._ZN10W5100Class6readSnEhtPht
                0x000000000400507c       0x74 obj/default/Ethernet/EthernetClient.o
                0x000000000400507c                W5100Class::readSn(unsigned char, unsigned short, unsigned char*, unsigned short)
 .text._ZN10W5100Class10readSnPORTEh
                0x00000000040050f0       0x60 obj/default/Ethernet/EthernetClient.o
                0x00000000040050f0                W5100Class::readSnPORT(unsigned char)
 .text._ZN10W5100Class10readSnDIPREhPh
                0x0000000004005150       0x48 obj/default/Ethernet/EthernetClient.o
                0x0000000004005150                W5100Class::readSnDIPR(unsigned char, unsigned char*)
 .text._ZN10W5100Class11readSnDPORTEh
                0x0000000004005198       0x60 obj/default/Ethernet/EthernetClient.o
                0x0000000004005198                W5100Class::readSnDPORT(unsigned char)
 .text._ZN9DNSClientC2Ev
                0x00000000040051f8       0x48 obj/default/Ethernet/EthernetClient.o
                0x00000000040051f8                DNSClient::DNSClient()
                0x00000000040051f8                DNSClient::DNSClient()
 .text          0x0000000004005240      0x678 obj/default/Ethernet/EthernetServer.o
                0x0000000004005240                EthernetServer::begin()
                0x00000000040052e0                EthernetServer::available()
                0x0000000004005484                EthernetServer::accept()
                0x000000000400560c                EthernetServer::operator bool()
                0x00000000040056cc                EthernetServer::write(unsigned char)
                0x0000000004005720                EthernetServer::write(unsigned char const*, unsigned int)
 .text._ZN6ClientC2Ev
                0x00000000040058b8       0x34 obj/default/Ethernet/EthernetServer.o
                0x00000000040058b8                Client::Client()
                0x00000000040058b8                Client::Client()
 .text._ZN14EthernetClientC2Eh
                0x00000000040058ec       0x68 obj/default/Ethernet/EthernetServer.o
                0x00000000040058ec                EthernetClient::EthernetClient(unsigned char)
                0x00000000040058ec                EthernetClient::EthernetClient(unsigned char)
 .text          0x0000000004005954      0x7f0 obj/default/Ethernet/EthernetUdp.o
                0x0000000004005954                EthernetUDP::begin(unsigned short)
                0x00000000040059fc                EthernetUDP::available()
                0x0000000004005a28                EthernetUDP::stop()
                0x0000000004005a88                EthernetUDP::beginPacket(char const*, unsigned short)
                0x0000000004005b4c                EthernetUDP::beginPacket(IPAddress, unsigned short)
                0x0000000004005bcc                EthernetUDP::endPacket()
                0x0000000004005c0c                EthernetUDP::write(unsigned char)
                0x0000000004005c38                EthernetUDP::write(unsigned char const*, unsigned int)
                0x0000000004005cc0                EthernetUDP::parsePacket()
                0x0000000004005df4                EthernetUDP::read()
                0x0000000004005e88                EthernetUDP::read(unsigned char*, unsigned int)
                0x0000000004005f74                EthernetUDP::peek()
                0x0000000004005fe0                EthernetUDP::flush()
                0x0000000004006004                EthernetUDP::beginMulticast(IPAddress, unsigned short)
 .text._ZN3UDP12rawIPAddressER9IPAddress
                0x0000000004006144       0x34 obj/default/Ethernet/EthernetUdp.o
                0x0000000004006144                UDP::rawIPAddress(IPAddress&)
 .text._ZN11EthernetUDP4readEPcj
                0x0000000004006178       0x50 obj/default/Ethernet/EthernetUdp.o
                0x0000000004006178                EthernetUDP::read(char*, unsigned int)
 .text._ZN11EthernetUDP9localPortEv
                0x00000000040061c8       0x28 obj/default/Ethernet/EthernetUdp.o
                0x00000000040061c8                EthernetUDP::localPort()
 .text          0x00000000040061f0     0x1340 obj/default/Ethernet/socket.o
                0x00000000040061f0                EthernetClass::socketPortRand(unsigned short)
                0x0000000004006234                EthernetClass::socketBegin(unsigned char, unsigned short)
                0x00000000040064d0                EthernetClass::socketBeginMulticast(unsigned char, IPAddress, unsigned short)
                0x0000000004006820                EthernetClass::socketStatus(unsigned char)
                0x0000000004006860                EthernetClass::socketClose(unsigned char)
                0x00000000040068a0                EthernetClass::socketListen(unsigned char)
                0x0000000004006904                EthernetClass::socketConnect(unsigned char, unsigned char*, unsigned short)
                0x0000000004006974                EthernetClass::socketDisconnect(unsigned char)
                0x0000000004006b3c                EthernetClass::socketRecv(unsigned char, unsigned char*, short)
                0x0000000004006ddc                EthernetClass::socketRecvAvailable(unsigned char)
                0x0000000004006e88                EthernetClass::socketPeek(unsigned char)
                0x00000000040070f8                EthernetClass::socketSend(unsigned char, unsigned char const*, unsigned short)
                0x0000000004007230                EthernetClass::socketSendAvailable(unsigned char)
                0x00000000040072a8                EthernetClass::socketBufferData(unsigned char, unsigned short, unsigned char const*, unsigned short)
                0x000000000400733c                EthernetClass::socketStartUDP(unsigned char, unsigned char*, unsigned short)
                0x00000000040073f8                EthernetClass::socketSendUDP(unsigned char)
 .text._ZN10W5100Class4readEt
                0x0000000004007530       0x44 obj/default/Ethernet/socket.o
                0x0000000004007530                W5100Class::read(unsigned short)
 .text._ZN10W5100Class6readSnEht
                0x0000000004007574       0x60 obj/default/Ethernet/socket.o
                0x0000000004007574                W5100Class::readSn(unsigned char, unsigned short)
 .text._ZN10W5100Class7writeSnEhth
                0x00000000040075d4       0x6c obj/default/Ethernet/socket.o
                0x00000000040075d4                W5100Class::writeSn(unsigned char, unsigned short, unsigned char)
 .text._ZN10W5100Class7writeSnEhtPht
                0x0000000004007640       0x74 obj/default/Ethernet/socket.o
                0x0000000004007640                W5100Class::writeSn(unsigned char, unsigned short, unsigned char*, unsigned short)
 .text._ZN10W5100Class9writeSnMREhh
                0x00000000040076b4       0x50 obj/default/Ethernet/socket.o
                0x00000000040076b4                W5100Class::writeSnMR(unsigned char, unsigned char)
 .text._ZN10W5100Class9writeSnIREhh
                0x0000000004007704       0x50 obj/default/Ethernet/socket.o
                0x0000000004007704                W5100Class::writeSnIR(unsigned char, unsigned char)
 .text._ZN10W5100Class8readSnIREh
                0x0000000004007754       0x3c obj/default/Ethernet/socket.o
                0x0000000004007754                W5100Class::readSnIR(unsigned char)
 .text._ZN10W5100Class8readSnSREh
                0x0000000004007790       0x3c obj/default/Ethernet/socket.o
                0x0000000004007790                W5100Class::readSnSR(unsigned char)
 .text._ZN10W5100Class11writeSnPORTEht
                0x00000000040077cc       0x64 obj/default/Ethernet/socket.o
                0x00000000040077cc                W5100Class::writeSnPORT(unsigned char, unsigned short)
 .text._ZN10W5100Class11writeSnDHAREhPh
                0x0000000004007830       0x48 obj/default/Ethernet/socket.o
                0x0000000004007830                W5100Class::writeSnDHAR(unsigned char, unsigned char*)
 .text._ZN10W5100Class11writeSnDIPREhPh
                0x0000000004007878       0x48 obj/default/Ethernet/socket.o
                0x0000000004007878                W5100Class::writeSnDIPR(unsigned char, unsigned char*)
 .text._ZN10W5100Class12writeSnDPORTEht
                0x00000000040078c0       0x64 obj/default/Ethernet/socket.o
                0x00000000040078c0                W5100Class::writeSnDPORT(unsigned char, unsigned short)
 .text._ZN10W5100Class12readSnTX_FSREh
                0x0000000004007924       0x60 obj/default/Ethernet/socket.o
                0x0000000004007924                W5100Class::readSnTX_FSR(unsigned char)
 .text._ZN10W5100Class12writeSnTX_WREht
                0x0000000004007984       0x64 obj/default/Ethernet/socket.o
                0x0000000004007984                W5100Class::writeSnTX_WR(unsigned char, unsigned short)
 .text._ZN10W5100Class11readSnTX_WREh
                0x00000000040079e8       0x60 obj/default/Ethernet/socket.o
                0x00000000040079e8                W5100Class::readSnTX_WR(unsigned char)
 .text._ZN10W5100Class12readSnRX_RSREh
                0x0000000004007a48       0x60 obj/default/Ethernet/socket.o
                0x0000000004007a48                W5100Class::readSnRX_RSR(unsigned char)
 .text._ZN10W5100Class12writeSnRX_RDEht
                0x0000000004007aa8       0x64 obj/default/Ethernet/socket.o
                0x0000000004007aa8                W5100Class::writeSnRX_RD(unsigned char, unsigned short)
 .text._ZN10W5100Class11readSnRX_RDEh
                0x0000000004007b0c       0x60 obj/default/Ethernet/socket.o
                0x0000000004007b0c                W5100Class::readSnRX_RD(unsigned char)
 .text._ZN10W5100Class5SBASEEh
                0x0000000004007b6c       0x50 obj/default/Ethernet/socket.o
                0x0000000004007b6c                W5100Class::SBASE(unsigned char)
 .text._ZN10W5100Class5RBASEEh
                0x0000000004007bbc       0x50 obj/default/Ethernet/socket.o
                0x0000000004007bbc                W5100Class::RBASE(unsigned char)
 .text._ZN10W5100Class23hasOffsetAddressMappingEv
                0x0000000004007c0c       0x38 obj/default/Ethernet/socket.o
                0x0000000004007c0c                W5100Class::hasOffsetAddressMapping()
 .text          0x0000000004007c44      0x3f8 obj/default/Ethernet/utility/IPAddress.o
                0x0000000004007c44                IPAddress::IPAddress()
                0x0000000004007c44                IPAddress::IPAddress()
                0x0000000004007c70                IPAddress::IPAddress(unsigned char, unsigned char, unsigned char, unsigned char)
                0x0000000004007c70                IPAddress::IPAddress(unsigned char, unsigned char, unsigned char, unsigned char)
                0x0000000004007ce0                IPAddress::IPAddress(unsigned long)
                0x0000000004007ce0                IPAddress::IPAddress(unsigned long)
                0x0000000004007d14                IPAddress::IPAddress(unsigned char const*)
                0x0000000004007d14                IPAddress::IPAddress(unsigned char const*)
                0x0000000004007d58                IPAddress::fromString(char const*)
                0x0000000004007e78                IPAddress::print()
                0x0000000004007ef0                IPAddress::operator=(unsigned char const*)
                0x0000000004007f34                IPAddress::operator=(unsigned long)
                0x0000000004007f68                IPAddress::operator==(unsigned char const*) const
 .text          0x000000000400803c      0x9bc obj/default/Ethernet/utility/w5100.o
                0x000000000400803c                W5100Class::init()
                0x0000000004008180                W5100Class::softReset()
                0x00000000040081f4                W5100Class::isW5100()
                0x00000000040082ac                W5100Class::isW5200()
                0x0000000004008384                W5100Class::isW5500()
                0x000000000400845c                W5100Class::getLinkStatus()
                0x0000000004008504                W5100Class::write(unsigned short, unsigned char const*, unsigned short)
                0x00000000040086a8                W5100Class::read(unsigned short, unsigned char*, unsigned short)
                0x00000000040088fc                W5100Class::execCmdSn(unsigned char, SockCMD)
 .text._ZN10W5100Class7writeMREh
                0x00000000040089f8       0x40 obj/default/Ethernet/utility/w5100.o
                0x00000000040089f8                W5100Class::writeMR(unsigned char)
 .text._ZN10W5100Class6readMREv
                0x0000000004008a38       0x2c obj/default/Ethernet/utility/w5100.o
                0x0000000004008a38                W5100Class::readMR()
 .text._ZN10W5100Class9writeRMSREh
                0x0000000004008a64       0x40 obj/default/Ethernet/utility/w5100.o
                0x0000000004008a64                W5100Class::writeRMSR(unsigned char)
 .text._ZN10W5100Class9writeTMSREh
                0x0000000004008aa4       0x40 obj/default/Ethernet/utility/w5100.o
                0x0000000004008aa4                W5100Class::writeTMSR(unsigned char)
 .text._ZN10W5100Class18readVERSIONR_W5200Ev
                0x0000000004008ae4       0x2c obj/default/Ethernet/utility/w5100.o
                0x0000000004008ae4                W5100Class::readVERSIONR_W5200()
 .text._ZN10W5100Class18readVERSIONR_W5500Ev
                0x0000000004008b10       0x2c obj/default/Ethernet/utility/w5100.o
                0x0000000004008b10                W5100Class::readVERSIONR_W5500()
 .text._ZN10W5100Class17readPSTATUS_W5200Ev
                0x0000000004008b3c       0x2c obj/default/Ethernet/utility/w5100.o
                0x0000000004008b3c                W5100Class::readPSTATUS_W5200()
 .text._ZN10W5100Class17readPHYCFGR_W5500Ev
                0x0000000004008b68       0x2c obj/default/Ethernet/utility/w5100.o
                0x0000000004008b68                W5100Class::readPHYCFGR_W5500()
 .text._ZN10W5100Class9writeSnCREhh
                0x0000000004008b94       0x50 obj/default/Ethernet/utility/w5100.o
                0x0000000004008b94                W5100Class::writeSnCR(unsigned char, unsigned char)
 .text._ZN10W5100Class8readSnCREh
                0x0000000004008be4       0x3c obj/default/Ethernet/utility/w5100.o
                0x0000000004008be4                W5100Class::readSnCR(unsigned char)
 .text._ZN10W5100Class14writeSnRX_SIZEEhh
                0x0000000004008c20       0x50 obj/default/Ethernet/utility/w5100.o
                0x0000000004008c20                W5100Class::writeSnRX_SIZE(unsigned char, unsigned char)
 .text._ZN10W5100Class14writeSnTX_SIZEEhh
                0x0000000004008c70       0x50 obj/default/Ethernet/utility/w5100.o
                0x0000000004008c70                W5100Class::writeSnTX_SIZE(unsigned char, unsigned char)
 .text          0x0000000004008cc0       0xc4 obj/default/main.o
                0x0000000004008cc0                main
 .text          0x0000000004008d84        0x0 c:/intelfpga_lite/18.1/nios2eds/bin/gnu/h-x86_64-mingw32/bin/../lib/gcc/nios2-elf/5.3.0/../../../../../H-x86_64-mingw32/nios2-elf/lib\libstdc++.a(si_class_type_info.o)
 .text._ZN10__cxxabiv120__si_class_type_infoD2Ev
                0x0000000004008d84       0x10 c:/intelfpga_lite/18.1/nios2eds/bin/gnu/h-x86_64-mingw32/bin/../lib/gcc/nios2-elf/5.3.0/../../../../../H-x86_64-mingw32/nios2-elf/lib\libstdc++.a(si_class_type_info.o)
                0x0000000004008d84                __cxxabiv1::__si_class_type_info::~__si_class_type_info()
                0x0000000004008d84                __cxxabiv1::__si_class_type_info::~__si_class_type_info()
 .text._ZN10__cxxabiv120__si_class_type_infoD0Ev
                0x0000000004008d94       0x34 c:/intelfpga_lite/18.1/nios2eds/bin/gnu/h-x86_64-mingw32/bin/../lib/gcc/nios2-elf/5.3.0/../../../../../H-x86_64-mingw32/nios2-elf/lib\libstdc++.a(si_class_type_info.o)
                0x0000000004008d94                __cxxabiv1::__si_class_type_info::~__si_class_type_info()
 .text._ZNK10__cxxabiv120__si_class_type_info12__do_dyncastEiNS_17__class_type_info10__sub_kindEPKS1_PKvS4_S6_RNS1_16__dyncast_resultE
                0x0000000004008dc8      0x160 c:/intelfpga_lite/18.1/nios2eds/bin/gnu/h-x86_64-mingw32/bin/../lib/gcc/nios2-elf/5.3.0/../../../../../H-x86_64-mingw32/nios2-elf/lib\libstdc++.a(si_class_type_info.o)
                0x0000000004008dc8                __cxxabiv1::__si_class_type_info::__do_dyncast(int, __cxxabiv1::__class_type_info::__sub_kind, __cxxabiv1::__class_type_info const*, void const*, __cxxabiv1::__class_type_info const*, void const*, __cxxabiv1::__class_type_info::__dyncast_result&) const
 .text._ZNK10__cxxabiv120__si_class_type_info20__do_find_public_srcEiPKvPKNS_17__class_type_infoES2_
                0x0000000004008f28       0x9c c:/intelfpga_lite/18.1/nios2eds/bin/gnu/h-x86_64-mingw32/bin/../lib/gcc/nios2-elf/5.3.0/../../../../../H-x86_64-mingw32/nios2-elf/lib\libstdc++.a(si_class_type_info.o)
                0x0000000004008f28                __cxxabiv1::__si_class_type_info::__do_find_public_src(int, void const*, __cxxabiv1::__class_type_info const*, void const*) const
 .text._ZNK10__cxxabiv120__si_class_type_info11__do_upcastEPKNS_17__class_type_infoEPKvRNS1_15__upcast_resultE
                0x0000000004008fc4       0x84 c:/intelfpga_lite/18.1/nios2eds/bin/gnu/h-x86_64-mingw32/bin/../lib/gcc/nios2-elf/5.3.0/../../../../../H-x86_64-mingw32/nios2-elf/lib\libstdc++.a(si_class_type_info.o)
                0x0000000004008fc4                __cxxabiv1::__si_class_type_info::__do_upcast(__cxxabiv1::__class_type_info const*, void const*, __cxxabiv1::__class_type_info::__upcast_result&) const
 .text          0x0000000004009048        0x0 c:/intelfpga_lite/18.1/nios2eds/bin/gnu/h-x86_64-mingw32/bin/../lib/gcc/nios2-elf/5.3.0/../../../../../H-x86_64-mingw32/nios2-elf/lib\libstdc++.a(tinfo.o)
 .text._ZNSt9type_infoD2Ev
                0x0000000004009048        0x4 c:/intelfpga_lite/18.1/nios2eds/bin/gnu/h-x86_64-mingw32/bin/../lib/gcc/nios2-elf/5.3.0/../../../../../H-x86_64-mingw32/nios2-elf/lib\libstdc++.a(tinfo.o)
                0x0000000004009048                std::type_info::~type_info()
                0x0000000004009048                std::type_info::~type_info()
 .text._ZNKSt9type_info15__is_function_pEv
                0x000000000400904c        0x8 c:/intelfpga_lite/18.1/nios2eds/bin/gnu/h-x86_64-mingw32/bin/../lib/gcc/nios2-elf/5.3.0/../../../../../H-x86_64-mingw32/nios2-elf/lib\libstdc++.a(tinfo.o)
                0x000000000400904c                std::type_info::__is_pointer_p() const
                0x000000000400904c                std::type_info::__is_function_p() const
 .text._ZNKSt9type_info11__do_upcastEPKN10__cxxabiv117__class_type_infoEPPv
                0x0000000004009054        0x8 c:/intelfpga_lite/18.1/nios2eds/bin/gnu/h-x86_64-mingw32/bin/../lib/gcc/nios2-elf/5.3.0/../../../../../H-x86_64-mingw32/nios2-elf/lib\libstdc++.a(tinfo.o)
                0x0000000004009054                std::type_info::__do_upcast(__cxxabiv1::__class_type_info const*, void**) const
 .text._ZNSt9type_infoD0Ev
                0x000000000400905c        0x4 c:/intelfpga_lite/18.1/nios2eds/bin/gnu/h-x86_64-mingw32/bin/../lib/gcc/nios2-elf/5.3.0/../../../../../H-x86_64-mingw32/nios2-elf/lib\libstdc++.a(tinfo.o)
                0x000000000400905c                std::type_info::~type_info()
 .text._ZNKSt9type_info10__do_catchEPKS_PPvj
                0x0000000004009060       0x44 c:/intelfpga_lite/18.1/nios2eds/bin/gnu/h-x86_64-mingw32/bin/../lib/gcc/nios2-elf/5.3.0/../../../../../H-x86_64-mingw32/nios2-elf/lib\libstdc++.a(tinfo.o)
                0x0000000004009060                std::type_info::__do_catch(std::type_info const*, void**, unsigned int) const
 .text          0x00000000040090a4        0x0 c:/intelfpga_lite/18.1/nios2eds/bin/gnu/h-x86_64-mingw32/bin/../lib/gcc/nios2-elf/5.3.0/../../../../../H-x86_64-mingw32/nios2-elf/lib\libstdc++.a(eh_personality.o)
 .text._ZL21size_of_encoded_valueh
                0x00000000040090a4       0xa4 c:/intelfpga_lite/18.1/nios2eds/bin/gnu/h-x86_64-mingw32/bin/../lib/gcc/nios2-elf/5.3.0/../../../../../H-x86_64-mingw32/nios2-elf/lib\libstdc++.a(eh_personality.o)
 .text._ZL28read_encoded_value_with_basehjPKhPj
                0x0000000004009148      0x20c c:/intelfpga_lite/18.1/nios2eds/bin/gnu/h-x86_64-mingw32/bin/../lib/gcc/nios2-elf/5.3.0/../../../../../H-x86_64-mingw32/nios2-elf/lib\libstdc++.a(eh_personality.o)
 .text._ZL15get_ttype_entryP16lsda_header_infom
                0x0000000004009354       0x54 c:/intelfpga_lite/18.1/nios2eds/bin/gnu/h-x86_64-mingw32/bin/../lib/gcc/nios2-elf/5.3.0/../../../../../H-x86_64-mingw32/nios2-elf/lib\libstdc++.a(eh_personality.o)
 .text._ZL21base_of_encoded_valuehP15_Unwind_Context
                0x00000000040093a8       0x8c c:/intelfpga_lite/18.1/nios2eds/bin/gnu/h-x86_64-mingw32/bin/../lib/gcc/nios2-elf/5.3.0/../../../../../H-x86_64-mingw32/nios2-elf/lib\libstdc++.a(eh_personality.o)
 .text._ZL17parse_lsda_headerP15_Unwind_ContextPKhP16lsda_header_info
                0x0000000004009434      0x134 c:/intelfpga_lite/18.1/nios2eds/bin/gnu/h-x86_64-mingw32/bin/../lib/gcc/nios2-elf/5.3.0/../../../../../H-x86_64-mingw32/nios2-elf/lib\libstdc++.a(eh_personality.o)
 .text._ZL16get_adjusted_ptrPKSt9type_infoS1_PPv.constprop.3
                0x0000000004009568       0x88 c:/intelfpga_lite/18.1/nios2eds/bin/gnu/h-x86_64-mingw32/bin/../lib/gcc/nios2-elf/5.3.0/../../../../../H-x86_64-mingw32/nios2-elf/lib\libstdc++.a(eh_personality.o)
 .text.unlikely._ZL28check_compact_exception_specPKSt9type_infoPvPKhij
                0x00000000040095f0      0x1c0 c:/intelfpga_lite/18.1/nios2eds/bin/gnu/h-x86_64-mingw32/bin/../lib/gcc/nios2-elf/5.3.0/../../../../../H-x86_64-mingw32/nios2-elf/lib\libstdc++.a(eh_personality.o)
 .text._ZL20check_exception_specP16lsda_header_infoPKSt9type_infoPvl
                0x00000000040097b0       0xa8 c:/intelfpga_lite/18.1/nios2eds/bin/gnu/h-x86_64-mingw32/bin/../lib/gcc/nios2-elf/5.3.0/../../../../../H-x86_64-mingw32/nios2-elf/lib\libstdc++.a(eh_personality.o)
 .text.__gxx_personality_sj0
                0x0000000004009858      0x600 c:/intelfpga_lite/18.1/nios2eds/bin/gnu/h-x86_64-mingw32/bin/../lib/gcc/nios2-elf/5.3.0/../../../../../H-x86_64-mingw32/nios2-elf/lib\libstdc++.a(eh_personality.o)
                0x0000000004009858                __gxx_personality_sj0
 .text.__cxa_call_unexpected
                0x0000000004009e58      0x230 c:/intelfpga_lite/18.1/nios2eds/bin/gnu/h-x86_64-mingw32/bin/../lib/gcc/nios2-elf/5.3.0/../../../../../H-x86_64-mingw32/nios2-elf/lib\libstdc++.a(eh_personality.o)
                0x0000000004009e58                __cxa_call_unexpected
 .text          0x000000000400a088        0x0 c:/intelfpga_lite/18.1/nios2eds/bin/gnu/h-x86_64-mingw32/bin/../lib/gcc/nios2-elf/5.3.0/../../../../../H-x86_64-mingw32/nios2-elf/lib\libstdc++.a(del_op.o)
 .text._ZdlPv   0x000000000400a088        0x4 c:/intelfpga_lite/18.1/nios2eds/bin/gnu/h-x86_64-mingw32/bin/../lib/gcc/nios2-elf/5.3.0/../../../../../H-x86_64-mingw32/nios2-elf/lib\libstdc++.a(del_op.o)
                0x000000000400a088                operator delete(void*)
 .text          0x000000000400a08c        0x0 c:/intelfpga_lite/18.1/nios2eds/bin/gnu/h-x86_64-mingw32/bin/../lib/gcc/nios2-elf/5.3.0/../../../../../H-x86_64-mingw32/nios2-elf/lib\libstdc++.a(eh_throw.o)
 .text._ZL23__gxx_exception_cleanup19_Unwind_Reason_CodeP17_Unwind_Exception
                0x000000000400a08c       0x44 c:/intelfpga_lite/18.1/nios2eds/bin/gnu/h-x86_64-mingw32/bin/../lib/gcc/nios2-elf/5.3.0/../../../../../H-x86_64-mingw32/nios2-elf/lib\libstdc++.a(eh_throw.o)
 .text.__cxa_throw
                0x000000000400a0d0       0x90 c:/intelfpga_lite/18.1/nios2eds/bin/gnu/h-x86_64-mingw32/bin/../lib/gcc/nios2-elf/5.3.0/../../../../../H-x86_64-mingw32/nios2-elf/lib\libstdc++.a(eh_throw.o)
                0x000000000400a0d0                __cxa_throw
 .text.__cxa_rethrow
                0x000000000400a160       0x84 c:/intelfpga_lite/18.1/nios2eds/bin/gnu/h-x86_64-mingw32/bin/../lib/gcc/nios2-elf/5.3.0/../../../../../H-x86_64-mingw32/nios2-elf/lib\libstdc++.a(eh_throw.o)
                0x000000000400a160                __cxa_rethrow
 .text          0x000000000400a1e4        0x0 c:/intelfpga_lite/18.1/nios2eds/bin/gnu/h-x86_64-mingw32/bin/../lib/gcc/nios2-elf/5.3.0/../../../../../H-x86_64-mingw32/nios2-elf/lib\libstdc++.a(pure.o)
 .text.__cxa_pure_virtual
                0x000000000400a1e4       0x20 c:/intelfpga_lite/18.1/nios2eds/bin/gnu/h-x86_64-mingw32/bin/../lib/gcc/nios2-elf/5.3.0/../../../../../H-x86_64-mingw32/nios2-elf/lib\libstdc++.a(pure.o)
                0x000000000400a1e4                __cxa_pure_virtual
 .text.__cxa_deleted_virtual
                0x000000000400a204       0x20 c:/intelfpga_lite/18.1/nios2eds/bin/gnu/h-x86_64-mingw32/bin/../lib/gcc/nios2-elf/5.3.0/../../../../../H-x86_64-mingw32/nios2-elf/lib\libstdc++.a(pure.o)
                0x000000000400a204                __cxa_deleted_virtual
 .text          0x000000000400a224        0x0 c:/intelfpga_lite/18.1/nios2eds/bin/gnu/h-x86_64-mingw32/bin/../lib/gcc/nios2-elf/5.3.0/../../../../../H-x86_64-mingw32/nios2-elf/lib\libstdc++.a(guard.o)
 .text.__cxa_guard_acquire
                0x000000000400a224       0x5c c:/intelfpga_lite/18.1/nios2eds/bin/gnu/h-x86_64-mingw32/bin/../lib/gcc/nios2-elf/5.3.0/../../../../../H-x86_64-mingw32/nios2-elf/lib\libstdc++.a(guard.o)
                0x000000000400a224                __cxa_guard_acquire
 .text.__cxa_guard_abort
                0x000000000400a280        0x8 c:/intelfpga_lite/18.1/nios2eds/bin/gnu/h-x86_64-mingw32/bin/../lib/gcc/nios2-elf/5.3.0/../../../../../H-x86_64-mingw32/nios2-elf/lib\libstdc++.a(guard.o)
                0x000000000400a280                __cxa_guard_abort
 .text.__cxa_guard_release
                0x000000000400a288       0x10 c:/intelfpga_lite/18.1/nios2eds/bin/gnu/h-x86_64-mingw32/bin/../lib/gcc/nios2-elf/5.3.0/../../../../../H-x86_64-mingw32/nios2-elf/lib\libstdc++.a(guard.o)
                0x000000000400a288                __cxa_guard_release
 .text          0x000000000400a298        0x0 c:/intelfpga_lite/18.1/nios2eds/bin/gnu/h-x86_64-mingw32/bin/../lib/gcc/nios2-elf/5.3.0/../../../../../H-x86_64-mingw32/nios2-elf/lib\libstdc++.a(eh_catch.o)
 .text.__cxa_get_exception_ptr
                0x000000000400a298        0x8 c:/intelfpga_lite/18.1/nios2eds/bin/gnu/h-x86_64-mingw32/bin/../lib/gcc/nios2-elf/5.3.0/../../../../../H-x86_64-mingw32/nios2-elf/lib\libstdc++.a(eh_catch.o)
                0x000000000400a298                __cxa_get_exception_ptr
 .text.__cxa_begin_catch
                0x000000000400a2a0       0xb4 c:/intelfpga_lite/18.1/nios2eds/bin/gnu/h-x86_64-mingw32/bin/../lib/gcc/nios2-elf/5.3.0/../../../../../H-x86_64-mingw32/nios2-elf/lib\libstdc++.a(eh_catch.o)
                0x000000000400a2a0                __cxa_begin_catch
 .text.__cxa_end_catch
                0x000000000400a354       0xb4 c:/intelfpga_lite/18.1/nios2eds/bin/gnu/h-x86_64-mingw32/bin/../lib/gcc/nios2-elf/5.3.0/../../../../../H-x86_64-mingw32/nios2-elf/lib\libstdc++.a(eh_catch.o)
                0x000000000400a354                __cxa_end_catch
 .text._ZSt18uncaught_exceptionv
                0x000000000400a408       0x20 c:/intelfpga_lite/18.1/nios2eds/bin/gnu/h-x86_64-mingw32/bin/../lib/gcc/nios2-elf/5.3.0/../../../../../H-x86_64-mingw32/nios2-elf/lib\libstdc++.a(eh_catch.o)
                0x000000000400a408                std::uncaught_exception()
 .text          0x000000000400a428        0x0 c:/intelfpga_lite/18.1/nios2eds/bin/gnu/h-x86_64-mingw32/bin/../lib/gcc/nios2-elf/5.3.0/../../../../../H-x86_64-mingw32/nios2-elf/lib\libstdc++.a(class_type_info.o)
 .text._ZNK10__cxxabiv117__class_type_info11__do_upcastEPKS0_PPv
                0x000000000400a428       0x78 c:/intelfpga_lite/18.1/nios2eds/bin/gnu/h-x86_64-mingw32/bin/../lib/gcc/nios2-elf/5.3.0/../../../../../H-x86_64-mingw32/nios2-elf/lib\libstdc++.a(class_type_info.o)
                0x000000000400a428                __cxxabiv1::__class_type_info::__do_upcast(__cxxabiv1::__class_type_info const*, void**) const
 .text._ZNK10__cxxabiv117__class_type_info20__do_find_public_srcEiPKvPKS0_S2_
                0x000000000400a4a0       0x18 c:/intelfpga_lite/18.1/nios2eds/bin/gnu/h-x86_64-mingw32/bin/../lib/gcc/nios2-elf/5.3.0/../../../../../H-x86_64-mingw32/nios2-elf/lib\libstdc++.a(class_type_info.o)
                0x000000000400a4a0                __cxxabiv1::__class_type_info::__do_find_public_src(int, void const*, __cxxabiv1::__class_type_info const*, void const*) const
 .text._ZN10__cxxabiv117__class_type_infoD2Ev
                0x000000000400a4b8       0x10 c:/intelfpga_lite/18.1/nios2eds/bin/gnu/h-x86_64-mingw32/bin/../lib/gcc/nios2-elf/5.3.0/../../../../../H-x86_64-mingw32/nios2-elf/lib\libstdc++.a(class_type_info.o)
                0x000000000400a4b8                __cxxabiv1::__class_type_info::~__class_type_info()
                0x000000000400a4b8                __cxxabiv1::__class_type_info::~__class_type_info()
 .text._ZN10__cxxabiv117__class_type_infoD0Ev
                0x000000000400a4c8       0x34 c:/intelfpga_lite/18.1/nios2eds/bin/gnu/h-x86_64-mingw32/bin/../lib/gcc/nios2-elf/5.3.0/../../../../../H-x86_64-mingw32/nios2-elf/lib\libstdc++.a(class_type_info.o)
                0x000000000400a4c8                __cxxabiv1::__class_type_info::~__class_type_info()
 .text._ZNK10__cxxabiv117__class_type_info11__do_upcastEPKS0_PKvRNS0_15__upcast_resultE
                0x000000000400a4fc       0x6c c:/intelfpga_lite/18.1/nios2eds/bin/gnu/h-x86_64-mingw32/bin/../lib/gcc/nios2-elf/5.3.0/../../../../../H-x86_64-mingw32/nios2-elf/lib\libstdc++.a(class_type_info.o)
                0x000000000400a4fc                __cxxabiv1::__class_type_info::__do_upcast(__cxxabiv1::__class_type_info const*, void const*, __cxxabiv1::__class_type_info::__upcast_result&) const
 .text._ZNK10__cxxabiv117__class_type_info12__do_dyncastEiNS0_10__sub_kindEPKS0_PKvS3_S5_RNS0_16__dyncast_resultE
                0x000000000400a568       0xd0 c:/intelfpga_lite/18.1/nios2eds/bin/gnu/h-x86_64-mingw32/bin/../lib/gcc/nios2-elf/5.3.0/../../../../../H-x86_64-mingw32/nios2-elf/lib\libstdc++.a(class_type_info.o)
                0x000000000400a568                __cxxabiv1::__class_type_info::__do_dyncast(int, __cxxabiv1::__class_type_info::__sub_kind, __cxxabiv1::__class_type_info const*, void const*, __cxxabiv1::__class_type_info const*, void const*, __cxxabiv1::__class_type_info::__dyncast_result&) const
 .text._ZNK10__cxxabiv117__class_type_info10__do_catchEPKSt9type_infoPPvj
                0x000000000400a638       0xb8 c:/intelfpga_lite/18.1/nios2eds/bin/gnu/h-x86_64-mingw32/bin/../lib/gcc/nios2-elf/5.3.0/../../../../../H-x86_64-mingw32/nios2-elf/lib\libstdc++.a(class_type_info.o)
                0x000000000400a638                __cxxabiv1::__class_type_info::__do_catch(std::type_info const*, void**, unsigned int) const
 .text          0x000000000400a6f0        0x0 c:/intelfpga_lite/18.1/nios2eds/bin/gnu/h-x86_64-mingw32/bin/../lib/gcc/nios2-elf/5.3.0/../../../../../H-x86_64-mingw32/nios2-elf/lib\libstdc++.a(eh_terminate.o)
 .text._ZN10__cxxabiv111__terminateEPFvvE
                0x000000000400a6f0       0xc0 c:/intelfpga_lite/18.1/nios2eds/bin/gnu/h-x86_64-mingw32/bin/../lib/gcc/nios2-elf/5.3.0/../../../../../H-x86_64-mingw32/nios2-elf/lib\libstdc++.a(eh_terminate.o)
                0x000000000400a6f0                __cxxabiv1::__terminate(void (*)())
 .text._ZSt9terminatev
                0x000000000400a7b0       0x18 c:/intelfpga_lite/18.1/nios2eds/bin/gnu/h-x86_64-mingw32/bin/../lib/gcc/nios2-elf/5.3.0/../../../../../H-x86_64-mingw32/nios2-elf/lib\libstdc++.a(eh_terminate.o)
                0x000000000400a7b0                std::terminate()
 .text._ZN10__cxxabiv112__unexpectedEPFvvE
                0x000000000400a7c8       0x10 c:/intelfpga_lite/18.1/nios2eds/bin/gnu/h-x86_64-mingw32/bin/../lib/gcc/nios2-elf/5.3.0/../../../../../H-x86_64-mingw32/nios2-elf/lib\libstdc++.a(eh_terminate.o)
                0x000000000400a7c8                __cxxabiv1::__unexpected(void (*)())
 .text._ZSt10unexpectedv
                0x000000000400a7d8       0x18 c:/intelfpga_lite/18.1/nios2eds/bin/gnu/h-x86_64-mingw32/bin/../lib/gcc/nios2-elf/5.3.0/../../../../../H-x86_64-mingw32/nios2-elf/lib\libstdc++.a(eh_terminate.o)
                0x000000000400a7d8                std::unexpected()
 .text._ZSt13set_terminatePFvvE
                0x000000000400a7f0       0x14 c:/intelfpga_lite/18.1/nios2eds/bin/gnu/h-x86_64-mingw32/bin/../lib/gcc/nios2-elf/5.3.0/../../../../../H-x86_64-mingw32/nios2-elf/lib\libstdc++.a(eh_terminate.o)
                0x000000000400a7f0                std::set_terminate(void (*)())
 .text._ZSt13get_terminatev
                0x000000000400a804       0x10 c:/intelfpga_lite/18.1/nios2eds/bin/gnu/h-x86_64-mingw32/bin/../lib/gcc/nios2-elf/5.3.0/../../../../../H-x86_64-mingw32/nios2-elf/lib\libstdc++.a(eh_terminate.o)
                0x000000000400a804                std::get_terminate()
 .text._ZSt14set_unexpectedPFvvE
                0x000000000400a814       0x14 c:/intelfpga_lite/18.1/nios2eds/bin/gnu/h-x86_64-mingw32/bin/../lib/gcc/nios2-elf/5.3.0/../../../../../H-x86_64-mingw32/nios2-elf/lib\libstdc++.a(eh_terminate.o)
                0x000000000400a814                std::set_unexpected(void (*)())
 .text._ZSt14get_unexpectedv
                0x000000000400a828       0x10 c:/intelfpga_lite/18.1/nios2eds/bin/gnu/h-x86_64-mingw32/bin/../lib/gcc/nios2-elf/5.3.0/../../../../../H-x86_64-mingw32/nios2-elf/lib\libstdc++.a(eh_terminate.o)
                0x000000000400a828                std::get_unexpected()
 .text          0x000000000400a838        0x0 c:/intelfpga_lite/18.1/nios2eds/bin/gnu/h-x86_64-mingw32/bin/../lib/gcc/nios2-elf/5.3.0/../../../../../H-x86_64-mingw32/nios2-elf/lib\libstdc++.a(eh_unex_handler.o)
 .text          0x000000000400a838        0x0 c:/intelfpga_lite/18.1/nios2eds/bin/gnu/h-x86_64-mingw32/bin/../lib/gcc/nios2-elf/5.3.0/../../../../../H-x86_64-mingw32/nios2-elf/lib\libstdc++.a(eh_alloc.o)
 .text._ZN12_GLOBAL__N_14pool4freeEPv.constprop.4
                0x000000000400a838       0xb8 c:/intelfpga_lite/18.1/nios2eds/bin/gnu/h-x86_64-mingw32/bin/../lib/gcc/nios2-elf/5.3.0/../../../../../H-x86_64-mingw32/nios2-elf/lib\libstdc++.a(eh_alloc.o)
 .text._ZN12_GLOBAL__N_14pool8allocateEj.constprop.5
                0x000000000400a8f0       0xa8 c:/intelfpga_lite/18.1/nios2eds/bin/gnu/h-x86_64-mingw32/bin/../lib/gcc/nios2-elf/5.3.0/../../../../../H-x86_64-mingw32/nios2-elf/lib\libstdc++.a(eh_alloc.o)
 .text.__cxa_allocate_exception
                0x000000000400a998       0x60 c:/intelfpga_lite/18.1/nios2eds/bin/gnu/h-x86_64-mingw32/bin/../lib/gcc/nios2-elf/5.3.0/../../../../../H-x86_64-mingw32/nios2-elf/lib\libstdc++.a(eh_alloc.o)
                0x000000000400a998                __cxa_allocate_exception
 .text.__cxa_free_exception
                0x000000000400a9f8       0x28 c:/intelfpga_lite/18.1/nios2eds/bin/gnu/h-x86_64-mingw32/bin/../lib/gcc/nios2-elf/5.3.0/../../../../../H-x86_64-mingw32/nios2-elf/lib\libstdc++.a(eh_alloc.o)
                0x000000000400a9f8                __cxa_free_exception
 .text.__cxa_allocate_dependent_exception
                0x000000000400aa20       0x54 c:/intelfpga_lite/18.1/nios2eds/bin/gnu/h-x86_64-mingw32/bin/../lib/gcc/nios2-elf/5.3.0/../../../../../H-x86_64-mingw32/nios2-elf/lib\libstdc++.a(eh_alloc.o)
                0x000000000400aa20                __cxa_allocate_dependent_exception
 .text.__cxa_free_dependent_exception
                0x000000000400aa74       0x2c c:/intelfpga_lite/18.1/nios2eds/bin/gnu/h-x86_64-mingw32/bin/../lib/gcc/nios2-elf/5.3.0/../../../../../H-x86_64-mingw32/nios2-elf/lib\libstdc++.a(eh_alloc.o)
                0x000000000400aa74                __cxa_free_dependent_exception
 .text.startup._GLOBAL__sub_I___cxa_allocate_exception
                0x000000000400aaa0       0x5c c:/intelfpga_lite/18.1/nios2eds/bin/gnu/h-x86_64-mingw32/bin/../lib/gcc/nios2-elf/5.3.0/../../../../../H-x86_64-mingw32/nios2-elf/lib\libstdc++.a(eh_alloc.o)
 .text          0x000000000400aafc        0x0 c:/intelfpga_lite/18.1/nios2eds/bin/gnu/h-x86_64-mingw32/bin/../lib/gcc/nios2-elf/5.3.0/../../../../../H-x86_64-mingw32/nios2-elf/lib\libstdc++.a(eh_call.o)
 .text.__cxa_call_terminate
                0x000000000400aafc       0x58 c:/intelfpga_lite/18.1/nios2eds/bin/gnu/h-x86_64-mingw32/bin/../lib/gcc/nios2-elf/5.3.0/../../../../../H-x86_64-mingw32/nios2-elf/lib\libstdc++.a(eh_call.o)
                0x000000000400aafc                __cxa_call_terminate
 .text          0x000000000400ab54        0x0 c:/intelfpga_lite/18.1/nios2eds/bin/gnu/h-x86_64-mingw32/bin/../lib/gcc/nios2-elf/5.3.0/../../../../../H-x86_64-mingw32/nios2-elf/lib\libstdc++.a(eh_globals.o)
 .text.__cxa_get_globals_fast
                0x000000000400ab54        0xc c:/intelfpga_lite/18.1/nios2eds/bin/gnu/h-x86_64-mingw32/bin/../lib/gcc/nios2-elf/5.3.0/../../../../../H-x86_64-mingw32/nios2-elf/lib\libstdc++.a(eh_globals.o)
                0x000000000400ab54                __cxa_get_globals_fast
 .text.__cxa_get_globals
                0x000000000400ab60        0xc c:/intelfpga_lite/18.1/nios2eds/bin/gnu/h-x86_64-mingw32/bin/../lib/gcc/nios2-elf/5.3.0/../../../../../H-x86_64-mingw32/nios2-elf/lib\libstdc++.a(eh_globals.o)
                0x000000000400ab60                __cxa_get_globals
 .text          0x000000000400ab6c        0x0 c:/intelfpga_lite/18.1/nios2eds/bin/gnu/h-x86_64-mingw32/bin/../lib/gcc/nios2-elf/5.3.0/../../../../../H-x86_64-mingw32/nios2-elf/lib\libstdc++.a(eh_exception.o)
 .text._ZNSt9exceptionD2Ev
                0x000000000400ab6c        0x4 c:/intelfpga_lite/18.1/nios2eds/bin/gnu/h-x86_64-mingw32/bin/../lib/gcc/nios2-elf/5.3.0/../../../../../H-x86_64-mingw32/nios2-elf/lib\libstdc++.a(eh_exception.o)
                0x000000000400ab6c                std::exception::~exception()
                0x000000000400ab6c                std::exception::~exception()
 .text._ZNSt13bad_exceptionD2Ev
                0x000000000400ab70        0x4 c:/intelfpga_lite/18.1/nios2eds/bin/gnu/h-x86_64-mingw32/bin/../lib/gcc/nios2-elf/5.3.0/../../../../../H-x86_64-mingw32/nios2-elf/lib\libstdc++.a(eh_exception.o)
                0x000000000400ab70                std::bad_exception::~bad_exception()
                0x000000000400ab70                std::bad_exception::~bad_exception()
 .text._ZNKSt9exception4whatEv
                0x000000000400ab74        0xc c:/intelfpga_lite/18.1/nios2eds/bin/gnu/h-x86_64-mingw32/bin/../lib/gcc/nios2-elf/5.3.0/../../../../../H-x86_64-mingw32/nios2-elf/lib\libstdc++.a(eh_exception.o)
                0x000000000400ab74                std::exception::what() const
 .text._ZNKSt13bad_exception4whatEv
                0x000000000400ab80        0xc c:/intelfpga_lite/18.1/nios2eds/bin/gnu/h-x86_64-mingw32/bin/../lib/gcc/nios2-elf/5.3.0/../../../../../H-x86_64-mingw32/nios2-elf/lib\libstdc++.a(eh_exception.o)
                0x000000000400ab80                std::bad_exception::what() const
 .text._ZNSt9exceptionD0Ev
                0x000000000400ab8c        0x4 c:/intelfpga_lite/18.1/nios2eds/bin/gnu/h-x86_64-mingw32/bin/../lib/gcc/nios2-elf/5.3.0/../../../../../H-x86_64-mingw32/nios2-elf/lib\libstdc++.a(eh_exception.o)
                0x000000000400ab8c                std::exception::~exception()
 .text._ZNSt13bad_exceptionD0Ev
                0x000000000400ab90        0x4 c:/intelfpga_lite/18.1/nios2eds/bin/gnu/h-x86_64-mingw32/bin/../lib/gcc/nios2-elf/5.3.0/../../../../../H-x86_64-mingw32/nios2-elf/lib\libstdc++.a(eh_exception.o)
                0x000000000400ab90                std::bad_exception::~bad_exception()
 .text._ZN10__cxxabiv115__forced_unwindD2Ev
                0x000000000400ab94        0x4 c:/intelfpga_lite/18.1/nios2eds/bin/gnu/h-x86_64-mingw32/bin/../lib/gcc/nios2-elf/5.3.0/../../../../../H-x86_64-mingw32/nios2-elf/lib\libstdc++.a(eh_exception.o)
                0x000000000400ab94                __cxxabiv1::__forced_unwind::~__forced_unwind()
                0x000000000400ab94                __cxxabiv1::__forced_unwind::~__forced_unwind()
 .text._ZN10__cxxabiv115__forced_unwindD0Ev
                0x000000000400ab98        0x4 c:/intelfpga_lite/18.1/nios2eds/bin/gnu/h-x86_64-mingw32/bin/../lib/gcc/nios2-elf/5.3.0/../../../../../H-x86_64-mingw32/nios2-elf/lib\libstdc++.a(eh_exception.o)
                0x000000000400ab98                __cxxabiv1::__forced_unwind::~__forced_unwind()
 .text._ZN10__cxxabiv119__foreign_exceptionD2Ev
                0x000000000400ab9c        0x4 c:/intelfpga_lite/18.1/nios2eds/bin/gnu/h-x86_64-mingw32/bin/../lib/gcc/nios2-elf/5.3.0/../../../../../H-x86_64-mingw32/nios2-elf/lib\libstdc++.a(eh_exception.o)
                0x000000000400ab9c                __cxxabiv1::__foreign_exception::~__foreign_exception()
                0x000000000400ab9c                __cxxabiv1::__foreign_exception::~__foreign_exception()
 .text._ZN10__cxxabiv119__foreign_exceptionD0Ev
                0x000000000400aba0        0x4 c:/intelfpga_lite/18.1/nios2eds/bin/gnu/h-x86_64-mingw32/bin/../lib/gcc/nios2-elf/5.3.0/../../../../../H-x86_64-mingw32/nios2-elf/lib\libstdc++.a(eh_exception.o)
                0x000000000400aba0                __cxxabiv1::__foreign_exception::~__foreign_exception()
 .text          0x000000000400aba4        0x0 c:/intelfpga_lite/18.1/nios2eds/bin/gnu/h-x86_64-mingw32/bin/../lib/gcc/nios2-elf/5.3.0/../../../../../H-x86_64-mingw32/nios2-elf/lib\libstdc++.a(eh_term_handler.o)
 .text          0x000000000400aba4        0x0 c:/intelfpga_lite/18.1/nios2eds/bin/gnu/h-x86_64-mingw32/bin/../lib/gcc/nios2-elf/5.3.0/../../../../../H-x86_64-mingw32/nios2-elf/lib\libstdc++.a(guard_error.o)
 .text._ZN9__gnu_cxx20recursive_init_errorD2Ev
                0x000000000400aba4       0x10 c:/intelfpga_lite/18.1/nios2eds/bin/gnu/h-x86_64-mingw32/bin/../lib/gcc/nios2-elf/5.3.0/../../../../../H-x86_64-mingw32/nios2-elf/lib\libstdc++.a(guard_error.o)
                0x000000000400aba4                __gnu_cxx::recursive_init_error::~recursive_init_error()
                0x000000000400aba4                __gnu_cxx::recursive_init_error::~recursive_init_error()
 .text._ZN9__gnu_cxx20recursive_init_errorD0Ev
                0x000000000400abb4       0x34 c:/intelfpga_lite/18.1/nios2eds/bin/gnu/h-x86_64-mingw32/bin/../lib/gcc/nios2-elf/5.3.0/../../../../../H-x86_64-mingw32/nios2-elf/lib\libstdc++.a(guard_error.o)
                0x000000000400abb4                __gnu_cxx::recursive_init_error::~recursive_init_error()
 .text          0x000000000400abe8      0x1b4 c:/intelfpga_lite/18.1/nios2eds/bin/gnu/h-x86_64-mingw32/bin/../lib/gcc/nios2-elf/5.3.0\libgcc.a(lib2-divmod.o)
                0x000000000400abe8                __divsi3
                0x000000000400ac6c                __modsi3
                0x000000000400ace0                __udivsi3
                0x000000000400ad44                __umodsi3
 .text          0x000000000400ad9c      0x520 c:/intelfpga_lite/18.1/nios2eds/bin/gnu/h-x86_64-mingw32/bin/../lib/gcc/nios2-elf/5.3.0\libgcc.a(unwind-sjlj.o)
                0x000000000400afa4                _Unwind_SjLj_Register
                0x000000000400afbc                _Unwind_SjLj_Unregister
                0x000000000400afd0                _Unwind_GetGR
                0x000000000400afec                _Unwind_GetCFA
                0x000000000400b004                _Unwind_SetGR
                0x000000000400b020                _Unwind_GetIP
                0x000000000400b030                _Unwind_GetIPInfo
                0x000000000400b050                _Unwind_SetIP
                0x000000000400b060                _Unwind_GetLanguageSpecificData
                0x000000000400b06c                _Unwind_GetRegionStart
                0x000000000400b074                _Unwind_FindEnclosingFunction
                0x000000000400b07c                _Unwind_GetDataRelBase
                0x000000000400b084                _Unwind_GetTextRelBase
                0x000000000400b08c                _Unwind_SjLj_RaiseException
                0x000000000400b15c                _Unwind_SjLj_ForcedUnwind
                0x000000000400b1a0                _Unwind_SjLj_Resume
                0x000000000400b1e4                _Unwind_SjLj_Resume_or_Rethrow
                0x000000000400b230                _Unwind_DeleteException
                0x000000000400b248                _Unwind_Backtrace
 .text          0x000000000400b2bc        0x0 c:/intelfpga_lite/18.1/nios2eds/bin/gnu/h-x86_64-mingw32/bin/../lib/gcc/nios2-elf/5.3.0/../../../../../H-x86_64-mingw32/nios2-elf/lib\libc.a(lib_a-abort.o)
 .text.abort    0x000000000400b2bc       0x18 c:/intelfpga_lite/18.1/nios2eds/bin/gnu/h-x86_64-mingw32/bin/../lib/gcc/nios2-elf/5.3.0/../../../../../H-x86_64-mingw32/nios2-elf/lib\libc.a(lib_a-abort.o)
                0x000000000400b2bc                abort
 .text          0x000000000400b2d4        0x0 c:/intelfpga_lite/18.1/nios2eds/bin/gnu/h-x86_64-mingw32/bin/../lib/gcc/nios2-elf/5.3.0/../../../../../H-x86_64-mingw32/nios2-elf/lib\libc.a(lib_a-clock.o)
 .text.clock    0x000000000400b2d4       0x4c c:/intelfpga_lite/18.1/nios2eds/bin/gnu/h-x86_64-mingw32/bin/../lib/gcc/nios2-elf/5.3.0/../../../../../H-x86_64-mingw32/nios2-elf/lib\libc.a(lib_a-clock.o)
                0x000000000400b2d4                clock
 .text          0x000000000400b320        0x0 c:/intelfpga_lite/18.1/nios2eds/bin/gnu/h-x86_64-mingw32/bin/../lib/gcc/nios2-elf/5.3.0/../../../../../H-x86_64-mingw32/nios2-elf/lib\libc.a(lib_a-impure.o)
 .text          0x000000000400b320        0x0 c:/intelfpga_lite/18.1/nios2eds/bin/gnu/h-x86_64-mingw32/bin/../lib/gcc/nios2-elf/5.3.0/../../../../../H-x86_64-mingw32/nios2-elf/lib\libc.a(lib_a-malloc.o)
 .text.malloc   0x000000000400b320       0x14 c:/intelfpga_lite/18.1/nios2eds/bin/gnu/h-x86_64-mingw32/bin/../lib/gcc/nios2-elf/5.3.0/../../../../../H-x86_64-mingw32/nios2-elf/lib\libc.a(lib_a-malloc.o)
                0x000000000400b320                malloc
 .text.free     0x000000000400b334       0x14 c:/intelfpga_lite/18.1/nios2eds/bin/gnu/h-x86_64-mingw32/bin/../lib/gcc/nios2-elf/5.3.0/../../../../../H-x86_64-mingw32/nios2-elf/lib\libc.a(lib_a-malloc.o)
                0x000000000400b334                free
 .text          0x000000000400b348        0x0 c:/intelfpga_lite/18.1/nios2eds/bin/gnu/h-x86_64-mingw32/bin/../lib/gcc/nios2-elf/5.3.0/../../../../../H-x86_64-mingw32/nios2-elf/lib\libc.a(lib_a-mallocr.o)
 .text._malloc_r
                0x000000000400b348      0x80c c:/intelfpga_lite/18.1/nios2eds/bin/gnu/h-x86_64-mingw32/bin/../lib/gcc/nios2-elf/5.3.0/../../../../../H-x86_64-mingw32/nios2-elf/lib\libc.a(lib_a-mallocr.o)
                0x000000000400b348                _malloc_r
 .text          0x000000000400bb54        0x0 c:/intelfpga_lite/18.1/nios2eds/bin/gnu/h-x86_64-mingw32/bin/../lib/gcc/nios2-elf/5.3.0/../../../../../H-x86_64-mingw32/nios2-elf/lib\libc.a(lib_a-memcmp.o)
 .text.memcmp   0x000000000400bb54       0x7c c:/intelfpga_lite/18.1/nios2eds/bin/gnu/h-x86_64-mingw32/bin/../lib/gcc/nios2-elf/5.3.0/../../../../../H-x86_64-mingw32/nios2-elf/lib\libc.a(lib_a-memcmp.o)
                0x000000000400bb54                memcmp
 .text          0x000000000400bbd0        0x0 c:/intelfpga_lite/18.1/nios2eds/bin/gnu/h-x86_64-mingw32/bin/../lib/gcc/nios2-elf/5.3.0/../../../../../H-x86_64-mingw32/nios2-elf/lib\libc.a(lib_a-memcpy.o)
 .text.memcpy   0x000000000400bbd0      0x148 c:/intelfpga_lite/18.1/nios2eds/bin/gnu/h-x86_64-mingw32/bin/../lib/gcc/nios2-elf/5.3.0/../../../../../H-x86_64-mingw32/nios2-elf/lib\libc.a(lib_a-memcpy.o)
                0x000000000400bbd0                memcpy
 .text          0x000000000400bd18        0x0 c:/intelfpga_lite/18.1/nios2eds/bin/gnu/h-x86_64-mingw32/bin/../lib/gcc/nios2-elf/5.3.0/../../../../../H-x86_64-mingw32/nios2-elf/lib\libc.a(lib_a-memset.o)
 .text.memset   0x000000000400bd18      0x128 c:/intelfpga_lite/18.1/nios2eds/bin/gnu/h-x86_64-mingw32/bin/../lib/gcc/nios2-elf/5.3.0/../../../../../H-x86_64-mingw32/nios2-elf/lib\libc.a(lib_a-memset.o)
                0x000000000400bd18                memset
 .text          0x000000000400be40        0x0 c:/intelfpga_lite/18.1/nios2eds/bin/gnu/h-x86_64-mingw32/bin/../lib/gcc/nios2-elf/5.3.0/../../../../../H-x86_64-mingw32/nios2-elf/lib\libc.a(lib_a-printf.o)
 .text._printf_r
                0x000000000400be40       0x30 c:/intelfpga_lite/18.1/nios2eds/bin/gnu/h-x86_64-mingw32/bin/../lib/gcc/nios2-elf/5.3.0/../../../../../H-x86_64-mingw32/nios2-elf/lib\libc.a(lib_a-printf.o)
                0x000000000400be40                _printf_r
 .text.printf   0x000000000400be70       0x3c c:/intelfpga_lite/18.1/nios2eds/bin/gnu/h-x86_64-mingw32/bin/../lib/gcc/nios2-elf/5.3.0/../../../../../H-x86_64-mingw32/nios2-elf/lib\libc.a(lib_a-printf.o)
                0x000000000400be70                printf
 .text          0x000000000400beac        0x0 c:/intelfpga_lite/18.1/nios2eds/bin/gnu/h-x86_64-mingw32/bin/../lib/gcc/nios2-elf/5.3.0/../../../../../H-x86_64-mingw32/nios2-elf/lib\libc.a(lib_a-puts.o)
 .text._puts_r  0x000000000400beac       0xc0 c:/intelfpga_lite/18.1/nios2eds/bin/gnu/h-x86_64-mingw32/bin/../lib/gcc/nios2-elf/5.3.0/../../../../../H-x86_64-mingw32/nios2-elf/lib\libc.a(lib_a-puts.o)
                0x000000000400beac                _puts_r
 .text.puts     0x000000000400bf6c       0x14 c:/intelfpga_lite/18.1/nios2eds/bin/gnu/h-x86_64-mingw32/bin/../lib/gcc/nios2-elf/5.3.0/../../../../../H-x86_64-mingw32/nios2-elf/lib\libc.a(lib_a-puts.o)
                0x000000000400bf6c                puts
 .text          0x000000000400bf80        0x0 c:/intelfpga_lite/18.1/nios2eds/bin/gnu/h-x86_64-mingw32/bin/../lib/gcc/nios2-elf/5.3.0/../../../../../H-x86_64-mingw32/nios2-elf/lib\libc.a(lib_a-sbrkr.o)
 .text._sbrk_r  0x000000000400bf80       0x54 c:/intelfpga_lite/18.1/nios2eds/bin/gnu/h-x86_64-mingw32/bin/../lib/gcc/nios2-elf/5.3.0/../../../../../H-x86_64-mingw32/nios2-elf/lib\libc.a(lib_a-sbrkr.o)
                0x000000000400bf80                _sbrk_r
 .text          0x000000000400bfd4        0x0 c:/intelfpga_lite/18.1/nios2eds/bin/gnu/h-x86_64-mingw32/bin/../lib/gcc/nios2-elf/5.3.0/../../../../../H-x86_64-mingw32/nios2-elf/lib\libc.a(lib_a-signal.o)
 .text._init_signal_r
                0x000000000400bfd4       0x6c c:/intelfpga_lite/18.1/nios2eds/bin/gnu/h-x86_64-mingw32/bin/../lib/gcc/nios2-elf/5.3.0/../../../../../H-x86_64-mingw32/nios2-elf/lib\libc.a(lib_a-signal.o)
                0x000000000400bfd4                _init_signal_r
 .text._signal_r
                0x000000000400c040       0x84 c:/intelfpga_lite/18.1/nios2eds/bin/gnu/h-x86_64-mingw32/bin/../lib/gcc/nios2-elf/5.3.0/../../../../../H-x86_64-mingw32/nios2-elf/lib\libc.a(lib_a-signal.o)
                0x000000000400c040                _signal_r
 .text._raise_r
                0x000000000400c0c4       0xbc c:/intelfpga_lite/18.1/nios2eds/bin/gnu/h-x86_64-mingw32/bin/../lib/gcc/nios2-elf/5.3.0/../../../../../H-x86_64-mingw32/nios2-elf/lib\libc.a(lib_a-signal.o)
                0x000000000400c0c4                _raise_r
 .text.__sigtramp_r
                0x000000000400c180       0xa8 c:/intelfpga_lite/18.1/nios2eds/bin/gnu/h-x86_64-mingw32/bin/../lib/gcc/nios2-elf/5.3.0/../../../../../H-x86_64-mingw32/nios2-elf/lib\libc.a(lib_a-signal.o)
                0x000000000400c180                __sigtramp_r
 .text.raise    0x000000000400c228       0x14 c:/intelfpga_lite/18.1/nios2eds/bin/gnu/h-x86_64-mingw32/bin/../lib/gcc/nios2-elf/5.3.0/../../../../../H-x86_64-mingw32/nios2-elf/lib\libc.a(lib_a-signal.o)
                0x000000000400c228                raise
 .text.signal   0x000000000400c23c       0x18 c:/intelfpga_lite/18.1/nios2eds/bin/gnu/h-x86_64-mingw32/bin/../lib/gcc/nios2-elf/5.3.0/../../../../../H-x86_64-mingw32/nios2-elf/lib\libc.a(lib_a-signal.o)
                0x000000000400c23c                signal
 .text._init_signal
                0x000000000400c254       0x10 c:/intelfpga_lite/18.1/nios2eds/bin/gnu/h-x86_64-mingw32/bin/../lib/gcc/nios2-elf/5.3.0/../../../../../H-x86_64-mingw32/nios2-elf/lib\libc.a(lib_a-signal.o)
                0x000000000400c254                _init_signal
 .text.__sigtramp
                0x000000000400c264       0x14 c:/intelfpga_lite/18.1/nios2eds/bin/gnu/h-x86_64-mingw32/bin/../lib/gcc/nios2-elf/5.3.0/../../../../../H-x86_64-mingw32/nios2-elf/lib\libc.a(lib_a-signal.o)
                0x000000000400c264                __sigtramp
 .text          0x000000000400c278        0x0 c:/intelfpga_lite/18.1/nios2eds/bin/gnu/h-x86_64-mingw32/bin/../lib/gcc/nios2-elf/5.3.0/../../../../../H-x86_64-mingw32/nios2-elf/lib\libc.a(lib_a-signalr.o)
 .text._kill_r  0x000000000400c278       0x5c c:/intelfpga_lite/18.1/nios2eds/bin/gnu/h-x86_64-mingw32/bin/../lib/gcc/nios2-elf/5.3.0/../../../../../H-x86_64-mingw32/nios2-elf/lib\libc.a(lib_a-signalr.o)
                0x000000000400c278                _kill_r
 .text._getpid_r
                0x000000000400c2d4        0x4 c:/intelfpga_lite/18.1/nios2eds/bin/gnu/h-x86_64-mingw32/bin/../lib/gcc/nios2-elf/5.3.0/../../../../../H-x86_64-mingw32/nios2-elf/lib\libc.a(lib_a-signalr.o)
                0x000000000400c2d4                _getpid_r
 .text          0x000000000400c2d8        0x0 c:/intelfpga_lite/18.1/nios2eds/bin/gnu/h-x86_64-mingw32/bin/../lib/gcc/nios2-elf/5.3.0/../../../../../H-x86_64-mingw32/nios2-elf/lib\libc.a(lib_a-strcmp.o)
 .text.strcmp   0x000000000400c2d8       0xdc c:/intelfpga_lite/18.1/nios2eds/bin/gnu/h-x86_64-mingw32/bin/../lib/gcc/nios2-elf/5.3.0/../../../../../H-x86_64-mingw32/nios2-elf/lib\libc.a(lib_a-strcmp.o)
                0x000000000400c2d8                strcmp
 .text          0x000000000400c3b4        0x0 c:/intelfpga_lite/18.1/nios2eds/bin/gnu/h-x86_64-mingw32/bin/../lib/gcc/nios2-elf/5.3.0/../../../../../H-x86_64-mingw32/nios2-elf/lib\libc.a(lib_a-strlen.o)
 .text.strlen   0x000000000400c3b4       0x98 c:/intelfpga_lite/18.1/nios2eds/bin/gnu/h-x86_64-mingw32/bin/../lib/gcc/nios2-elf/5.3.0/../../../../../H-x86_64-mingw32/nios2-elf/lib\libc.a(lib_a-strlen.o)
                0x000000000400c3b4                strlen
 .text          0x000000000400c44c        0x0 c:/intelfpga_lite/18.1/nios2eds/bin/gnu/h-x86_64-mingw32/bin/../lib/gcc/nios2-elf/5.3.0/../../../../../H-x86_64-mingw32/nios2-elf/lib\libc.a(lib_a-timesr.o)
 .text._times_r
                0x000000000400c44c        0x8 c:/intelfpga_lite/18.1/nios2eds/bin/gnu/h-x86_64-mingw32/bin/../lib/gcc/nios2-elf/5.3.0/../../../../../H-x86_64-mingw32/nios2-elf/lib\libc.a(lib_a-timesr.o)
                0x000000000400c44c                _times_r
 .text          0x000000000400c454        0x0 c:/intelfpga_lite/18.1/nios2eds/bin/gnu/h-x86_64-mingw32/bin/../lib/gcc/nios2-elf/5.3.0/../../../../../H-x86_64-mingw32/nios2-elf/lib\libc.a(lib_a-vfprintf.o)
 .text.___vfprintf_internal_r
                0x000000000400c454     0x21f8 c:/intelfpga_lite/18.1/nios2eds/bin/gnu/h-x86_64-mingw32/bin/../lib/gcc/nios2-elf/5.3.0/../../../../../H-x86_64-mingw32/nios2-elf/lib\libc.a(lib_a-vfprintf.o)
                0x000000000400c454                ___vfprintf_internal_r
 .text.__vfprintf_internal
                0x000000000400e64c       0x1c c:/intelfpga_lite/18.1/nios2eds/bin/gnu/h-x86_64-mingw32/bin/../lib/gcc/nios2-elf/5.3.0/../../../../../H-x86_64-mingw32/nios2-elf/lib\libc.a(lib_a-vfprintf.o)
                0x000000000400e64c                __vfprintf_internal
 .text.__sbprintf
                0x000000000400e668       0xbc c:/intelfpga_lite/18.1/nios2eds/bin/gnu/h-x86_64-mingw32/bin/../lib/gcc/nios2-elf/5.3.0/../../../../../H-x86_64-mingw32/nios2-elf/lib\libc.a(lib_a-vfprintf.o)
 .text          0x000000000400e724        0x0 c:/intelfpga_lite/18.1/nios2eds/bin/gnu/h-x86_64-mingw32/bin/../lib/gcc/nios2-elf/5.3.0/../../../../../H-x86_64-mingw32/nios2-elf/lib\libc.a(lib_a-wsetup.o)
 .text.__swsetup_r
                0x000000000400e724      0x154 c:/intelfpga_lite/18.1/nios2eds/bin/gnu/h-x86_64-mingw32/bin/../lib/gcc/nios2-elf/5.3.0/../../../../../H-x86_64-mingw32/nios2-elf/lib\libc.a(lib_a-wsetup.o)
                0x000000000400e724                __swsetup_r
 .text          0x000000000400e878        0x0 c:/intelfpga_lite/18.1/nios2eds/bin/gnu/h-x86_64-mingw32/bin/../lib/gcc/nios2-elf/5.3.0/../../../../../H-x86_64-mingw32/nios2-elf/lib\libc.a(lib_a-dtoa.o)
 .text.quorem   0x000000000400e878      0x200 c:/intelfpga_lite/18.1/nios2eds/bin/gnu/h-x86_64-mingw32/bin/../lib/gcc/nios2-elf/5.3.0/../../../../../H-x86_64-mingw32/nios2-elf/lib\libc.a(lib_a-dtoa.o)
 .text._dtoa_r  0x000000000400ea78     0x1688 c:/intelfpga_lite/18.1/nios2eds/bin/gnu/h-x86_64-mingw32/bin/../lib/gcc/nios2-elf/5.3.0/../../../../../H-x86_64-mingw32/nios2-elf/lib\libc.a(lib_a-dtoa.o)
                0x000000000400ea78                _dtoa_r
 .text          0x0000000004010100        0x0 c:/intelfpga_lite/18.1/nios2eds/bin/gnu/h-x86_64-mingw32/bin/../lib/gcc/nios2-elf/5.3.0/../../../../../H-x86_64-mingw32/nios2-elf/lib\libc.a(lib_a-fflush.o)
 .text.__sflush_r
                0x0000000004010100      0x21c c:/intelfpga_lite/18.1/nios2eds/bin/gnu/h-x86_64-mingw32/bin/../lib/gcc/nios2-elf/5.3.0/../../../../../H-x86_64-mingw32/nios2-elf/lib\libc.a(lib_a-fflush.o)
                0x0000000004010100                __sflush_r
 .text._fflush_r
                0x000000000401031c       0x5c c:/intelfpga_lite/18.1/nios2eds/bin/gnu/h-x86_64-mingw32/bin/../lib/gcc/nios2-elf/5.3.0/../../../../../H-x86_64-mingw32/nios2-elf/lib\libc.a(lib_a-fflush.o)
                0x000000000401031c                _fflush_r
 .text.fflush   0x0000000004010378       0x30 c:/intelfpga_lite/18.1/nios2eds/bin/gnu/h-x86_64-mingw32/bin/../lib/gcc/nios2-elf/5.3.0/../../../../../H-x86_64-mingw32/nios2-elf/lib\libc.a(lib_a-fflush.o)
                0x0000000004010378                fflush
 .text          0x00000000040103a8        0x0 c:/intelfpga_lite/18.1/nios2eds/bin/gnu/h-x86_64-mingw32/bin/../lib/gcc/nios2-elf/5.3.0/../../../../../H-x86_64-mingw32/nios2-elf/lib\libc.a(lib_a-findfp.o)
 .text.__fp_unlock
                0x00000000040103a8        0x8 c:/intelfpga_lite/18.1/nios2eds/bin/gnu/h-x86_64-mingw32/bin/../lib/gcc/nios2-elf/5.3.0/../../../../../H-x86_64-mingw32/nios2-elf/lib\libc.a(lib_a-findfp.o)
 .text._cleanup_r
                0x00000000040103b0        0xc c:/intelfpga_lite/18.1/nios2eds/bin/gnu/h-x86_64-mingw32/bin/../lib/gcc/nios2-elf/5.3.0/../../../../../H-x86_64-mingw32/nios2-elf/lib\libc.a(lib_a-findfp.o)
                0x00000000040103b0                _cleanup_r
 .text.__sinit.part.1
                0x00000000040103bc      0x19c c:/intelfpga_lite/18.1/nios2eds/bin/gnu/h-x86_64-mingw32/bin/../lib/gcc/nios2-elf/5.3.0/../../../../../H-x86_64-mingw32/nios2-elf/lib\libc.a(lib_a-findfp.o)
 .text.__fp_lock
                0x0000000004010558        0x8 c:/intelfpga_lite/18.1/nios2eds/bin/gnu/h-x86_64-mingw32/bin/../lib/gcc/nios2-elf/5.3.0/../../../../../H-x86_64-mingw32/nios2-elf/lib\libc.a(lib_a-findfp.o)
 .text.__sfmoreglue
                0x0000000004010560       0x68 c:/intelfpga_lite/18.1/nios2eds/bin/gnu/h-x86_64-mingw32/bin/../lib/gcc/nios2-elf/5.3.0/../../../../../H-x86_64-mingw32/nios2-elf/lib\libc.a(lib_a-findfp.o)
                0x0000000004010560                __sfmoreglue
 .text.__sfp    0x00000000040105c8      0x118 c:/intelfpga_lite/18.1/nios2eds/bin/gnu/h-x86_64-mingw32/bin/../lib/gcc/nios2-elf/5.3.0/../../../../../H-x86_64-mingw32/nios2-elf/lib\libc.a(lib_a-findfp.o)
                0x00000000040105c8                __sfp
 .text._cleanup
                0x00000000040106e0       0x18 c:/intelfpga_lite/18.1/nios2eds/bin/gnu/h-x86_64-mingw32/bin/../lib/gcc/nios2-elf/5.3.0/../../../../../H-x86_64-mingw32/nios2-elf/lib\libc.a(lib_a-findfp.o)
                0x00000000040106e0                _cleanup
 .text.__sinit  0x00000000040106f8       0x10 c:/intelfpga_lite/18.1/nios2eds/bin/gnu/h-x86_64-mingw32/bin/../lib/gcc/nios2-elf/5.3.0/../../../../../H-x86_64-mingw32/nios2-elf/lib\libc.a(lib_a-findfp.o)
                0x00000000040106f8                __sinit
 .text.__sfp_lock_acquire
                0x0000000004010708        0x4 c:/intelfpga_lite/18.1/nios2eds/bin/gnu/h-x86_64-mingw32/bin/../lib/gcc/nios2-elf/5.3.0/../../../../../H-x86_64-mingw32/nios2-elf/lib\libc.a(lib_a-findfp.o)
                0x0000000004010708                __sfp_lock_acquire
 .text.__sfp_lock_release
                0x000000000401070c        0x4 c:/intelfpga_lite/18.1/nios2eds/bin/gnu/h-x86_64-mingw32/bin/../lib/gcc/nios2-elf/5.3.0/../../../../../H-x86_64-mingw32/nios2-elf/lib\libc.a(lib_a-findfp.o)
                0x000000000401070c                __sfp_lock_release
 .text.__sinit_lock_acquire
                0x0000000004010710        0x4 c:/intelfpga_lite/18.1/nios2eds/bin/gnu/h-x86_64-mingw32/bin/../lib/gcc/nios2-elf/5.3.0/../../../../../H-x86_64-mingw32/nios2-elf/lib\libc.a(lib_a-findfp.o)
                0x0000000004010710                __sinit_lock_acquire
 .text.__sinit_lock_release
                0x0000000004010714        0x4 c:/intelfpga_lite/18.1/nios2eds/bin/gnu/h-x86_64-mingw32/bin/../lib/gcc/nios2-elf/5.3.0/../../../../../H-x86_64-mingw32/nios2-elf/lib\libc.a(lib_a-findfp.o)
                0x0000000004010714                __sinit_lock_release
 .text.__fp_lock_all
                0x0000000004010718       0x18 c:/intelfpga_lite/18.1/nios2eds/bin/gnu/h-x86_64-mingw32/bin/../lib/gcc/nios2-elf/5.3.0/../../../../../H-x86_64-mingw32/nios2-elf/lib\libc.a(lib_a-findfp.o)
                0x0000000004010718                __fp_lock_all
 .text.__fp_unlock_all
                0x0000000004010730       0x18 c:/intelfpga_lite/18.1/nios2eds/bin/gnu/h-x86_64-mingw32/bin/../lib/gcc/nios2-elf/5.3.0/../../../../../H-x86_64-mingw32/nios2-elf/lib\libc.a(lib_a-findfp.o)
                0x0000000004010730                __fp_unlock_all
 .text          0x0000000004010748        0x0 c:/intelfpga_lite/18.1/nios2eds/bin/gnu/h-x86_64-mingw32/bin/../lib/gcc/nios2-elf/5.3.0/../../../../../H-x86_64-mingw32/nios2-elf/lib\libc.a(lib_a-freer.o)
 .text._malloc_trim_r
                0x0000000004010748      0x124 c:/intelfpga_lite/18.1/nios2eds/bin/gnu/h-x86_64-mingw32/bin/../lib/gcc/nios2-elf/5.3.0/../../../../../H-x86_64-mingw32/nios2-elf/lib\libc.a(lib_a-freer.o)
                0x0000000004010748                _malloc_trim_r
 .text._free_r  0x000000000401086c      0x310 c:/intelfpga_lite/18.1/nios2eds/bin/gnu/h-x86_64-mingw32/bin/../lib/gcc/nios2-elf/5.3.0/../../../../../H-x86_64-mingw32/nios2-elf/lib\libc.a(lib_a-freer.o)
                0x000000000401086c                _free_r
 .text          0x0000000004010b7c        0x0 c:/intelfpga_lite/18.1/nios2eds/bin/gnu/h-x86_64-mingw32/bin/../lib/gcc/nios2-elf/5.3.0/../../../../../H-x86_64-mingw32/nios2-elf/lib\libc.a(lib_a-fvwrite.o)
 .text.__sfvwrite_r
                0x0000000004010b7c      0x4bc c:/intelfpga_lite/18.1/nios2eds/bin/gnu/h-x86_64-mingw32/bin/../lib/gcc/nios2-elf/5.3.0/../../../../../H-x86_64-mingw32/nios2-elf/lib\libc.a(lib_a-fvwrite.o)
                0x0000000004010b7c                __sfvwrite_r
 .text          0x0000000004011038        0x0 c:/intelfpga_lite/18.1/nios2eds/bin/gnu/h-x86_64-mingw32/bin/../lib/gcc/nios2-elf/5.3.0/../../../../../H-x86_64-mingw32/nios2-elf/lib\libc.a(lib_a-fwalk.o)
 .text._fwalk   0x0000000004011038       0xc4 c:/intelfpga_lite/18.1/nios2eds/bin/gnu/h-x86_64-mingw32/bin/../lib/gcc/nios2-elf/5.3.0/../../../../../H-x86_64-mingw32/nios2-elf/lib\libc.a(lib_a-fwalk.o)
                0x0000000004011038                _fwalk
 .text._fwalk_reent
                0x00000000040110fc       0xc4 c:/intelfpga_lite/18.1/nios2eds/bin/gnu/h-x86_64-mingw32/bin/../lib/gcc/nios2-elf/5.3.0/../../../../../H-x86_64-mingw32/nios2-elf/lib\libc.a(lib_a-fwalk.o)
                0x00000000040110fc                _fwalk_reent
 .text          0x00000000040111c0        0x0 c:/intelfpga_lite/18.1/nios2eds/bin/gnu/h-x86_64-mingw32/bin/../lib/gcc/nios2-elf/5.3.0/../../../../../H-x86_64-mingw32/nios2-elf/lib\libc.a(lib_a-int_errno.o)
 .text          0x00000000040111c0        0x0 c:/intelfpga_lite/18.1/nios2eds/bin/gnu/h-x86_64-mingw32/bin/../lib/gcc/nios2-elf/5.3.0/../../../../../H-x86_64-mingw32/nios2-elf/lib\libc.a(lib_a-locale.o)
 .text._setlocale_r
                0x00000000040111c0       0x7c c:/intelfpga_lite/18.1/nios2eds/bin/gnu/h-x86_64-mingw32/bin/../lib/gcc/nios2-elf/5.3.0/../../../../../H-x86_64-mingw32/nios2-elf/lib\libc.a(lib_a-locale.o)
                0x00000000040111c0                _setlocale_r
 .text.__locale_charset
                0x000000000401123c        0xc c:/intelfpga_lite/18.1/nios2eds/bin/gnu/h-x86_64-mingw32/bin/../lib/gcc/nios2-elf/5.3.0/../../../../../H-x86_64-mingw32/nios2-elf/lib\libc.a(lib_a-locale.o)
                0x000000000401123c                __locale_charset
 .text.__locale_mb_cur_max
                0x0000000004011248       0x10 c:/intelfpga_lite/18.1/nios2eds/bin/gnu/h-x86_64-mingw32/bin/../lib/gcc/nios2-elf/5.3.0/../../../../../H-x86_64-mingw32/nios2-elf/lib\libc.a(lib_a-locale.o)
                0x0000000004011248                __locale_mb_cur_max
 .text.__locale_msgcharset
                0x0000000004011258        0xc c:/intelfpga_lite/18.1/nios2eds/bin/gnu/h-x86_64-mingw32/bin/../lib/gcc/nios2-elf/5.3.0/../../../../../H-x86_64-mingw32/nios2-elf/lib\libc.a(lib_a-locale.o)
                0x0000000004011258                __locale_msgcharset
 .text.__locale_cjk_lang
                0x0000000004011264        0x8 c:/intelfpga_lite/18.1/nios2eds/bin/gnu/h-x86_64-mingw32/bin/../lib/gcc/nios2-elf/5.3.0/../../../../../H-x86_64-mingw32/nios2-elf/lib\libc.a(lib_a-locale.o)
                0x0000000004011264                __locale_cjk_lang
 .text._localeconv_r
                0x000000000401126c        0xc c:/intelfpga_lite/18.1/nios2eds/bin/gnu/h-x86_64-mingw32/bin/../lib/gcc/nios2-elf/5.3.0/../../../../../H-x86_64-mingw32/nios2-elf/lib\libc.a(lib_a-locale.o)
                0x000000000401126c                _localeconv_r
 .text.setlocale
                0x0000000004011278       0x18 c:/intelfpga_lite/18.1/nios2eds/bin/gnu/h-x86_64-mingw32/bin/../lib/gcc/nios2-elf/5.3.0/../../../../../H-x86_64-mingw32/nios2-elf/lib\libc.a(lib_a-locale.o)
                0x0000000004011278                setlocale
 .text.localeconv
                0x0000000004011290        0xc c:/intelfpga_lite/18.1/nios2eds/bin/gnu/h-x86_64-mingw32/bin/../lib/gcc/nios2-elf/5.3.0/../../../../../H-x86_64-mingw32/nios2-elf/lib\libc.a(lib_a-locale.o)
                0x0000000004011290                localeconv
 .text          0x000000000401129c        0x0 c:/intelfpga_lite/18.1/nios2eds/bin/gnu/h-x86_64-mingw32/bin/../lib/gcc/nios2-elf/5.3.0/../../../../../H-x86_64-mingw32/nios2-elf/lib\libc.a(lib_a-makebuf.o)
 .text.__smakebuf_r
                0x000000000401129c      0x1bc c:/intelfpga_lite/18.1/nios2eds/bin/gnu/h-x86_64-mingw32/bin/../lib/gcc/nios2-elf/5.3.0/../../../../../H-x86_64-mingw32/nios2-elf/lib\libc.a(lib_a-makebuf.o)
                0x000000000401129c                __smakebuf_r
 .text          0x0000000004011458        0x0 c:/intelfpga_lite/18.1/nios2eds/bin/gnu/h-x86_64-mingw32/bin/../lib/gcc/nios2-elf/5.3.0/../../../../../H-x86_64-mingw32/nios2-elf/lib\libc.a(lib_a-memchr.o)
 .text.memchr   0x0000000004011458       0xe4 c:/intelfpga_lite/18.1/nios2eds/bin/gnu/h-x86_64-mingw32/bin/../lib/gcc/nios2-elf/5.3.0/../../../../../H-x86_64-mingw32/nios2-elf/lib\libc.a(lib_a-memchr.o)
                0x0000000004011458                memchr
 .text          0x000000000401153c        0x0 c:/intelfpga_lite/18.1/nios2eds/bin/gnu/h-x86_64-mingw32/bin/../lib/gcc/nios2-elf/5.3.0/../../../../../H-x86_64-mingw32/nios2-elf/lib\libc.a(lib_a-memmove.o)
 .text.memmove  0x000000000401153c      0x15c c:/intelfpga_lite/18.1/nios2eds/bin/gnu/h-x86_64-mingw32/bin/../lib/gcc/nios2-elf/5.3.0/../../../../../H-x86_64-mingw32/nios2-elf/lib\libc.a(lib_a-memmove.o)
                0x000000000401153c                memmove
 .text          0x0000000004011698        0x0 c:/intelfpga_lite/18.1/nios2eds/bin/gnu/h-x86_64-mingw32/bin/../lib/gcc/nios2-elf/5.3.0/../../../../../H-x86_64-mingw32/nios2-elf/lib\libc.a(lib_a-mprec.o)
 .text._Balloc  0x0000000004011698       0xa8 c:/intelfpga_lite/18.1/nios2eds/bin/gnu/h-x86_64-mingw32/bin/../lib/gcc/nios2-elf/5.3.0/../../../../../H-x86_64-mingw32/nios2-elf/lib\libc.a(lib_a-mprec.o)
                0x0000000004011698                _Balloc
 .text._Bfree   0x0000000004011740       0x28 c:/intelfpga_lite/18.1/nios2eds/bin/gnu/h-x86_64-mingw32/bin/../lib/gcc/nios2-elf/5.3.0/../../../../../H-x86_64-mingw32/nios2-elf/lib\libc.a(lib_a-mprec.o)
                0x0000000004011740                _Bfree
 .text.__multadd
                0x0000000004011768      0x120 c:/intelfpga_lite/18.1/nios2eds/bin/gnu/h-x86_64-mingw32/bin/../lib/gcc/nios2-elf/5.3.0/../../../../../H-x86_64-mingw32/nios2-elf/lib\libc.a(lib_a-mprec.o)
                0x0000000004011768                __multadd
 .text.__s2b    0x0000000004011888      0x104 c:/intelfpga_lite/18.1/nios2eds/bin/gnu/h-x86_64-mingw32/bin/../lib/gcc/nios2-elf/5.3.0/../../../../../H-x86_64-mingw32/nios2-elf/lib\libc.a(lib_a-mprec.o)
                0x0000000004011888                __s2b
 .text.__hi0bits
                0x000000000401198c       0x68 c:/intelfpga_lite/18.1/nios2eds/bin/gnu/h-x86_64-mingw32/bin/../lib/gcc/nios2-elf/5.3.0/../../../../../H-x86_64-mingw32/nios2-elf/lib\libc.a(lib_a-mprec.o)
                0x000000000401198c                __hi0bits
 .text.__lo0bits
                0x00000000040119f4       0xb0 c:/intelfpga_lite/18.1/nios2eds/bin/gnu/h-x86_64-mingw32/bin/../lib/gcc/nios2-elf/5.3.0/../../../../../H-x86_64-mingw32/nios2-elf/lib\libc.a(lib_a-mprec.o)
                0x00000000040119f4                __lo0bits
 .text.__i2b    0x0000000004011aa4       0x3c c:/intelfpga_lite/18.1/nios2eds/bin/gnu/h-x86_64-mingw32/bin/../lib/gcc/nios2-elf/5.3.0/../../../../../H-x86_64-mingw32/nios2-elf/lib\libc.a(lib_a-mprec.o)
                0x0000000004011aa4                __i2b
 .text.__multiply
                0x0000000004011ae0      0x1f8 c:/intelfpga_lite/18.1/nios2eds/bin/gnu/h-x86_64-mingw32/bin/../lib/gcc/nios2-elf/5.3.0/../../../../../H-x86_64-mingw32/nios2-elf/lib\libc.a(lib_a-mprec.o)
                0x0000000004011ae0                __multiply
 .text.__pow5mult
                0x0000000004011cd8      0x140 c:/intelfpga_lite/18.1/nios2eds/bin/gnu/h-x86_64-mingw32/bin/../lib/gcc/nios2-elf/5.3.0/../../../../../H-x86_64-mingw32/nios2-elf/lib\libc.a(lib_a-mprec.o)
                0x0000000004011cd8                __pow5mult
 .text.__lshift
                0x0000000004011e18      0x148 c:/intelfpga_lite/18.1/nios2eds/bin/gnu/h-x86_64-mingw32/bin/../lib/gcc/nios2-elf/5.3.0/../../../../../H-x86_64-mingw32/nios2-elf/lib\libc.a(lib_a-mprec.o)
                0x0000000004011e18                __lshift
 .text.__mcmp   0x0000000004011f60       0x60 c:/intelfpga_lite/18.1/nios2eds/bin/gnu/h-x86_64-mingw32/bin/../lib/gcc/nios2-elf/5.3.0/../../../../../H-x86_64-mingw32/nios2-elf/lib\libc.a(lib_a-mprec.o)
                0x0000000004011f60                __mcmp
 .text.__mdiff  0x0000000004011fc0      0x1fc c:/intelfpga_lite/18.1/nios2eds/bin/gnu/h-x86_64-mingw32/bin/../lib/gcc/nios2-elf/5.3.0/../../../../../H-x86_64-mingw32/nios2-elf/lib\libc.a(lib_a-mprec.o)
                0x0000000004011fc0                __mdiff
 .text.__ulp    0x00000000040121bc       0x64 c:/intelfpga_lite/18.1/nios2eds/bin/gnu/h-x86_64-mingw32/bin/../lib/gcc/nios2-elf/5.3.0/../../../../../H-x86_64-mingw32/nios2-elf/lib\libc.a(lib_a-mprec.o)
                0x00000000040121bc                __ulp
 .text.__b2d    0x0000000004012220      0x10c c:/intelfpga_lite/18.1/nios2eds/bin/gnu/h-x86_64-mingw32/bin/../lib/gcc/nios2-elf/5.3.0/../../../../../H-x86_64-mingw32/nios2-elf/lib\libc.a(lib_a-mprec.o)
                0x0000000004012220                __b2d
 .text.__d2b    0x000000000401232c      0x14c c:/intelfpga_lite/18.1/nios2eds/bin/gnu/h-x86_64-mingw32/bin/../lib/gcc/nios2-elf/5.3.0/../../../../../H-x86_64-mingw32/nios2-elf/lib\libc.a(lib_a-mprec.o)
                0x000000000401232c                __d2b
 .text.__ratio  0x0000000004012478       0xa4 c:/intelfpga_lite/18.1/nios2eds/bin/gnu/h-x86_64-mingw32/bin/../lib/gcc/nios2-elf/5.3.0/../../../../../H-x86_64-mingw32/nios2-elf/lib\libc.a(lib_a-mprec.o)
                0x0000000004012478                __ratio
 .text._mprec_log10
                0x000000000401251c       0x74 c:/intelfpga_lite/18.1/nios2eds/bin/gnu/h-x86_64-mingw32/bin/../lib/gcc/nios2-elf/5.3.0/../../../../../H-x86_64-mingw32/nios2-elf/lib\libc.a(lib_a-mprec.o)
                0x000000000401251c                _mprec_log10
 .text.__copybits
                0x0000000004012590       0x78 c:/intelfpga_lite/18.1/nios2eds/bin/gnu/h-x86_64-mingw32/bin/../lib/gcc/nios2-elf/5.3.0/../../../../../H-x86_64-mingw32/nios2-elf/lib\libc.a(lib_a-mprec.o)