Archive member included to satisfy reference by file (symbol)

c:/intelfpga_lite/18.1/nios2eds/bin/gnu/h-x86_64-mingw32/bin/../lib/gcc/nios2-elf/5.3.0/../../../../../H-x86_64-mingw32/nios2-elf/lib\libstdc++.a(si_class_type_info.o)
                              obj/default/Ethernet/EthernetClient.o (vtable for __cxxabiv1::__si_class_type_info)
c:/intelfpga_lite/18.1/nios2eds/bin/gnu/h-x86_64-mingw32/bin/../lib/gcc/nios2-elf/5.3.0/../../../../../H-x86_64-mingw32/nios2-elf/lib\libstdc++.a(tinfo.o)
                              c:/intelfpga_lite/18.1/nios2eds/bin/gnu/h-x86_64-mingw32/bin/../lib/gcc/nios2-elf/5.3.0/../../../../../H-x86_64-mingw32/nios2-elf/lib\libstdc++.a(si_class_type_info.o) (std::type_info::__is_function_p() const)
c:/intelfpga_lite/18.1/nios2eds/bin/gnu/h-x86_64-mingw32/bin/../lib/gcc/nios2-elf/5.3.0/../../../../../H-x86_64-mingw32/nios2-elf/lib\libstdc++.a(eh_personality.o)
                              obj/default/Ethernet/Dhcp.o (__gxx_personality_sj0)
c:/intelfpga_lite/18.1/nios2eds/bin/gnu/h-x86_64-mingw32/bin/../lib/gcc/nios2-elf/5.3.0/../../../../../H-x86_64-mingw32/nios2-elf/lib\libstdc++.a(del_op.o)
                              obj/default/Ethernet/EthernetClient.o (operator delete(void*))
c:/intelfpga_lite/18.1/nios2eds/bin/gnu/h-x86_64-mingw32/bin/../lib/gcc/nios2-elf/5.3.0/../../../../../H-x86_64-mingw32/nios2-elf/lib\libstdc++.a(eh_throw.o)
                              c:/intelfpga_lite/18.1/nios2eds/bin/gnu/h-x86_64-mingw32/bin/../lib/gcc/nios2-elf/5.3.0/../../../../../H-x86_64-mingw32/nios2-elf/lib\libstdc++.a(eh_personality.o) (__cxa_throw)
c:/intelfpga_lite/18.1/nios2eds/bin/gnu/h-x86_64-mingw32/bin/../lib/gcc/nios2-elf/5.3.0/../../../../../H-x86_64-mingw32/nios2-elf/lib\libstdc++.a(pure.o)
                              obj/default/Ethernet/Ethernet.o (__cxa_pure_virtual)
c:/intelfpga_lite/18.1/nios2eds/bin/gnu/h-x86_64-mingw32/bin/../lib/gcc/nios2-elf/5.3.0/../../../../../H-x86_64-mingw32/nios2-elf/lib\libstdc++.a(guard.o)
                              obj/default/Ethernet/Ethernet.o (__cxa_guard_acquire)
c:/intelfpga_lite/18.1/nios2eds/bin/gnu/h-x86_64-mingw32/bin/../lib/gcc/nios2-elf/5.3.0/../../../../../H-x86_64-mingw32/nios2-elf/lib\libstdc++.a(eh_catch.o)
                              c:/intelfpga_lite/18.1/nios2eds/bin/gnu/h-x86_64-mingw32/bin/../lib/gcc/nios2-elf/5.3.0/../../../../../H-x86_64-mingw32/nios2-elf/lib\libstdc++.a(eh_personality.o) (__cxa_begin_catch)
c:/intelfpga_lite/18.1/nios2eds/bin/gnu/h-x86_64-mingw32/bin/../lib/gcc/nios2-elf/5.3.0/../../../../../H-x86_64-mingw32/nios2-elf/lib\libstdc++.a(class_type_info.o)
                              c:/intelfpga_lite/18.1/nios2eds/bin/gnu/h-x86_64-mingw32/bin/../lib/gcc/nios2-elf/5.3.0/../../../../../H-x86_64-mingw32/nios2-elf/lib\libstdc++.a(si_class_type_info.o) (__cxxabiv1::__class_type_info::__do_upcast(__cxxabiv1::__class_type_info const*, void**) const)
c:/intelfpga_lite/18.1/nios2eds/bin/gnu/h-x86_64-mingw32/bin/../lib/gcc/nios2-elf/5.3.0/../../../../../H-x86_64-mingw32/nios2-elf/lib\libstdc++.a(eh_terminate.o)
                              c:/intelfpga_lite/18.1/nios2eds/bin/gnu/h-x86_64-mingw32/bin/../lib/gcc/nios2-elf/5.3.0/../../../../../H-x86_64-mingw32/nios2-elf/lib\libstdc++.a(eh_personality.o) (__cxxabiv1::__terminate(void (*)()))
c:/intelfpga_lite/18.1/nios2eds/bin/gnu/h-x86_64-mingw32/bin/../lib/gcc/nios2-elf/5.3.0/../../../../../H-x86_64-mingw32/nios2-elf/lib\libstdc++.a(eh_unex_handler.o)
                              c:/intelfpga_lite/18.1/nios2eds/bin/gnu/h-x86_64-mingw32/bin/../lib/gcc/nios2-elf/5.3.0/../../../../../H-x86_64-mingw32/nios2-elf/lib\libstdc++.a(eh_terminate.o) (__cxxabiv1::__unexpected_handler)
c:/intelfpga_lite/18.1/nios2eds/bin/gnu/h-x86_64-mingw32/bin/../lib/gcc/nios2-elf/5.3.0/../../../../../H-x86_64-mingw32/nios2-elf/lib\libstdc++.a(eh_alloc.o)
                              c:/intelfpga_lite/18.1/nios2eds/bin/gnu/h-x86_64-mingw32/bin/../lib/gcc/nios2-elf/5.3.0/../../../../../H-x86_64-mingw32/nios2-elf/lib\libstdc++.a(eh_personality.o) (__cxa_allocate_exception)
c:/intelfpga_lite/18.1/nios2eds/bin/gnu/h-x86_64-mingw32/bin/../lib/gcc/nios2-elf/5.3.0/../../../../../H-x86_64-mingw32/nios2-elf/lib\libstdc++.a(eh_call.o)
                              c:/intelfpga_lite/18.1/nios2eds/bin/gnu/h-x86_64-mingw32/bin/../lib/gcc/nios2-elf/5.3.0/../../../../../H-x86_64-mingw32/nios2-elf/lib\libstdc++.a(eh_personality.o) (__cxa_call_terminate)
c:/intelfpga_lite/18.1/nios2eds/bin/gnu/h-x86_64-mingw32/bin/../lib/gcc/nios2-elf/5.3.0/../../../../../H-x86_64-mingw32/nios2-elf/lib\libstdc++.a(eh_globals.o)
                              c:/intelfpga_lite/18.1/nios2eds/bin/gnu/h-x86_64-mingw32/bin/../lib/gcc/nios2-elf/5.3.0/../../../../../H-x86_64-mingw32/nios2-elf/lib\libstdc++.a(eh_personality.o) (__cxa_get_globals_fast)
c:/intelfpga_lite/18.1/nios2eds/bin/gnu/h-x86_64-mingw32/bin/../lib/gcc/nios2-elf/5.3.0/../../../../../H-x86_64-mingw32/nios2-elf/lib\libstdc++.a(eh_exception.o)
[...]
Memory Configuration

Name             Origin             Length             Attributes
reset            0x0000000004000000 0x0000000000000020
sdram            0x0000000004000020 0x0000000003ffffe0
*default*        0x0000000000000000 0xffffffffffffffff

Linker script and memory map

LOAD ../final_project_bsp//obj/HAL/src/crt0.o
LOAD obj/default/fonts.o
LOAD obj/default/pixel_vga.o
LOAD obj/default/Ethernet/Dhcp.o
LOAD obj/default/Ethernet/Dns.o
LOAD obj/default/Ethernet/Ethernet.o
LOAD obj/default/Ethernet/EthernetClient.o
LOAD obj/default/Ethernet/EthernetServer.o
LOAD obj/default/Ethernet/EthernetUdp.o
LOAD obj/default/Ethernet/socket.o
LOAD obj/default/Ethernet/utility/IPAddress.o
LOAD obj/default/Ethernet/utility/SPI.o
LOAD obj/default/Ethernet/utility/w5100.o
LOAD obj/default/main.o
LOAD c:/intelfpga_lite/18.1/nios2eds/bin/gnu/h-x86_64-mingw32/bin/../lib/gcc/nios2-elf/5.3.0/../../../../../H-x86_64-mingw32/nios2-elf/lib\libstdc++.a
LOAD c:/intelfpga_lite/18.1/nios2eds/bin/gnu/h-x86_64-mingw32/bin/../lib/gcc/nios2-elf/5.3.0/../../../../../H-x86_64-mingw32/nios2-elf/lib\libm.a
LOAD c:/intelfpga_lite/18.1/nios2eds/bin/gnu/h-x86_64-mingw32/bin/../lib/gcc/nios2-elf/5.3.0\libgcc.a
START GROUP
LOAD c:/intelfpga_lite/18.1/nios2eds/bin/gnu/h-x86_64-mingw32/bin/../lib/gcc/nios2-elf/5.3.0/../../../../../H-x86_64-mingw32/nios2-elf/lib\libc.a
LOAD c:/intelfpga_lite/18.1/nios2eds/bin/gnu/h-x86_64-mingw32/bin/../lib/gcc/nios2-elf/5.3.0\libgcc.a
LOAD ../final_project_bsp/\libhal_bsp.a
LOAD c:/intelfpga_lite/18.1/nios2eds/bin/gnu/h-x86_64-mingw32/bin/../lib/gcc/nios2-elf/5.3.0/../../../../../H-x86_64-mingw32/nios2-elf/lib\libm.a
END GROUP
LOAD c:/intelfpga_lite/18.1/nios2eds/bin/gnu/h-x86_64-mingw32/bin/../lib/gcc/nios2-elf/5.3.0\libgcc.a
                0x0000000004000000                __alt_mem_sdram = 0x4000000

.entry          0x0000000004000000       0x20
 *(.entry)
 .entry         0x0000000004000000       0x20 ../final_project_bsp//obj/HAL/src/crt0.o
                0x0000000004000000                __reset

.exceptions     0x0000000004000020      0x224
                0x0000000004000020                PROVIDE (__ram_exceptions_start, ABSOLUTE (.))
                0x0000000004000020                . = ALIGN (0x20)
 *(.irq)
 *(.exceptions.entry.label)
 .exceptions.entry.label
                0x0000000004000020        0x0 ../final_project_bsp/\libhal_bsp.a(alt_irq_entry.o)
                0x0000000004000020                alt_irq_entry
 .exceptions.entry.label
                0x0000000004000020        0x0 ../final_project_bsp/\libhal_bsp.a(alt_exception_entry.o)
                0x0000000004000020                alt_exception
 *(.exceptions.entry.user)
 *(.exceptions.entry.ecc_fatal)
 *(.exceptions.entry)
 .exceptions.entry
                0x0000000004000020       0x54 ../final_project_bsp/\libhal_bsp.a(alt_exception_entry.o)
 *(.exceptions.irqtest.user)
 *(.exceptions.irqtest)
 .exceptions.irqtest
                0x0000000004000074       0x10 ../final_project_bsp/\libhal_bsp.a(alt_irq_entry.o)
 *(.exceptions.irqhandler.user)
 *(.exceptions.irqhandler)
 .exceptions.irqhandler
                0x0000000004000084        0x4 ../final_project_bsp/\libhal_bsp.a(alt_irq_entry.o)
 *(.exceptions.irqreturn.user)
 *(.exceptions.irqreturn)
 .exceptions.irqreturn
                0x0000000004000088        0x4 ../final_project_bsp/\libhal_bsp.a(alt_irq_entry.o)
 *(.exceptions.notirq.label)
 .exceptions.notirq.label
                0x000000000400008c        0x0 ../final_project_bsp/\libhal_bsp.a(alt_irq_entry.o)
 *(.exceptions.notirq.user)
 *(.exceptions.notirq)
 .exceptions.notirq
                0x000000000400008c        0x8 ../final_project_bsp/\libhal_bsp.a(alt_exception_entry.o)
 *(.exceptions.soft.user)
 *(.exceptions.soft)
 *(.exceptions.unknown.user)
 *(.exceptions.unknown)
 .exceptions.unknown
                0x0000000004000094       0x14 ../final_project_bsp/\libhal_bsp.a(alt_exception_entry.o)
 *(.exceptions.exit.label)
 .exceptions.exit.label
                0x00000000040000a8        0x0 ../final_project_bsp/\libhal_bsp.a(alt_irq_entry.o)
 .exceptions.exit.label
                0x00000000040000a8        0x0 ../final_project_bsp/\libhal_bsp.a(alt_exception_entry.o)
 *(.exceptions.exit.user)
 *(.exceptions.exit)
 .exceptions.exit
                0x00000000040000a8       0x54 ../final_project_bsp/\libhal_bsp.a(alt_exception_entry.o)
 *(.exceptions)
 .exceptions    0x00000000040000fc       0xd4 ../final_project_bsp/\libhal_bsp.a(alt_irq_handler.o)
                0x00000000040000fc                alt_irq_handler
 .exceptions    0x00000000040001d0       0x74 ../final_project_bsp/\libhal_bsp.a(alt_instruction_exception_entry.o)
                0x00000000040001d0                alt_instruction_exception_entry
                0x0000000004000244                PROVIDE (__ram_exceptions_end, ABSOLUTE (.))
                0x0000000004000020                PROVIDE (__flash_exceptions_start, LOADADDR (.exceptions))

.text           0x0000000004000244    0x1a044
                [!provide]                        PROVIDE (stext, ABSOLUTE (.))
 *(.interp)
 *(.hash)
 *(.dynsym)
 *(.dynstr)
 *(.gnu.version)
 *(.gnu.version_d)
 *(.gnu.version_r)
 *(.rel.init)
 *(.rela.init)
 *(.rel.text .rel.text.* .rel.gnu.linkonce.t.*)
 *(.rela.text .rela.text.* .rela.gnu.linkonce.t.*)
 *(.rel.fini)
 *(.rela.fini)
 *(.rel.rodata .rel.rodata.* .rel.gnu.linkonce.r.*)
 *(.rela.rodata .rela.rodata.* .rela.gnu.linkonce.r.*)
 *(.rel.data .rel.data.* .rel.gnu.linkonce.d.*)
 *(.rela.data .rela.data.* .rela.gnu.linkonce.d.*)
 *(.rel.tdata .rel.tdata.* .rel.gnu.linkonce.td.*)
 *(.rela.tdata .rela.tdata.* .rela.gnu.linkonce.td.*)
 *(.rel.tbss .rel.tbss.* .rel.gnu.linkonce.tb.*)
 *(.rela.tbss .rela.tbss.* .rela.gnu.linkonce.tb.*)
 *(.rel.ctors)
 *(.rela.ctors)
 *(.rel.dtors)
 *(.rela.dtors)
 *(.rel.got)
 *(.rela.got)
 *(.rel.sdata .rel.sdata.* .rel.gnu.linkonce.s.*)
 *(.rela.sdata .rela.sdata.* .rela.gnu.linkonce.s.*)
 *(.rel.sbss .rel.sbss.* .rel.gnu.linkonce.sb.*)
 *(.rela.sbss .rela.sbss.* .rela.gnu.linkonce.sb.*)
 *(.rel.sdata2 .rel.sdata2.* .rel.gnu.linkonce.s2.*)
 *(.rela.sdata2 .rela.sdata2.* .rela.gnu.linkonce.s2.*)
 *(.rel.sbss2 .rel.sbss2.* .rel.gnu.linkonce.sb2.*)
 *(.rela.sbss2 .rela.sbss2.* .rela.gnu.linkonce.sb2.*)
 *(.rel.bss .rel.bss.* .rel.gnu.linkonce.b.*)
 *(.rela.bss .rela.bss.* .rela.gnu.linkonce.b.*)
 *(.rel.plt)
 *(.rela.plt)
 *(.rel.dyn)
 *(.init)
 *(.plt)
 *(.text .stub .text.* .gnu.linkonce.t.*)
 .text          0x0000000004000244       0x4c ../final_project_bsp//obj/HAL/src/crt0.o
                0x0000000004000244                _start
 .text          0x0000000004000290        0x0 obj/default/fonts.o
 .text          0x0000000004000290      0x2c8 obj/default/pixel_vga.o
                0x0000000004000290                set_color_palette
                0x000000000400033c                init_color_palette
                0x0000000004000408                draw_rectangle
 .text          0x0000000004000558     0x14c8 obj/default/Ethernet/Dhcp.o
                0x0000000004000558                DhcpClass::beginWithDHCP(unsigned char*, unsigned long, unsigned long)
                0x0000000004000604                DhcpClass::reset_DHCP_lease()
                0x0000000004000648                DhcpClass::request_DHCP_lease()
                0x00000000040009d0                DhcpClass::presend_DHCP()
                0x00000000040009f4                DhcpClass::send_DHCP_MESSAGE(unsigned char, unsigned short)
                0x0000000004000e44                DhcpClass::parseDHCPResponse(unsigned long, unsigned long&)
                0x0000000004001614                DhcpClass::checkLease()
                0x00000000040017a0                DhcpClass::getLocalIp()
                0x00000000040017e0                DhcpClass::getSubnetMask()
                0x0000000004001820                DhcpClass::getGatewayIp()
                0x0000000004001860                DhcpClass::getDhcpServerIp()
                0x00000000040018a0                DhcpClass::getDnsServerIp()
                0x00000000040018e0                DhcpClass::printByte(char*, unsigned char)
 .text._ZNK9IPAddresseqERKS_
                0x0000000004001a20       0x38 obj/default/Ethernet/Dhcp.o
                0x0000000004001a20                IPAddress::operator==(IPAddress const&) const
 .text._ZN11EthernetUDP8remoteIPEv
                0x0000000004001a58       0x28 obj/default/Ethernet/Dhcp.o
                0x0000000004001a58                EthernetUDP::remoteIP()
 .text._ZN11EthernetUDP10remotePortEv
                0x0000000004001a80       0x28 obj/default/Ethernet/Dhcp.o
                0x0000000004001a80                EthernetUDP::remotePort()
 .text          0x0000000004001aa8      0xad0 obj/default/Ethernet/Dns.o
                0x0000000004001aa8                DNSClient::begin(IPAddress const&)
                0x0000000004001ae8                DNSClient::inet_aton(char const*, IPAddress&)
                0x0000000004001c18                DNSClient::getHostByName(char const*, IPAddress&, unsigned short)
                0x0000000004001da8                DNSClient::BuildRequest(char const*)
                0x0000000004001ff0                DNSClient::ProcessResponse(unsigned short, IPAddress&)
 .text._ZN9IPAddress11raw_addressEv
                0x0000000004002578       0x24 obj/default/Ethernet/Dns.o
                0x0000000004002578                IPAddress::raw_address()
 .text._ZNK9IPAddresscvmEv
                0x000000000400259c       0x28 obj/default/Ethernet/Dns.o
                0x000000000400259c                IPAddress::operator unsigned long() const
 .text._ZN9IPAddressixEi
                0x00000000040025c4       0x30 obj/default/Ethernet/Dns.o
                0x00000000040025c4                IPAddress::operator[](int)
 .text          0x00000000040025f4      0xa60 obj/default/Ethernet/Ethernet.o
                0x00000000040025f4                EthernetClass::begin(unsigned char*, unsigned long, unsigned long)
                0x0000000004002898                EthernetClass::begin(unsigned char*, IPAddress)
                0x00000000040028f8                EthernetClass::begin(unsigned char*, IPAddress, IPAddress)
                0x0000000004002960                EthernetClass::begin(unsigned char*, IPAddress, IPAddress, IPAddress)
                0x00000000040029cc                EthernetClass::begin(unsigned char*, IPAddress, IPAddress, IPAddress, IPAddress)
                0x0000000004002a8c                EthernetClass::init(unsigned char)
                0x0000000004002ac8                EthernetClass::linkStatus()
                0x0000000004002b20                EthernetClass::hardwareStatus()
                0x0000000004002b80                EthernetClass::maintain()
                0x0000000004002c7c                EthernetClass::MACAddress(unsigned char*)
                0x0000000004002cc0                EthernetClass::localIP()
                0x0000000004002d10                EthernetClass::subnetMask()
                0x0000000004002d60                EthernetClass::gatewayIP()
                0x0000000004002db0                EthernetClass::setMACAddress(unsigned char const*)
                0x0000000004002df8                EthernetClass::setLocalIP(IPAddress)
                0x0000000004002e50                EthernetClass::setSubnetMask(IPAddress)
                0x0000000004002ea8                EthernetClass::setGatewayIP(IPAddress)
                0x0000000004002f00                EthernetClass::setRetransmissionTimeout(unsigned short)
                0x0000000004002f6c                EthernetClass::setRetransmissionCount(unsigned char)
 .text._ZN3UDP14beginMulticastE9IPAddresst
                0x0000000004003054       0x30 obj/default/Ethernet/Ethernet.o
                0x0000000004003054                UDP::beginMulticast(IPAddress, unsigned short)
 .text._ZN3UDPC2Ev
                0x0000000004003084       0x34 obj/default/Ethernet/Ethernet.o
                0x0000000004003084                UDP::UDP()
                0x0000000004003084                UDP::UDP()
 .text._ZN11EthernetUDPC2Ev
                0x00000000040030b8       0x64 obj/default/Ethernet/Ethernet.o
                0x00000000040030b8                EthernetUDP::EthernetUDP()
                0x00000000040030b8                EthernetUDP::EthernetUDP()
 .text._ZN10W5100Class12setGatewayIpEPKh
                0x000000000400311c       0x38 obj/default/Ethernet/Ethernet.o
                0x000000000400311c                W5100Class::setGatewayIp(unsigned char const*)
 .text._ZN10W5100Class12getGatewayIpEPh
                0x0000000004003154       0x38 obj/default/Ethernet/Ethernet.o
                0x0000000004003154                W5100Class::getGatewayIp(unsigned char*)
 .text._ZN10W5100Class13setSubnetMaskEPKh
                0x000000000400318c       0x38 obj/default/Ethernet/Ethernet.o
                0x000000000400318c                W5100Class::setSubnetMask(unsigned char const*)
 .text._ZN10W5100Class13getSubnetMaskEPh
                0x00000000040031c4       0x38 obj/default/Ethernet/Ethernet.o
                0x00000000040031c4                W5100Class::getSubnetMask(unsigned char*)
 .text._ZN10W5100Class13setMACAddressEPKh
                0x00000000040031fc       0x38 obj/default/Ethernet/Ethernet.o
                0x00000000040031fc                W5100Class::setMACAddress(unsigned char const*)
 .text._ZN10W5100Class13getMACAddressEPh
                0x0000000004003234       0x38 obj/default/Ethernet/Ethernet.o
                0x0000000004003234                W5100Class::getMACAddress(unsigned char*)
 .text._ZN10W5100Class12setIPAddressEPKh
                0x000000000400326c       0x38 obj/default/Ethernet/Ethernet.o
                0x000000000400326c                W5100Class::setIPAddress(unsigned char const*)
 .text._ZN10W5100Class12getIPAddressEPh
                0x00000000040032a4       0x38 obj/default/Ethernet/Ethernet.o
                0x00000000040032a4                W5100Class::getIPAddress(unsigned char*)
 .text._ZN10W5100Class21setRetransmissionTimeEt
                0x00000000040032dc       0x40 obj/default/Ethernet/Ethernet.o
                0x00000000040032dc                W5100Class::setRetransmissionTime(unsigned short)
 .text._ZN10W5100Class22setRetransmissionCountEh
                0x000000000400331c       0x40 obj/default/Ethernet/Ethernet.o
                0x000000000400331c                W5100Class::setRetransmissionCount(unsigned char)
 .text._ZN10W5100Class5writeEth
                0x000000000400335c       0x4c obj/default/Ethernet/Ethernet.o
                0x000000000400335c                W5100Class::write(unsigned short, unsigned char)
 .text._ZN10W5100Class8writeGAREPKh
                0x00000000040033a8       0x38 obj/default/Ethernet/Ethernet.o
                0x00000000040033a8                W5100Class::writeGAR(unsigned char const*)
 .text._ZN10W5100Class7readGAREPh
                0x00000000040033e0       0x38 obj/default/Ethernet/Ethernet.o
                0x00000000040033e0                W5100Class::readGAR(unsigned char*)
 .text._ZN10W5100Class9writeSUBREPKh
                0x0000000004003418       0x38 obj/default/Ethernet/Ethernet.o
                0x0000000004003418                W5100Class::writeSUBR(unsigned char const*)
 .text._ZN10W5100Class8readSUBREPh
                0x0000000004003450       0x38 obj/default/Ethernet/Ethernet.o
                0x0000000004003450                W5100Class::readSUBR(unsigned char*)
 .text._ZN10W5100Class9writeSHAREPKh
                0x0000000004003488       0x38 obj/default/Ethernet/Ethernet.o
                0x0000000004003488                W5100Class::writeSHAR(unsigned char const*)
 .text._ZN10W5100Class8readSHAREPh
                0x00000000040034c0       0x38 obj/default/Ethernet/Ethernet.o
                0x00000000040034c0                W5100Class::readSHAR(unsigned char*)
 .text._ZN10W5100Class9writeSIPREPKh
                0x00000000040034f8       0x38 obj/default/Ethernet/Ethernet.o
                0x00000000040034f8                W5100Class::writeSIPR(unsigned char const*)
 .text._ZN10W5100Class8readSIPREPh
                0x0000000004003530       0x38 obj/default/Ethernet/Ethernet.o
                0x0000000004003530                W5100Class::readSIPR(unsigned char*)
 .text._ZN10W5100Class8writeRTREt
                0x0000000004003568       0x54 obj/default/Ethernet/Ethernet.o
                0x0000000004003568                W5100Class::writeRTR(unsigned short)
 .text._ZN10W5100Class8writeRCREh
                0x00000000040035bc       0x40 obj/default/Ethernet/Ethernet.o
                0x00000000040035bc                W5100Class::writeRCR(unsigned char)
 .text._ZN10W5100Class7getChipEv
                0x00000000040035fc       0x20 obj/default/Ethernet/Ethernet.o
                0x00000000040035fc                W5100Class::getChip()
 .text._ZN10W5100Class5setSSEh
                0x000000000400361c       0x30 obj/default/Ethernet/Ethernet.o
                0x000000000400361c                W5100Class::setSS(unsigned char)
 .text._ZN9DhcpClassC2Ev
                0x000000000400364c       0x3c obj/default/Ethernet/Ethernet.o
                0x000000000400364c                DhcpClass::DhcpClass()
                0x000000000400364c                DhcpClass::DhcpClass()
 .text          0x0000000004003688      0xc2c obj/default/Ethernet/EthernetClient.o
                0x0000000004003688                EthernetClient::connect(char const*, unsigned short)
                0x0000000004003794                EthernetClient::connect(IPAddress, unsigned short)
                0x0000000004003ab0                EthernetClient::availableForWrite()
                0x0000000004003b0c                EthernetClient::write(unsigned char)
                0x0000000004003b60                EthernetClient::write(unsigned char const*, unsigned int)
                0x0000000004003bec                EthernetClient::available()
                0x0000000004003c48                EthernetClient::read(unsigned char*, unsigned int)
                0x0000000004003cc0                EthernetClient::peek()
                0x0000000004003d48                EthernetClient::read()
                0x0000000004003da8                EthernetClient::flush()
                0x0000000004003e48                EthernetClient::stop()
                0x0000000004003f30                EthernetClient::connected()
                0x0000000004003fe0                EthernetClient::status()
                0x0000000004004038                EthernetClient::operator==(EthernetClient const&)
                0x00000000040040bc                EthernetClient::localPort()
                0x0000000004004128                EthernetClient::remoteIP()
                0x00000000040041b8                EthernetClient::remotePort()
 .text._ZN6Client12rawIPAddressER9IPAddress
                0x00000000040042b4       0x34 obj/default/Ethernet/EthernetClient.o
                0x00000000040042b4                Client::rawIPAddress(IPAddress&)
 .text._ZN13EthernetClass11dnsServerIPEv
                0x00000000040042e8       0x20 obj/default/Ethernet/EthernetClient.o
                0x00000000040042e8                EthernetClass::dnsServerIP()
 .text._ZN14EthernetClientD2Ev
                0x0000000004004308       0x48 obj/default/Ethernet/EthernetClient.o
                0x0000000004004308                EthernetClient::~EthernetClient()
                0x0000000004004308                EthernetClient::~EthernetClient()
 .text._ZN14EthernetClientD0Ev
                0x0000000004004350       0x38 obj/default/Ethernet/EthernetClient.o
                0x0000000004004350                EthernetClient::~EthernetClient()
 .text._ZN14EthernetClientcvbEv
                0x0000000004004388       0x30 obj/default/Ethernet/EthernetClient.o
                0x0000000004004388                EthernetClient::operator bool()
 .text._ZN14EthernetClienteqEb
                0x00000000040043b8       0x30 obj/default/Ethernet/EthernetClient.o
                0x00000000040043b8                EthernetClient::operator==(bool)
 .text._ZN14EthernetClientneEb
                0x00000000040043e8       0x2c obj/default/Ethernet/EthernetClient.o
                0x00000000040043e8                EthernetClient::operator!=(bool)
 .text._ZN14EthernetClientneERKS_
                0x0000000004004414       0x4c obj/default/Ethernet/EthernetClient.o
                0x0000000004004414                EthernetClient::operator!=(EthernetClient const&)
 .text._ZN14EthernetClient20setConnectionTimeoutEt
                0x0000000004004460       0x38 obj/default/Ethernet/EthernetClient.o
                0x0000000004004460                EthernetClient::setConnectionTimeout(unsigned short)
 .text._ZN10W5100Class7CH_BASEEv
                0x0000000004004498       0x28 obj/default/Ethernet/EthernetClient.o
                0x0000000004004498                W5100Class::CH_BASE()
 .text._ZN10W5100Class6readSnEhtPht
                0x00000000040044c0       0x74 obj/default/Ethernet/EthernetClient.o
                0x00000000040044c0                W5100Class::readSn(unsigned char, unsigned short, unsigned char*, unsigned short)
 .text._ZN10W5100Class10readSnPORTEh
                0x0000000004004534       0x60 obj/default/Ethernet/EthernetClient.o
                0x0000000004004534                W5100Class::readSnPORT(unsigned char)
 .text._ZN10W5100Class10readSnDIPREhPh
                0x0000000004004594       0x48 obj/default/Ethernet/EthernetClient.o
                0x0000000004004594                W5100Class::readSnDIPR(unsigned char, unsigned char*)
 .text._ZN10W5100Class11readSnDPORTEh
                0x00000000040045dc       0x60 obj/default/Ethernet/EthernetClient.o
                0x00000000040045dc                W5100Class::readSnDPORT(unsigned char)
 .text._ZN9DNSClientC2Ev
                0x000000000400463c       0x48 obj/default/Ethernet/EthernetClient.o
                0x000000000400463c                DNSClient::DNSClient()
                0x000000000400463c                DNSClient::DNSClient()
 .text          0x0000000004004684      0x678 obj/default/Ethernet/EthernetServer.o
                0x0000000004004684                EthernetServer::begin()
                0x0000000004004724                EthernetServer::available()
                0x00000000040048c8                EthernetServer::accept()
                0x0000000004004a50                EthernetServer::operator bool()
                0x0000000004004b10                EthernetServer::write(unsigned char)
                0x0000000004004b64                EthernetServer::write(unsigned char const*, unsigned int)
 .text._ZN6ClientC2Ev
                0x0000000004004cfc       0x34 obj/default/Ethernet/EthernetServer.o
                0x0000000004004cfc                Client::Client()
                0x0000000004004cfc                Client::Client()
 .text._ZN14EthernetClientC2Eh
                0x0000000004004d30       0x68 obj/default/Ethernet/EthernetServer.o
                0x0000000004004d30                EthernetClient::EthernetClient(unsigned char)
                0x0000000004004d30                EthernetClient::EthernetClient(unsigned char)
 .text          0x0000000004004d98      0x7f0 obj/default/Ethernet/EthernetUdp.o
                0x0000000004004d98                EthernetUDP::begin(unsigned short)
                0x0000000004004e40                EthernetUDP::available()
                0x0000000004004e6c                EthernetUDP::stop()
                0x0000000004004ecc                EthernetUDP::beginPacket(char const*, unsigned short)
                0x0000000004004f90                EthernetUDP::beginPacket(IPAddress, unsigned short)
                0x0000000004005010                EthernetUDP::endPacket()
                0x0000000004005050                EthernetUDP::write(unsigned char)
                0x000000000400507c                EthernetUDP::write(unsigned char const*, unsigned int)
                0x0000000004005104                EthernetUDP::parsePacket()
                0x0000000004005238                EthernetUDP::read()
                0x00000000040052cc                EthernetUDP::read(unsigned char*, unsigned int)
                0x00000000040053b8                EthernetUDP::peek()
                0x0000000004005424                EthernetUDP::flush()
                0x0000000004005448                EthernetUDP::beginMulticast(IPAddress, unsigned short)
 .text._ZN3UDP12rawIPAddressER9IPAddress
                0x0000000004005588       0x34 obj/default/Ethernet/EthernetUdp.o
                0x0000000004005588                UDP::rawIPAddress(IPAddress&)
 .text._ZN11EthernetUDP4readEPcj
                0x00000000040055bc       0x50 obj/default/Ethernet/EthernetUdp.o
                0x00000000040055bc                EthernetUDP::read(char*, unsigned int)
 .text._ZN11EthernetUDP9localPortEv
                0x000000000400560c       0x28 obj/default/Ethernet/EthernetUdp.o
                0x000000000400560c                EthernetUDP::localPort()
 .text          0x0000000004005634     0x1434 obj/default/Ethernet/socket.o
                0x0000000004005634                EthernetClass::socketPortRand(unsigned short)
                0x0000000004005678                EthernetClass::socketBegin(unsigned char, unsigned short)
                0x0000000004005924                EthernetClass::socketBeginMulticast(unsigned char, IPAddress, unsigned short)
                0x0000000004005c84                EthernetClass::socketStatus(unsigned char)
                0x0000000004005cd0                EthernetClass::socketClose(unsigned char)
                0x0000000004005d1c                EthernetClass::socketListen(unsigned char)
                0x0000000004005d90                EthernetClass::socketConnect(unsigned char, unsigned char*, unsigned short)
                0x0000000004005e0c                EthernetClass::socketDisconnect(unsigned char)
                0x0000000004005fe0                EthernetClass::socketRecv(unsigned char, unsigned char*, short)
                0x000000000400628c                EthernetClass::socketRecvAvailable(unsigned char)
                0x0000000004006344                EthernetClass::socketPeek(unsigned char)
                0x00000000040065c0                EthernetClass::socketSend(unsigned char, unsigned char const*, unsigned short)
                0x0000000004006724                EthernetClass::socketSendAvailable(unsigned char)
                0x00000000040067a8                EthernetClass::socketBufferData(unsigned char, unsigned short, unsigned char const*, unsigned short)
                0x0000000004006848                EthernetClass::socketStartUDP(unsigned char, unsigned char*, unsigned short)
                0x0000000004006910                EthernetClass::socketSendUDP(unsigned char)
 .text._ZN10W5100Class4readEt
                0x0000000004006a68       0x44 obj/default/Ethernet/socket.o
                0x0000000004006a68                W5100Class::read(unsigned short)
 .text._ZN10W5100Class6readSnEht
                0x0000000004006aac       0x60 obj/default/Ethernet/socket.o
                0x0000000004006aac                W5100Class::readSn(unsigned char, unsigned short)
 .text._ZN10W5100Class7writeSnEhth
                0x0000000004006b0c       0x6c obj/default/Ethernet/socket.o
                0x0000000004006b0c                W5100Class::writeSn(unsigned char, unsigned short, unsigned char)
 .text._ZN10W5100Class7writeSnEhtPht
                0x0000000004006b78       0x74 obj/default/Ethernet/socket.o
                0x0000000004006b78                W5100Class::writeSn(unsigned char, unsigned short, unsigned char*, unsigned short)
 .text._ZN10W5100Class9writeSnMREhh
                0x0000000004006bec       0x50 obj/default/Ethernet/socket.o
                0x0000000004006bec                W5100Class::writeSnMR(unsigned char, unsigned char)
 .text._ZN10W5100Class9writeSnIREhh
                0x0000000004006c3c       0x50 obj/default/Ethernet/socket.o
                0x0000000004006c3c                W5100Class::writeSnIR(unsigned char, unsigned char)
 .text._ZN10W5100Class8readSnIREh
                0x0000000004006c8c       0x3c obj/default/Ethernet/socket.o
                0x0000000004006c8c                W5100Class::readSnIR(unsigned char)
 .text._ZN10W5100Class8readSnSREh
                0x0000000004006cc8       0x3c obj/default/Ethernet/socket.o
                0x0000000004006cc8                W5100Class::readSnSR(unsigned char)
 .text._ZN10W5100Class11writeSnPORTEht
                0x0000000004006d04       0x64 obj/default/Ethernet/socket.o
                0x0000000004006d04                W5100Class::writeSnPORT(unsigned char, unsigned short)
 .text._ZN10W5100Class11writeSnDHAREhPh
                0x0000000004006d68       0x48 obj/default/Ethernet/socket.o
                0x0000000004006d68                W5100Class::writeSnDHAR(unsigned char, unsigned char*)
 .text._ZN10W5100Class11writeSnDIPREhPh
                0x0000000004006db0       0x48 obj/default/Ethernet/socket.o
                0x0000000004006db0                W5100Class::writeSnDIPR(unsigned char, unsigned char*)
 .text._ZN10W5100Class12writeSnDPORTEht
                0x0000000004006df8       0x64 obj/default/Ethernet/socket.o
                0x0000000004006df8                W5100Class::writeSnDPORT(unsigned char, unsigned short)
 .text._ZN10W5100Class12readSnTX_FSREh
                0x0000000004006e5c       0x60 obj/default/Ethernet/socket.o
                0x0000000004006e5c                W5100Class::readSnTX_FSR(unsigned char)
 .text._ZN10W5100Class12writeSnTX_WREht
                0x0000000004006ebc       0x64 obj/default/Ethernet/socket.o
                0x0000000004006ebc                W5100Class::writeSnTX_WR(unsigned char, unsigned short)
 .text._ZN10W5100Class11readSnTX_WREh
                0x0000000004006f20       0x60 obj/default/Ethernet/socket.o
                0x0000000004006f20                W5100Class::readSnTX_WR(unsigned char)
 .text._ZN10W5100Class12readSnRX_RSREh
                0x0000000004006f80       0x60 obj/default/Ethernet/socket.o
                0x0000000004006f80                W5100Class::readSnRX_RSR(unsigned char)
 .text._ZN10W5100Class12writeSnRX_RDEht
                0x0000000004006fe0       0x64 obj/default/Ethernet/socket.o
                0x0000000004006fe0                W5100Class::writeSnRX_RD(unsigned char, unsigned short)
 .text._ZN10W5100Class11readSnRX_RDEh
                0x0000000004007044       0x60 obj/default/Ethernet/socket.o
                0x0000000004007044                W5100Class::readSnRX_RD(unsigned char)
 .text._ZN10W5100Class5SBASEEh
                0x00000000040070a4       0x50 obj/default/Ethernet/socket.o
                0x00000000040070a4                W5100Class::SBASE(unsigned char)
 .text._ZN10W5100Class5RBASEEh
                0x00000000040070f4       0x50 obj/default/Ethernet/socket.o
                0x00000000040070f4                W5100Class::RBASE(unsigned char)
 .text._ZN10W5100Class23hasOffsetAddressMappingEv
                0x0000000004007144       0x38 obj/default/Ethernet/socket.o
                0x0000000004007144                W5100Class::hasOffsetAddressMapping()
 .text          0x000000000400717c      0x380 obj/default/Ethernet/utility/IPAddress.o
                0x000000000400717c                IPAddress::IPAddress()
                0x000000000400717c                IPAddress::IPAddress()
                0x00000000040071a8                IPAddress::IPAddress(unsigned char, unsigned char, unsigned char, unsigned char)
                0x00000000040071a8                IPAddress::IPAddress(unsigned char, unsigned char, unsigned char, unsigned char)
                0x0000000004007218                IPAddress::IPAddress(unsigned long)
                0x0000000004007218                IPAddress::IPAddress(unsigned long)
                0x000000000400724c                IPAddress::IPAddress(unsigned char const*)
                0x000000000400724c                IPAddress::IPAddress(unsigned char const*)
                0x0000000004007290                IPAddress::fromString(char const*)
                0x00000000040073b0                IPAddress::operator=(unsigned char const*)
                0x00000000040073f4                IPAddress::operator=(unsigned long)
                0x0000000004007428                IPAddress::operator==(unsigned char const*) const
 .text          0x00000000040074fc      0x1bc obj/default/Ethernet/utility/SPI.o
                0x00000000040074fc                delay(unsigned int)
                0x0000000004007538                millis()
                0x0000000004007560                SPI_begin()
                0x0000000004007580                SPI_beginTransaction(void*)
                0x00000000040075a4                SPI_endTransaction()
                0x00000000040075c4                SPI_transfer(unsigned char)
                0x0000000004007640                SPI_transfer_multi(unsigned char*, unsigned int)
 .text          0x00000000040076b8      0x914 obj/default/Ethernet/utility/w5100.o
                0x00000000040076b8                W5100Class::init()
                0x0000000004007818                W5100Class::softReset()
                0x000000000400788c                W5100Class::isW5100()
                0x0000000004007944                W5100Class::isW5200()
                0x0000000004007a1c                W5100Class::isW5500()
                0x0000000004007af4                W5100Class::getLinkStatus()
                0x0000000004007bb4                W5100Class::write(unsigned short, unsigned char const*, unsigned short)
                0x0000000004007d8c                W5100Class::read(unsigned short, unsigned char*, unsigned short)
                0x0000000004007ed0                W5100Class::execCmdSn(unsigned char, SockCMD)
 .text._ZN10W5100Class7writeMREh
                0x0000000004007fcc       0x40 obj/default/Ethernet/utility/w5100.o
                0x0000000004007fcc                W5100Class::writeMR(unsigned char)
 .text._ZN10W5100Class6readMREv
                0x000000000400800c       0x2c obj/default/Ethernet/utility/w5100.o
                0x000000000400800c                W5100Class::readMR()
 .text._ZN10W5100Class9writeRMSREh
                0x0000000004008038       0x40 obj/default/Ethernet/utility/w5100.o
                0x0000000004008038                W5100Class::writeRMSR(unsigned char)
 .text._ZN10W5100Class9writeTMSREh
                0x0000000004008078       0x40 obj/default/Ethernet/utility/w5100.o
                0x0000000004008078                W5100Class::writeTMSR(unsigned char)
 .text._ZN10W5100Class18readVERSIONR_W5200Ev
                0x00000000040080b8       0x2c obj/default/Ethernet/utility/w5100.o
                0x00000000040080b8                W5100Class::readVERSIONR_W5200()
 .text._ZN10W5100Class18readVERSIONR_W5500Ev
                0x00000000040080e4       0x2c obj/default/Ethernet/utility/w5100.o
                0x00000000040080e4                W5100Class::readVERSIONR_W5500()
 .text._ZN10W5100Class17readPSTATUS_W5200Ev
                0x0000000004008110       0x2c obj/default/Ethernet/utility/w5100.o
                0x0000000004008110                W5100Class::readPSTATUS_W5200()
 .text._ZN10W5100Class17readPHYCFGR_W5500Ev
                0x000000000400813c       0x2c obj/default/Ethernet/utility/w5100.o
                0x000000000400813c                W5100Class::readPHYCFGR_W5500()
 .text._ZN10W5100Class9writeSnCREhh
                0x0000000004008168       0x50 obj/default/Ethernet/utility/w5100.o
                0x0000000004008168                W5100Class::writeSnCR(unsigned char, unsigned char)
 .text._ZN10W5100Class8readSnCREh
                0x00000000040081b8       0x3c obj/default/Ethernet/utility/w5100.o
                0x00000000040081b8                W5100Class::readSnCR(unsigned char)
 .text._ZN10W5100Class14writeSnRX_SIZEEhh
                0x00000000040081f4       0x50 obj/default/Ethernet/utility/w5100.o
                0x00000000040081f4                W5100Class::writeSnRX_SIZE(unsigned char, unsigned char)
 .text._ZN10W5100Class14writeSnTX_SIZEEhh
                0x0000000004008244       0x50 obj/default/Ethernet/utility/w5100.o
                0x0000000004008244                W5100Class::writeSnTX_SIZE(unsigned char, unsigned char)
 .text._ZN10W5100Class6initSSEv
                0x0000000004008294       0x20 obj/default/Ethernet/utility/w5100.o
                0x0000000004008294                W5100Class::initSS()
 .text._ZN10W5100Class5setSSEv
                0x00000000040082b4       0x20 obj/default/Ethernet/utility/w5100.o
                0x00000000040082b4                W5100Class::setSS()
 .text._ZN10W5100Class7resetSSEv
                0x00000000040082d4       0x20 obj/default/Ethernet/utility/w5100.o
                0x00000000040082d4                W5100Class::resetSS()
 .text          0x00000000040082f4      0x168 obj/default/main.o
                0x00000000040082f4                main
 .text          0x000000000400845c        0x0 c:/intelfpga_lite/18.1/nios2eds/bin/gnu/h-x86_64-mingw32/bin/../lib/gcc/nios2-elf/5.3.0/../../../../../H-x86_64-mingw32/nios2-elf/lib\libstdc++.a(si_class_type_info.o)
 .text._ZN10__cxxabiv120__si_class_type_infoD2Ev
                0x000000000400845c       0x10 c:/intelfpga_lite/18.1/nios2eds/bin/gnu/h-x86_64-mingw32/bin/../lib/gcc/nios2-elf/5.3.0/../../../../../H-x86_64-mingw32/nios2-elf/lib\libstdc++.a(si_class_type_info.o)
                0x000000000400845c                __cxxabiv1::__si_class_type_info::~__si_class_type_info()
                0x000000000400845c                __cxxabiv1::__si_class_type_info::~__si_class_type_info()
 .text._ZN10__cxxabiv120__si_class_type_infoD0Ev
                0x000000000400846c       0x34 c:/intelfpga_lite/18.1/nios2eds/bin/gnu/h-x86_64-mingw32/bin/../lib/gcc/nios2-elf/5.3.0/../../../../../H-x86_64-mingw32/nios2-elf/lib\libstdc++.a(si_class_type_info.o)
                0x000000000400846c                __cxxabiv1::__si_class_type_info::~__si_class_type_info()
 .text._ZNK10__cxxabiv120__si_class_type_info12__do_dyncastEiNS_17__class_type_info10__sub_kindEPKS1_PKvS4_S6_RNS1_16__dyncast_resultE
                0x00000000040084a0      0x160 c:/intelfpga_lite/18.1/nios2eds/bin/gnu/h-x86_64-mingw32/bin/../lib/gcc/nios2-elf/5.3.0/../../../../../H-x86_64-mingw32/nios2-elf/lib\libstdc++.a(si_class_type_info.o)
                0x00000000040084a0                __cxxabiv1::__si_class_type_info::__do_dyncast(int, __cxxabiv1::__class_type_info::__sub_kind, __cxxabiv1::__class_type_info const*, void const*, __cxxabiv1::__class_type_info const*, void const*, __cxxabiv1::__class_type_info::__dyncast_result&) const
 .text._ZNK10__cxxabiv120__si_class_type_info20__do_find_public_srcEiPKvPKNS_17__class_type_infoES2_
                0x0000000004008600       0x9c c:/intelfpga_lite/18.1/nios2eds/bin/gnu/h-x86_64-mingw32/bin/../lib/gcc/nios2-elf/5.3.0/../../../../../H-x86_64-mingw32/nios2-elf/lib\libstdc++.a(si_class_type_info.o)
                0x0000000004008600                __cxxabiv1::__si_class_type_info::__do_find_public_src(int, void const*, __cxxabiv1::__class_type_info const*, void const*) const
 .text._ZNK10__cxxabiv120__si_class_type_info11__do_upcastEPKNS_17__class_type_infoEPKvRNS1_15__upcast_resultE
                0x000000000400869c       0x84 c:/intelfpga_lite/18.1/nios2eds/bin/gnu/h-x86_64-mingw32/bin/../lib/gcc/nios2-elf/5.3.0/../../../../../H-x86_64-mingw32/nios2-elf/lib\libstdc++.a(si_class_type_info.o)
                0x000000000400869c                __cxxabiv1::__si_class_type_info::__do_upcast(__cxxabiv1::__class_type_info const*, void const*, __cxxabiv1::__class_type_info::__upcast_result&) const
 .text          0x0000000004008720        0x0 c:/intelfpga_lite/18.1/nios2eds/bin/gnu/h-x86_64-mingw32/bin/../lib/gcc/nios2-elf/5.3.0/../../../../../H-x86_64-mingw32/nios2-elf/lib\libstdc++.a(tinfo.o)
 .text._ZNSt9type_infoD2Ev
                0x0000000004008720        0x4 c:/intelfpga_lite/18.1/nios2eds/bin/gnu/h-x86_64-mingw32/bin/../lib/gcc/nios2-elf/5.3.0/../../../../../H-x86_64-mingw32/nios2-elf/lib\libstdc++.a(tinfo.o)
                0x0000000004008720                std::type_info::~type_info()
                0x0000000004008720                std::type_info::~type_info()
 .text._ZNKSt9type_info15__is_function_pEv
                0x0000000004008724        0x8 c:/intelfpga_lite/18.1/nios2eds/bin/gnu/h-x86_64-mingw32/bin/../lib/gcc/nios2-elf/5.3.0/../../../../../H-x86_64-mingw32/nios2-elf/lib\libstdc++.a(tinfo.o)
                0x0000000004008724                std::type_info::__is_pointer_p() const
                0x0000000004008724                std::type_info::__is_function_p() const
 .text._ZNKSt9type_info11__do_upcastEPKN10__cxxabiv117__class_type_infoEPPv
                0x000000000400872c        0x8 c:/intelfpga_lite/18.1/nios2eds/bin/gnu/h-x86_64-mingw32/bin/../lib/gcc/nios2-elf/5.3.0/../../../../../H-x86_64-mingw32/nios2-elf/lib\libstdc++.a(tinfo.o)
                0x000000000400872c                std::type_info::__do_upcast(__cxxabiv1::__class_type_info const*, void**) const
 .text._ZNSt9type_infoD0Ev
                0x0000000004008734        0x4 c:/intelfpga_lite/18.1/nios2eds/bin/gnu/h-x86_64-mingw32/bin/../lib/gcc/nios2-elf/5.3.0/../../../../../H-x86_64-mingw32/nios2-elf/lib\libstdc++.a(tinfo.o)
                0x0000000004008734                std::type_info::~type_info()
 .text._ZNKSt9type_info10__do_catchEPKS_PPvj
                0x0000000004008738       0x44 c:/intelfpga_lite/18.1/nios2eds/bin/gnu/h-x86_64-mingw32/bin/../lib/gcc/nios2-elf/5.3.0/../../../../../H-x86_64-mingw32/nios2-elf/lib\libstdc++.a(tinfo.o)
                0x0000000004008738                std::type_info::__do_catch(std::type_info const*, void**, unsigned int) const
 .text          0x000000000400877c        0x0 c:/intelfpga_lite/18.1/nios2eds/bin/gnu/h-x86_64-mingw32/bin/../lib/gcc/nios2-elf/5.3.0/../../../../../H-x86_64-mingw32/nios2-elf/lib\libstdc++.a(eh_personality.o)
 .text._ZL21size_of_encoded_valueh
                0x000000000400877c       0xa4 c:/intelfpga_lite/18.1/nios2eds/bin/gnu/h-x86_64-mingw32/bin/../lib/gcc/nios2-elf/5.3.0/../../../../../H-x86_64-mingw32/nios2-elf/lib\libstdc++.a(eh_personality.o)
 .text._ZL28read_encoded_value_with_basehjPKhPj
                0x0000000004008820      0x20c c:/intelfpga_lite/18.1/nios2eds/bin/gnu/h-x86_64-mingw32/bin/../lib/gcc/nios2-elf/5.3.0/../../../../../H-x86_64-mingw32/nios2-elf/lib\libstdc++.a(eh_personality.o)
 .text._ZL15get_ttype_entryP16lsda_header_infom
                0x0000000004008a2c       0x54 c:/intelfpga_lite/18.1/nios2eds/bin/gnu/h-x86_64-mingw32/bin/../lib/gcc/nios2-elf/5.3.0/../../../../../H-x86_64-mingw32/nios2-elf/lib\libstdc++.a(eh_personality.o)
 .text._ZL21base_of_encoded_valuehP15_Unwind_Context
                0x0000000004008a80       0x8c c:/intelfpga_lite/18.1/nios2eds/bin/gnu/h-x86_64-mingw32/bin/../lib/gcc/nios2-elf/5.3.0/../../../../../H-x86_64-mingw32/nios2-elf/lib\libstdc++.a(eh_personality.o)
 .text._ZL17parse_lsda_headerP15_Unwind_ContextPKhP16lsda_header_info
                0x0000000004008b0c      0x134 c:/intelfpga_lite/18.1/nios2eds/bin/gnu/h-x86_64-mingw32/bin/../lib/gcc/nios2-elf/5.3.0/../../../../../H-x86_64-mingw32/nios2-elf/lib\libstdc++.a(eh_personality.o)
 .text._ZL16get_adjusted_ptrPKSt9type_infoS1_PPv.constprop.3
                0x0000000004008c40       0x88 c:/intelfpga_lite/18.1/nios2eds/bin/gnu/h-x86_64-mingw32/bin/../lib/gcc/nios2-elf/5.3.0/../../../../../H-x86_64-mingw32/nios2-elf/lib\libstdc++.a(eh_personality.o)
 .text.unlikely._ZL28check_compact_exception_specPKSt9type_infoPvPKhij
                0x0000000004008cc8      0x1c0 c:/intelfpga_lite/18.1/nios2eds/bin/gnu/h-x86_64-mingw32/bin/../lib/gcc/nios2-elf/5.3.0/../../../../../H-x86_64-mingw32/nios2-elf/lib\libstdc++.a(eh_personality.o)
 .text._ZL20check_exception_specP16lsda_header_infoPKSt9type_infoPvl
                0x0000000004008e88       0xa8 c:/intelfpga_lite/18.1/nios2eds/bin/gnu/h-x86_64-mingw32/bin/../lib/gcc/nios2-elf/5.3.0/../../../../../H-x86_64-mingw32/nios2-elf/lib\libstdc++.a(eh_personality.o)
 .text.__gxx_personality_sj0
                0x0000000004008f30      0x600 c:/intelfpga_lite/18.1/nios2eds/bin/gnu/h-x86_64-mingw32/bin/../lib/gcc/nios2-elf/5.3.0/../../../../../H-x86_64-mingw32/nios2-elf/lib\libstdc++.a(eh_personality.o)
                0x0000000004008f30                __gxx_personality_sj0
 .text.__cxa_call_unexpected
                0x0000000004009530      0x230 c:/intelfpga_lite/18.1/nios2eds/bin/gnu/h-x86_64-mingw32/bin/../lib/gcc/nios2-elf/5.3.0/../../../../../H-x86_64-mingw32/nios2-elf/lib\libstdc++.a(eh_personality.o)
                0x0000000004009530                __cxa_call_unexpected
 .text          0x0000000004009760        0x0 c:/intelfpga_lite/18.1/nios2eds/bin/gnu/h-x86_64-mingw32/bin/../lib/gcc/nios2-elf/5.3.0/../../../../../H-x86_64-mingw32/nios2-elf/lib\libstdc++.a(del_op.o)
 .text._ZdlPv   0x0000000004009760        0x4 c:/intelfpga_lite/18.1/nios2eds/bin/gnu/h-x86_64-mingw32/bin/../lib/gcc/nios2-elf/5.3.0/../../../../../H-x86_64-mingw32/nios2-elf/lib\libstdc++.a(del_op.o)
                0x0000000004009760                operator delete(void*)
 .text          0x0000000004009764        0x0 c:/intelfpga_lite/18.1/nios2eds/bin/gnu/h-x86_64-mingw32/bin/../lib/gcc/nios2-elf/5.3.0/../../../../../H-x86_64-mingw32/nios2-elf/lib\libstdc++.a(eh_throw.o)
 .text._ZL23__gxx_exception_cleanup19_Unwind_Reason_CodeP17_Unwind_Exception
                0x0000000004009764       0x44 c:/intelfpga_lite/18.1/nios2eds/bin/gnu/h-x86_64-mingw32/bin/../lib/gcc/nios2-elf/5.3.0/../../../../../H-x86_64-mingw32/nios2-elf/lib\libstdc++.a(eh_throw.o)
 .text.__cxa_throw
                0x00000000040097a8       0x90 c:/intelfpga_lite/18.1/nios2eds/bin/gnu/h-x86_64-mingw32/bin/../lib/gcc/nios2-elf/5.3.0/../../../../../H-x86_64-mingw32/nios2-elf/lib\libstdc++.a(eh_throw.o)
                0x00000000040097a8                __cxa_throw
 .text.__cxa_rethrow
                0x0000000004009838       0x84 c:/intelfpga_lite/18.1/nios2eds/bin/gnu/h-x86_64-mingw32/bin/../lib/gcc/nios2-elf/5.3.0/../../../../../H-x86_64-mingw32/nios2-elf/lib\libstdc++.a(eh_throw.o)
                0x0000000004009838                __cxa_rethrow
 .text          0x00000000040098bc        0x0 c:/intelfpga_lite/18.1/nios2eds/bin/gnu/h-x86_64-mingw32/bin/../lib/gcc/nios2-elf/5.3.0/../../../../../H-x86_64-mingw32/nios2-elf/lib\libstdc++.a(pure.o)
 .text.__cxa_pure_virtual
                0x00000000040098bc       0x20 c:/intelfpga_lite/18.1/nios2eds/bin/gnu/h-x86_64-mingw32/bin/../lib/gcc/nios2-elf/5.3.0/../../../../../H-x86_64-mingw32/nios2-elf/lib\libstdc++.a(pure.o)
                0x00000000040098bc                __cxa_pure_virtual
 .text.__cxa_deleted_virtual
                0x00000000040098dc       0x20 c:/intelfpga_lite/18.1/nios2eds/bin/gnu/h-x86_64-mingw32/bin/../lib/gcc/nios2-elf/5.3.0/../../../../../H-x86_64-mingw32/nios2-elf/lib\libstdc++.a(pure.o)
                0x00000000040098dc                __cxa_deleted_virtual
 .text          0x00000000040098fc        0x0 c:/intelfpga_lite/18.1/nios2eds/bin/gnu/h-x86_64-mingw32/bin/../lib/gcc/nios2-elf/5.3.0/../../../../../H-x86_64-mingw32/nios2-elf/lib\libstdc++.a(guard.o)
 .text.__cxa_guard_acquire
                0x00000000040098fc       0x5c c:/intelfpga_lite/18.1/nios2eds/bin/gnu/h-x86_64-mingw32/bin/../lib/gcc/nios2-elf/5.3.0/../../../../../H-x86_64-mingw32/nios2-elf/lib\libstdc++.a(guard.o)
                0x00000000040098fc                __cxa_guard_acquire
 .text.__cxa_guard_abort
                0x0000000004009958        0x8 c:/intelfpga_lite/18.1/nios2eds/bin/gnu/h-x86_64-mingw32/bin/../lib/gcc/nios2-elf/5.3.0/../../../../../H-x86_64-mingw32/nios2-elf/lib\libstdc++.a(guard.o)
                0x0000000004009958                __cxa_guard_abort
 .text.__cxa_guard_release
                0x0000000004009960       0x10 c:/intelfpga_lite/18.1/nios2eds/bin/gnu/h-x86_64-mingw32/bin/../lib/gcc/nios2-elf/5.3.0/../../../../../H-x86_64-mingw32/nios2-elf/lib\libstdc++.a(guard.o)
                0x0000000004009960                __cxa_guard_release
 .text          0x0000000004009970        0x0 c:/intelfpga_lite/18.1/nios2eds/bin/gnu/h-x86_64-mingw32/bin/../lib/gcc/nios2-elf/5.3.0/../../../../../H-x86_64-mingw32/nios2-elf/lib\libstdc++.a(eh_catch.o)
 .text.__cxa_get_exception_ptr
                0x0000000004009970        0x8 c:/intelfpga_lite/18.1/nios2eds/bin/gnu/h-x86_64-mingw32/bin/../lib/gcc/nios2-elf/5.3.0/../../../../../H-x86_64-mingw32/nios2-elf/lib\libstdc++.a(eh_catch.o)
                0x0000000004009970                __cxa_get_exception_ptr
 .text.__cxa_begin_catch
                0x0000000004009978       0xb4 c:/intelfpga_lite/18.1/nios2eds/bin/gnu/h-x86_64-mingw32/bin/../lib/gcc/nios2-elf/5.3.0/../../../../../H-x86_64-mingw32/nios2-elf/lib\libstdc++.a(eh_catch.o)
                0x0000000004009978                __cxa_begin_catch
 .text.__cxa_end_catch
                0x0000000004009a2c       0xb4 c:/intelfpga_lite/18.1/nios2eds/bin/gnu/h-x86_64-mingw32/bin/../lib/gcc/nios2-elf/5.3.0/../../../../../H-x86_64-mingw32/nios2-elf/lib\libstdc++.a(eh_catch.o)
                0x0000000004009a2c                __cxa_end_catch
 .text._ZSt18uncaught_exceptionv
                0x0000000004009ae0       0x20 c:/intelfpga_lite/18.1/nios2eds/bin/gnu/h-x86_64-mingw32/bin/../lib/gcc/nios2-elf/5.3.0/../../../../../H-x86_64-mingw32/nios2-elf/lib\libstdc++.a(eh_catch.o)
                0x0000000004009ae0                std::uncaught_exception()
 .text          0x0000000004009b00        0x0 c:/intelfpga_lite/18.1/nios2eds/bin/gnu/h-x86_64-mingw32/bin/../lib/gcc/nios2-elf/5.3.0/../../../../../H-x86_64-mingw32/nios2-elf/lib\libstdc++.a(class_type_info.o)
 .text._ZNK10__cxxabiv117__class_type_info11__do_upcastEPKS0_PPv
                0x0000000004009b00       0x78 c:/intelfpga_lite/18.1/nios2eds/bin/gnu/h-x86_64-mingw32/bin/../lib/gcc/nios2-elf/5.3.0/../../../../../H-x86_64-mingw32/nios2-elf/lib\libstdc++.a(class_type_info.o)
                0x0000000004009b00                __cxxabiv1::__class_type_info::__do_upcast(__cxxabiv1::__class_type_info const*, void**) const
 .text._ZNK10__cxxabiv117__class_type_info20__do_find_public_srcEiPKvPKS0_S2_
                0x0000000004009b78       0x18 c:/intelfpga_lite/18.1/nios2eds/bin/gnu/h-x86_64-mingw32/bin/../lib/gcc/nios2-elf/5.3.0/../../../../../H-x86_64-mingw32/nios2-elf/lib\libstdc++.a(class_type_info.o)
                0x0000000004009b78                __cxxabiv1::__class_type_info::__do_find_public_src(int, void const*, __cxxabiv1::__class_type_info const*, void const*) const
 .text._ZN10__cxxabiv117__class_type_infoD2Ev
                0x0000000004009b90       0x10 c:/intelfpga_lite/18.1/nios2eds/bin/gnu/h-x86_64-mingw32/bin/../lib/gcc/nios2-elf/5.3.0/../../../../../H-x86_64-mingw32/nios2-elf/lib\libstdc++.a(class_type_info.o)
                0x0000000004009b90                __cxxabiv1::__class_type_info::~__class_type_info()
                0x0000000004009b90                __cxxabiv1::__class_type_info::~__class_type_info()
 .text._ZN10__cxxabiv117__class_type_infoD0Ev
                0x0000000004009ba0       0x34 c:/intelfpga_lite/18.1/nios2eds/bin/gnu/h-x86_64-mingw32/bin/../lib/gcc/nios2-elf/5.3.0/../../../../../H-x86_64-mingw32/nios2-elf/lib\libstdc++.a(class_type_info.o)
                0x0000000004009ba0                __cxxabiv1::__class_type_info::~__class_type_info()
 .text._ZNK10__cxxabiv117__class_type_info11__do_upcastEPKS0_PKvRNS0_15__upcast_resultE
                0x0000000004009bd4       0x6c c:/intelfpga_lite/18.1/nios2eds/bin/gnu/h-x86_64-mingw32/bin/../lib/gcc/nios2-elf/5.3.0/../../../../../H-x86_64-mingw32/nios2-elf/lib\libstdc++.a(class_type_info.o)
                0x0000000004009bd4                __cxxabiv1::__class_type_info::__do_upcast(__cxxabiv1::__class_type_info const*, void const*, __cxxabiv1::__class_type_info::__upcast_result&) const
 .text._ZNK10__cxxabiv117__class_type_info12__do_dyncastEiNS0_10__sub_kindEPKS0_PKvS3_S5_RNS0_16__dyncast_resultE
                0x0000000004009c40       0xd0 c:/intelfpga_lite/18.1/nios2eds/bin/gnu/h-x86_64-mingw32/bin/../lib/gcc/nios2-elf/5.3.0/../../../../../H-x86_64-mingw32/nios2-elf/lib\libstdc++.a(class_type_info.o)
                0x0000000004009c40                __cxxabiv1::__class_type_info::__do_dyncast(int, __cxxabiv1::__class_type_info::__sub_kind, __cxxabiv1::__class_type_info const*, void const*, __cxxabiv1::__class_type_info const*, void const*, __cxxabiv1::__class_type_info::__dyncast_result&) const
 .text._ZNK10__cxxabiv117__class_type_info10__do_catchEPKSt9type_infoPPvj
                0x0000000004009d10       0xb8 c:/intelfpga_lite/18.1/nios2eds/bin/gnu/h-x86_64-mingw32/bin/../lib/gcc/nios2-elf/5.3.0/../../../../../H-x86_64-mingw32/nios2-elf/lib\libstdc++.a(class_type_info.o)
                0x0000000004009d10                __cxxabiv1::__class_type_info::__do_catch(std::type_info const*, void**, unsigned int) const
 .text          0x0000000004009dc8        0x0 c:/intelfpga_lite/18.1/nios2eds/bin/gnu/h-x86_64-mingw32/bin/../lib/gcc/nios2-elf/5.3.0/../../../../../H-x86_64-mingw32/nios2-elf/lib\libstdc++.a(eh_terminate.o)
 .text._ZN10__cxxabiv111__terminateEPFvvE
                0x0000000004009dc8       0xc0 c:/intelfpga_lite/18.1/nios2eds/bin/gnu/h-x86_64-mingw32/bin/../lib/gcc/nios2-elf/5.3.0/../../../../../H-x86_64-mingw32/nios2-elf/lib\libstdc++.a(eh_terminate.o)
                0x0000000004009dc8                __cxxabiv1::__terminate(void (*)())
 .text._ZSt9terminatev
                0x0000000004009e88       0x18 c:/intelfpga_lite/18.1/nios2eds/bin/gnu/h-x86_64-mingw32/bin/../lib/gcc/nios2-elf/5.3.0/../../../../../H-x86_64-mingw32/nios2-elf/lib\libstdc++.a(eh_terminate.o)
                0x0000000004009e88                std::terminate()
 .text._ZN10__cxxabiv112__unexpectedEPFvvE
                0x0000000004009ea0       0x10 c:/intelfpga_lite/18.1/nios2eds/bin/gnu/h-x86_64-mingw32/bin/../lib/gcc/nios2-elf/5.3.0/../../../../../H-x86_64-mingw32/nios2-elf/lib\libstdc++.a(eh_terminate.o)
                0x0000000004009ea0                __cxxabiv1::__unexpected(void (*)())
 .text._ZSt10unexpectedv
                0x0000000004009eb0       0x18 c:/intelfpga_lite/18.1/nios2eds/bin/gnu/h-x86_64-mingw32/bin/../lib/gcc/nios2-elf/5.3.0/../../../../../H-x86_64-mingw32/nios2-elf/lib\libstdc++.a(eh_terminate.o)
                0x0000000004009eb0                std::unexpected()
 .text._ZSt13set_terminatePFvvE
                0x0000000004009ec8       0x14 c:/intelfpga_lite/18.1/nios2eds/bin/gnu/h-x86_64-mingw32/bin/../lib/gcc/nios2-elf/5.3.0/../../../../../H-x86_64-mingw32/nios2-elf/lib\libstdc++.a(eh_terminate.o)
                0x0000000004009ec8                std::set_terminate(void (*)())
 .text._ZSt13get_terminatev
                0x0000000004009edc       0x10 c:/intelfpga_lite/18.1/nios2eds/bin/gnu/h-x86_64-mingw32/bin/../lib/gcc/nios2-elf/5.3.0/../../../../../H-x86_64-mingw32/nios2-elf/lib\libstdc++.a(eh_terminate.o)
                0x0000000004009edc                std::get_terminate()
 .text._ZSt14set_unexpectedPFvvE
                0x0000000004009eec       0x14 c:/intelfpga_lite/18.1/nios2eds/bin/gnu/h-x86_64-mingw32/bin/../lib/gcc/nios2-elf/5.3.0/../../../../../H-x86_64-mingw32/nios2-elf/lib\libstdc++.a(eh_terminate.o)
                0x0000000004009eec                std::set_unexpected(void (*)())
 .text._ZSt14get_unexpectedv
                0x0000000004009f00       0x10 c:/intelfpga_lite/18.1/nios2eds/bin/gnu/h-x86_64-mingw32/bin/../lib/gcc/nios2-elf/5.3.0/../../../../../H-x86_64-mingw32/nios2-elf/lib\libstdc++.a(eh_terminate.o)
                0x0000000004009f00                std::get_unexpected()
 .text          0x0000000004009f10        0x0 c:/intelfpga_lite/18.1/nios2eds/bin/gnu/h-x86_64-mingw32/bin/../lib/gcc/nios2-elf/5.3.0/../../../../../H-x86_64-mingw32/nios2-elf/lib\libstdc++.a(eh_unex_handler.o)
 .text          0x0000000004009f10        0x0 c:/intelfpga_lite/18.1/nios2eds/bin/gnu/h-x86_64-mingw32/bin/../lib/gcc/nios2-elf/5.3.0/../../../../../H-x86_64-mingw32/nios2-elf/lib\libstdc++.a(eh_alloc.o)
 .text._ZN12_GLOBAL__N_14pool4freeEPv.constprop.4
                0x0000000004009f10       0xb8 c:/intelfpga_lite/18.1/nios2eds/bin/gnu/h-x86_64-mingw32/bin/../lib/gcc/nios2-elf/5.3.0/../../../../../H-x86_64-mingw32/nios2-elf/lib\libstdc++.a(eh_alloc.o)
 .text._ZN12_GLOBAL__N_14pool8allocateEj.constprop.5
                0x0000000004009fc8       0xa8 c:/intelfpga_lite/18.1/nios2eds/bin/gnu/h-x86_64-mingw32/bin/../lib/gcc/nios2-elf/5.3.0/../../../../../H-x86_64-mingw32/nios2-elf/lib\libstdc++.a(eh_alloc.o)
 .text.__cxa_allocate_exception
                0x000000000400a070       0x60 c:/intelfpga_lite/18.1/nios2eds/bin/gnu/h-x86_64-mingw32/bin/../lib/gcc/nios2-elf/5.3.0/../../../../../H-x86_64-mingw32/nios2-elf/lib\libstdc++.a(eh_alloc.o)
                0x000000000400a070                __cxa_allocate_exception
 .text.__cxa_free_exception
                0x000000000400a0d0       0x28 c:/intelfpga_lite/18.1/nios2eds/bin/gnu/h-x86_64-mingw32/bin/../lib/gcc/nios2-elf/5.3.0/../../../../../H-x86_64-mingw32/nios2-elf/lib\libstdc++.a(eh_alloc.o)
                0x000000000400a0d0                __cxa_free_exception
 .text.__cxa_allocate_dependent_exception
                0x000000000400a0f8       0x54 c:/intelfpga_lite/18.1/nios2eds/bin/gnu/h-x86_64-mingw32/bin/../lib/gcc/nios2-elf/5.3.0/../../../../../H-x86_64-mingw32/nios2-elf/lib\libstdc++.a(eh_alloc.o)
                0x000000000400a0f8                __cxa_allocate_dependent_exception
 .text.__cxa_free_dependent_exception
                0x000000000400a14c       0x2c c:/intelfpga_lite/18.1/nios2eds/bin/gnu/h-x86_64-mingw32/bin/../lib/gcc/nios2-elf/5.3.0/../../../../../H-x86_64-mingw32/nios2-elf/lib\libstdc++.a(eh_alloc.o)
                0x000000000400a14c                __cxa_free_dependent_exception
 .text.startup._GLOBAL__sub_I___cxa_allocate_exception
                0x000000000400a178       0x5c c:/intelfpga_lite/18.1/nios2eds/bin/gnu/h-x86_64-mingw32/bin/../lib/gcc/nios2-elf/5.3.0/../../../../../H-x86_64-mingw32/nios2-elf/lib\libstdc++.a(eh_alloc.o)
 .text          0x000000000400a1d4        0x0 c:/intelfpga_lite/18.1/nios2eds/bin/gnu/h-x86_64-mingw32/bin/../lib/gcc/nios2-elf/5.3.0/../../../../../H-x86_64-mingw32/nios2-elf/lib\libstdc++.a(eh_call.o)
 .text.__cxa_call_terminate
                0x000000000400a1d4       0x58 c:/intelfpga_lite/18.1/nios2eds/bin/gnu/h-x86_64-mingw32/bin/../lib/gcc/nios2-elf/5.3.0/../../../../../H-x86_64-mingw32/nios2-elf/lib\libstdc++.a(eh_call.o)
                0x000000000400a1d4                __cxa_call_terminate
 .text          0x000000000400a22c        0x0 c:/intelfpga_lite/18.1/nios2eds/bin/gnu/h-x86_64-mingw32/bin/../lib/gcc/nios2-elf/5.3.0/../../../../../H-x86_64-mingw32/nios2-elf/lib\libstdc++.a(eh_globals.o)
 .text.__cxa_get_globals_fast
                0x000000000400a22c        0xc c:/intelfpga_lite/18.1/nios2eds/bin/gnu/h-x86_64-mingw32/bin/../lib/gcc/nios2-elf/5.3.0/../../../../../H-x86_64-mingw32/nios2-elf/lib\libstdc++.a(eh_globals.o)
                0x000000000400a22c                __cxa_get_globals_fast
 .text.__cxa_get_globals
                0x000000000400a238        0xc c:/intelfpga_lite/18.1/nios2eds/bin/gnu/h-x86_64-mingw32/bin/../lib/gcc/nios2-elf/5.3.0/../../../../../H-x86_64-mingw32/nios2-elf/lib\libstdc++.a(eh_globals.o)
                0x000000000400a238                __cxa_get_globals
 .text          0x000000000400a244        0x0 c:/intelfpga_lite/18.1/nios2eds/bin/gnu/h-x86_64-mingw32/bin/../lib/gcc/nios2-elf/5.3.0/../../../../../H-x86_64-mingw32/nios2-elf/lib\libstdc++.a(eh_exception.o)
 .text._ZNSt9exceptionD2Ev
                0x000000000400a244        0x4 c:/intelfpga_lite/18.1/nios2eds/bin/gnu/h-x86_64-mingw32/bin/../lib/gcc/nios2-elf/5.3.0/../../../../../H-x86_64-mingw32/nios2-elf/lib\libstdc++.a(eh_exception.o)
                0x000000000400a244                std::exception::~exception()
                0x000000000400a244                std::exception::~exception()
 .text._ZNSt13bad_exceptionD2Ev
                0x000000000400a248        0x4 c:/intelfpga_lite/18.1/nios2eds/bin/gnu/h-x86_64-mingw32/bin/../lib/gcc/nios2-elf/5.3.0/../../../../../H-x86_64-mingw32/nios2-elf/lib\libstdc++.a(eh_exception.o)
                0x000000000400a248                std::bad_exception::~bad_exception()
                0x000000000400a248                std::bad_exception::~bad_exception()
 .text._ZNKSt9exception4whatEv
                0x000000000400a24c        0xc c:/intelfpga_lite/18.1/nios2eds/bin/gnu/h-x86_64-mingw32/bin/../lib/gcc/nios2-elf/5.3.0/../../../../../H-x86_64-mingw32/nios2-elf/lib\libstdc++.a(eh_exception.o)
                0x000000000400a24c                std::exception::what() const
 .text._ZNKSt13bad_exception4whatEv
                0x000000000400a258        0xc c:/intelfpga_lite/18.1/nios2eds/bin/gnu/h-x86_64-mingw32/bin/../lib/gcc/nios2-elf/5.3.0/../../../../../H-x86_64-mingw32/nios2-elf/lib\libstdc++.a(eh_exception.o)
                0x000000000400a258                std::bad_exception::what() const
 .text._ZNSt9exceptionD0Ev
                0x000000000400a264        0x4 c:/intelfpga_lite/18.1/nios2eds/bin/gnu/h-x86_64-mingw32/bin/../lib/gcc/nios2-elf/5.3.0/../../../../../H-x86_64-mingw32/nios2-elf/lib\libstdc++.a(eh_exception.o)
                0x000000000400a264                std::exception::~exception()
 .text._ZNSt13bad_exceptionD0Ev
                0x000000000400a268        0x4 c:/intelfpga_lite/18.1/nios2eds/bin/gnu/h-x86_64-mingw32/bin/../lib/gcc/nios2-elf/5.3.0/../../../../../H-x86_64-mingw32/nios2-elf/lib\libstdc++.a(eh_exception.o)
                0x000000000400a268                std::bad_exception::~bad_exception()
 .text._ZN10__cxxabiv115__forced_unwindD2Ev
                0x000000000400a26c        0x4 c:/intelfpga_lite/18.1/nios2eds/bin/gnu/h-x86_64-mingw32/bin/../lib/gcc/nios2-elf/5.3.0/../../../../../H-x86_64-mingw32/nios2-elf/lib\libstdc++.a(eh_exception.o)
                0x000000000400a26c                __cxxabiv1::__forced_unwind::~__forced_unwind()
                0x000000000400a26c                __cxxabiv1::__forced_unwind::~__forced_unwind()
 .text._ZN10__cxxabiv115__forced_unwindD0Ev
                0x000000000400a270        0x4 c:/intelfpga_lite/18.1/nios2eds/bin/gnu/h-x86_64-mingw32/bin/../lib/gcc/nios2-elf/5.3.0/../../../../../H-x86_64-mingw32/nios2-elf/lib\libstdc++.a(eh_exception.o)
                0x000000000400a270                __cxxabiv1::__forced_unwind::~__forced_unwind()
 .text._ZN10__cxxabiv119__foreign_exceptionD2Ev
                0x000000000400a274        0x4 c:/intelfpga_lite/18.1/nios2eds/bin/gnu/h-x86_64-mingw32/bin/../lib/gcc/nios2-elf/5.3.0/../../../../../H-x86_64-mingw32/nios2-elf/lib\libstdc++.a(eh_exception.o)
                0x000000000400a274                __cxxabiv1::__foreign_exception::~__foreign_exception()
                0x000000000400a274                __cxxabiv1::__foreign_exception::~__foreign_exception()
 .text._ZN10__cxxabiv119__foreign_exceptionD0Ev
                0x000000000400a278        0x4 c:/intelfpga_lite/18.1/nios2eds/bin/gnu/h-x86_64-mingw32/bin/../lib/gcc/nios2-elf/5.3.0/../../../../../H-x86_64-mingw32/nios2-elf/lib\libstdc++.a(eh_exception.o)
                0x000000000400a278                __cxxabiv1::__foreign_exception::~__foreign_exception()
 .text          0x000000000400a27c        0x0 c:/intelfpga_lite/18.1/nios2eds/bin/gnu/h-x86_64-mingw32/bin/../lib/gcc/nios2-elf/5.3.0/../../../../../H-x86_64-mingw32/nios2-elf/lib\libstdc++.a(eh_term_handler.o)
 .text          0x000000000400a27c        0x0 c:/intelfpga_lite/18.1/nios2eds/bin/gnu/h-x86_64-mingw32/bin/../lib/gcc/nios2-elf/5.3.0/../../../../../H-x86_64-mingw32/nios2-elf/lib\libstdc++.a(guard_error.o)
 .text._ZN9__gnu_cxx20recursive_init_errorD2Ev
                0x000000000400a27c       0x10 c:/intelfpga_lite/18.1/nios2eds/bin/gnu/h-x86_64-mingw32/bin/../lib/gcc/nios2-elf/5.3.0/../../../../../H-x86_64-mingw32/nios2-elf/lib\libstdc++.a(guard_error.o)
                0x000000000400a27c                __gnu_cxx::recursive_init_error::~recursive_init_error()
                0x000000000400a27c                __gnu_cxx::recursive_init_error::~recursive_init_error()
 .text._ZN9__gnu_cxx20recursive_init_errorD0Ev
                0x000000000400a28c       0x34 c:/intelfpga_lite/18.1/nios2eds/bin/gnu/h-x86_64-mingw32/bin/../lib/gcc/nios2-elf/5.3.0/../../../../../H-x86_64-mingw32/nios2-elf/lib\libstdc++.a(guard_error.o)
                0x000000000400a28c                __gnu_cxx::recursive_init_error::~recursive_init_error()
 .text          0x000000000400a2c0      0x1b4 c:/intelfpga_lite/18.1/nios2eds/bin/gnu/h-x86_64-mingw32/bin/../lib/gcc/nios2-elf/5.3.0\libgcc.a(lib2-divmod.o)
                0x000000000400a2c0                __divsi3
                0x000000000400a344                __modsi3
                0x000000000400a3b8                __udivsi3
                0x000000000400a41c                __umodsi3
 .text          0x000000000400a474      0x520 c:/intelfpga_lite/18.1/nios2eds/bin/gnu/h-x86_64-mingw32/bin/../lib/gcc/nios2-elf/5.3.0\libgcc.a(unwind-sjlj.o)
                0x000000000400a67c                _Unwind_SjLj_Register
                0x000000000400a694                _Unwind_SjLj_Unregister
                0x000000000400a6a8                _Unwind_GetGR
                0x000000000400a6c4                _Unwind_GetCFA
                0x000000000400a6dc                _Unwind_SetGR
                0x000000000400a6f8                _Unwind_GetIP
                0x000000000400a708                _Unwind_GetIPInfo
                0x000000000400a728                _Unwind_SetIP
                0x000000000400a738                _Unwind_GetLanguageSpecificData
                0x000000000400a744                _Unwind_GetRegionStart
                0x000000000400a74c                _Unwind_FindEnclosingFunction
                0x000000000400a754                _Unwind_GetDataRelBase
                0x000000000400a75c                _Unwind_GetTextRelBase
                0x000000000400a764                _Unwind_SjLj_RaiseException
                0x000000000400a834                _Unwind_SjLj_ForcedUnwind
                0x000000000400a878                _Unwind_SjLj_Resume
                0x000000000400a8bc                _Unwind_SjLj_Resume_or_Rethrow
                0x000000000400a908                _Unwind_DeleteException
                0x000000000400a920                _Unwind_Backtrace
 .text          0x000000000400a994        0x0 c:/intelfpga_lite/18.1/nios2eds/bin/gnu/h-x86_64-mingw32/bin/../lib/gcc/nios2-elf/5.3.0/../../../../../H-x86_64-mingw32/nios2-elf/lib\libc.a(lib_a-abort.o)
 .text.abort    0x000000000400a994       0x18 c:/intelfpga_lite/18.1/nios2eds/bin/gnu/h-x86_64-mingw32/bin/../lib/gcc/nios2-elf/5.3.0/../../../../../H-x86_64-mingw32/nios2-elf/lib\libc.a(lib_a-abort.o)
                0x000000000400a994                abort
 .text          0x000000000400a9ac        0x0 c:/intelfpga_lite/18.1/nios2eds/bin/gnu/h-x86_64-mingw32/bin/../lib/gcc/nios2-elf/5.3.0/../../../../../H-x86_64-mingw32/nios2-elf/lib\libc.a(lib_a-clock.o)
 .text.clock    0x000000000400a9ac       0x4c c:/intelfpga_lite/18.1/nios2eds/bin/gnu/h-x86_64-mingw32/bin/../lib/gcc/nios2-elf/5.3.0/../../../../../H-x86_64-mingw32/nios2-elf/lib\libc.a(lib_a-clock.o)
                0x000000000400a9ac                clock
 .text          0x000000000400a9f8        0x0 c:/intelfpga_lite/18.1/nios2eds/bin/gnu/h-x86_64-mingw32/bin/../lib/gcc/nios2-elf/5.3.0/../../../../../H-x86_64-mingw32/nios2-elf/lib\libc.a(lib_a-impure.o)
 .text          0x000000000400a9f8        0x0 c:/intelfpga_lite/18.1/nios2eds/bin/gnu/h-x86_64-mingw32/bin/../lib/gcc/nios2-elf/5.3.0/../../../../../H-x86_64-mingw32/nios2-elf/lib\libc.a(lib_a-malloc.o)
 .text.malloc   0x000000000400a9f8       0x14 c:/intelfpga_lite/18.1/nios2eds/bin/gnu/h-x86_64-mingw32/bin/../lib/gcc/nios2-elf/5.3.0/../../../../../H-x86_64-mingw32/nios2-elf/lib\libc.a(lib_a-malloc.o)
                0x000000000400a9f8                malloc
 .text.free     0x000000000400aa0c       0x14 c:/intelfpga_lite/18.1/nios2eds/bin/gnu/h-x86_64-mingw32/bin/../lib/gcc/nios2-elf/5.3.0/../../../../../H-x86_64-mingw32/nios2-elf/lib\libc.a(lib_a-malloc.o)
                0x000000000400aa0c                free
 .text          0x000000000400aa20        0x0 c:/intelfpga_lite/18.1/nios2eds/bin/gnu/h-x86_64-mingw32/bin/../lib/gcc/nios2-elf/5.3.0/../../../../../H-x86_64-mingw32/nios2-elf/lib\libc.a(lib_a-mallocr.o)
 .text._malloc_r
                0x000000000400aa20      0x80c c:/intelfpga_lite/18.1/nios2eds/bin/gnu/h-x86_64-mingw32/bin/../lib/gcc/nios2-elf/5.3.0/../../../../../H-x86_64-mingw32/nios2-elf/lib\libc.a(lib_a-mallocr.o)
                0x000000000400aa20                _malloc_r
 .text          0x000000000400b22c        0x0 c:/intelfpga_lite/18.1/nios2eds/bin/gnu/h-x86_64-mingw32/bin/../lib/gcc/nios2-elf/5.3.0/../../../../../H-x86_64-mingw32/nios2-elf/lib\libc.a(lib_a-memcmp.o)
 .text.memcmp   0x000000000400b22c       0x7c c:/intelfpga_lite/18.1/nios2eds/bin/gnu/h-x86_64-mingw32/bin/../lib/gcc/nios2-elf/5.3.0/../../../../../H-x86_64-mingw32/nios2-elf/lib\libc.a(lib_a-memcmp.o)
                0x000000000400b22c                memcmp
 .text          0x000000000400b2a8        0x0 c:/intelfpga_lite/18.1/nios2eds/bin/gnu/h-x86_64-mingw32/bin/../lib/gcc/nios2-elf/5.3.0/../../../../../H-x86_64-mingw32/nios2-elf/lib\libc.a(lib_a-memcpy.o)
 .text.memcpy   0x000000000400b2a8      0x148 c:/intelfpga_lite/18.1/nios2eds/bin/gnu/h-x86_64-mingw32/bin/../lib/gcc/nios2-elf/5.3.0/../../../../../H-x86_64-mingw32/nios2-elf/lib\libc.a(lib_a-memcpy.o)
                0x000000000400b2a8                memcpy
 .text          0x000000000400b3f0        0x0 c:/intelfpga_lite/18.1/nios2eds/bin/gnu/h-x86_64-mingw32/bin/../lib/gcc/nios2-elf/5.3.0/../../../../../H-x86_64-mingw32/nios2-elf/lib\libc.a(lib_a-memset.o)
 .text.memset   0x000000000400b3f0      0x128 c:/intelfpga_lite/18.1/nios2eds/bin/gnu/h-x86_64-mingw32/bin/../lib/gcc/nios2-elf/5.3.0/../../../../../H-x86_64-mingw32/nios2-elf/lib\libc.a(lib_a-memset.o)
                0x000000000400b3f0                memset
 .text          0x000000000400b518        0x0 c:/intelfpga_lite/18.1/nios2eds/bin/gnu/h-x86_64-mingw32/bin/../lib/gcc/nios2-elf/5.3.0/../../../../../H-x86_64-mingw32/nios2-elf/lib\libc.a(lib_a-printf.o)
 .text._printf_r
                0x000000000400b518       0x30 c:/intelfpga_lite/18.1/nios2eds/bin/gnu/h-x86_64-mingw32/bin/../lib/gcc/nios2-elf/5.3.0/../../../../../H-x86_64-mingw32/nios2-elf/lib\libc.a(lib_a-printf.o)
                0x000000000400b518                _printf_r
 .text.printf   0x000000000400b548       0x3c c:/intelfpga_lite/18.1/nios2eds/bin/gnu/h-x86_64-mingw32/bin/../lib/gcc/nios2-elf/5.3.0/../../../../../H-x86_64-mingw32/nios2-elf/lib\libc.a(lib_a-printf.o)
                0x000000000400b548                printf
 .text          0x000000000400b584        0x0 c:/intelfpga_lite/18.1/nios2eds/bin/gnu/h-x86_64-mingw32/bin/../lib/gcc/nios2-elf/5.3.0/../../../../../H-x86_64-mingw32/nios2-elf/lib\libc.a(lib_a-puts.o)
 .text._puts_r  0x000000000400b584       0xc0 c:/intelfpga_lite/18.1/nios2eds/bin/gnu/h-x86_64-mingw32/bin/../lib/gcc/nios2-elf/5.3.0/../../../../../H-x86_64-mingw32/nios2-elf/lib\libc.a(lib_a-puts.o)
                0x000000000400b584                _puts_r
 .text.puts     0x000000000400b644       0x14 c:/intelfpga_lite/18.1/nios2eds/bin/gnu/h-x86_64-mingw32/bin/../lib/gcc/nios2-elf/5.3.0/../../../../../H-x86_64-mingw32/nios2-elf/lib\libc.a(lib_a-puts.o)
                0x000000000400b644                puts
 .text          0x000000000400b658        0x0 c:/intelfpga_lite/18.1/nios2eds/bin/gnu/h-x86_64-mingw32/bin/../lib/gcc/nios2-elf/5.3.0/../../../../../H-x86_64-mingw32/nios2-elf/lib\libc.a(lib_a-sbrkr.o)
 .text._sbrk_r  0x000000000400b658       0x54 c:/intelfpga_lite/18.1/nios2eds/bin/gnu/h-x86_64-mingw32/bin/../lib/gcc/nios2-elf/5.3.0/../../../../../H-x86_64-mingw32/nios2-elf/lib\libc.a(lib_a-sbrkr.o)
                0x000000000400b658                _sbrk_r
 .text          0x000000000400b6ac        0x0 c:/intelfpga_lite/18.1/nios2eds/bin/gnu/h-x86_64-mingw32/bin/../lib/gcc/nios2-elf/5.3.0/../../../../../H-x86_64-mingw32/nios2-elf/lib\libc.a(lib_a-signal.o)
 .text._init_signal_r
                0x000000000400b6ac       0x6c c:/intelfpga_lite/18.1/nios2eds/bin/gnu/h-x86_64-mingw32/bin/../lib/gcc/nios2-elf/5.3.0/../../../../../H-x86_64-mingw32/nios2-elf/lib\libc.a(lib_a-signal.o)
                0x000000000400b6ac                _init_signal_r
 .text._signal_r
                0x000000000400b718       0x84 c:/intelfpga_lite/18.1/nios2eds/bin/gnu/h-x86_64-mingw32/bin/../lib/gcc/nios2-elf/5.3.0/../../../../../H-x86_64-mingw32/nios2-elf/lib\libc.a(lib_a-signal.o)
                0x000000000400b718                _signal_r
 .text._raise_r
                0x000000000400b79c       0xbc c:/intelfpga_lite/18.1/nios2eds/bin/gnu/h-x86_64-mingw32/bin/../lib/gcc/nios2-elf/5.3.0/../../../../../H-x86_64-mingw32/nios2-elf/lib\libc.a(lib_a-signal.o)
                0x000000000400b79c                _raise_r
 .text.__sigtramp_r
                0x000000000400b858       0xa8 c:/intelfpga_lite/18.1/nios2eds/bin/gnu/h-x86_64-mingw32/bin/../lib/gcc/nios2-elf/5.3.0/../../../../../H-x86_64-mingw32/nios2-elf/lib\libc.a(lib_a-signal.o)
                0x000000000400b858                __sigtramp_r
 .text.raise    0x000000000400b900       0x14 c:/intelfpga_lite/18.1/nios2eds/bin/gnu/h-x86_64-mingw32/bin/../lib/gcc/nios2-elf/5.3.0/../../../../../H-x86_64-mingw32/nios2-elf/lib\libc.a(lib_a-signal.o)
                0x000000000400b900                raise
 .text.signal   0x000000000400b914       0x18 c:/intelfpga_lite/18.1/nios2eds/bin/gnu/h-x86_64-mingw32/bin/../lib/gcc/nios2-elf/5.3.0/../../../../../H-x86_64-mingw32/nios2-elf/lib\libc.a(lib_a-signal.o)
                0x000000000400b914                signal
 .text._init_signal
                0x000000000400b92c       0x10 c:/intelfpga_lite/18.1/nios2eds/bin/gnu/h-x86_64-mingw32/bin/../lib/gcc/nios2-elf/5.3.0/../../../../../H-x86_64-mingw32/nios2-elf/lib\libc.a(lib_a-signal.o)
                0x000000000400b92c                _init_signal
 .text.__sigtramp
                0x000000000400b93c       0x14 c:/intelfpga_lite/18.1/nios2eds/bin/gnu/h-x86_64-mingw32/bin/../lib/gcc/nios2-elf/5.3.0/../../../../../H-x86_64-mingw32/nios2-elf/lib\libc.a(lib_a-signal.o)
                0x000000000400b93c                __sigtramp
 .text          0x000000000400b950        0x0 c:/intelfpga_lite/18.1/nios2eds/bin/gnu/h-x86_64-mingw32/bin/../lib/gcc/nios2-elf/5.3.0/../../../../../H-x86_64-mingw32/nios2-elf/lib\libc.a(lib_a-signalr.o)
 .text._kill_r  0x000000000400b950       0x5c c:/intelfpga_lite/18.1/nios2eds/bin/gnu/h-x86_64-mingw32/bin/../lib/gcc/nios2-elf/5.3.0/../../../../../H-x86_64-mingw32/nios2-elf/lib\libc.a(lib_a-signalr.o)
                0x000000000400b950                _kill_r
 .text._getpid_r
                0x000000000400b9ac        0x4 c:/intelfpga_lite/18.1/nios2eds/bin/gnu/h-x86_64-mingw32/bin/../lib/gcc/nios2-elf/5.3.0/../../../../../H-x86_64-mingw32/nios2-elf/lib\libc.a(lib_a-signalr.o)
                0x000000000400b9ac                _getpid_r
 .text          0x000000000400b9b0        0x0 c:/intelfpga_lite/18.1/nios2eds/bin/gnu/h-x86_64-mingw32/bin/../lib/gcc/nios2-elf/5.3.0/../../../../../H-x86_64-mingw32/nios2-elf/lib\libc.a(lib_a-strcmp.o)
 .text.strcmp   0x000000000400b9b0       0xdc c:/intelfpga_lite/18.1/nios2eds/bin/gnu/h-x86_64-mingw32/bin/../lib/gcc/nios2-elf/5.3.0/../../../../../H-x86_64-mingw32/nios2-elf/lib\libc.a(lib_a-strcmp.o)
                0x000000000400b9b0                strcmp
 .text          0x000000000400ba8c        0x0 c:/intelfpga_lite/18.1/nios2eds/bin/gnu/h-x86_64-mingw32/bin/../lib/gcc/nios2-elf/5.3.0/../../../../../H-x86_64-mingw32/nios2-elf/lib\libc.a(lib_a-strlen.o)
 .text.strlen   0x000000000400ba8c       0x98 c:/intelfpga_lite/18.1/nios2eds/bin/gnu/h-x86_64-mingw32/bin/../lib/gcc/nios2-elf/5.3.0/../../../../../H-x86_64-mingw32/nios2-elf/lib\libc.a(lib_a-strlen.o)
                0x000000000400ba8c                strlen
 .text          0x000000000400bb24        0x0 c:/intelfpga_lite/18.1/nios2eds/bin/gnu/h-x86_64-mingw32/bin/../lib/gcc/nios2-elf/5.3.0/../../../../../H-x86_64-mingw32/nios2-elf/lib\libc.a(lib_a-timesr.o)
 .text._times_r
                0x000000000400bb24        0x8 c:/intelfpga_lite/18.1/nios2eds/bin/gnu/h-x86_64-mingw32/bin/../lib/gcc/nios2-elf/5.3.0/../../../../../H-x86_64-mingw32/nios2-elf/lib\libc.a(lib_a-timesr.o)
                0x000000000400bb24                _times_r
 .text          0x000000000400bb2c        0x0 c:/intelfpga_lite/18.1/nios2eds/bin/gnu/h-x86_64-mingw32/bin/../lib/gcc/nios2-elf/5.3.0/../../../../../H-x86_64-mingw32/nios2-elf/lib\libc.a(lib_a-vfprintf.o)
 .text.___vfprintf_internal_r
                0x000000000400bb2c     0x21f8 c:/intelfpga_lite/18.1/nios2eds/bin/gnu/h-x86_64-mingw32/bin/../lib/gcc/nios2-elf/5.3.0/../../../../../H-x86_64-mingw32/nios2-elf/lib\libc.a(lib_a-vfprintf.o)
                0x000000000400bb2c                ___vfprintf_internal_r
 .text.__vfprintf_internal
                0x000000000400dd24       0x1c c:/intelfpga_lite/18.1/nios2eds/bin/gnu/h-x86_64-mingw32/bin/../lib/gcc/nios2-elf/5.3.0/../../../../../H-x86_64-mingw32/nios2-elf/lib\libc.a(lib_a-vfprintf.o)
                0x000000000400dd24                __vfprintf_internal
 .text.__sbprintf
                0x000000000400dd40       0xbc c:/intelfpga_lite/18.1/nios2eds/bin/gnu/h-x86_64-mingw32/bin/../lib/gcc/nios2-elf/5.3.0/../../../../../H-x86_64-mingw32/nios2-elf/lib\libc.a(lib_a-vfprintf.o)
 .text          0x000000000400ddfc        0x0 c:/intelfpga_lite/18.1/nios2eds/bin/gnu/h-x86_64-mingw32/bin/../lib/gcc/nios2-elf/5.3.0/../../../../../H-x86_64-mingw32/nios2-elf/lib\libc.a(lib_a-wsetup.o)
 .text.__swsetup_r
                0x000000000400ddfc      0x154 c:/intelfpga_lite/18.1/nios2eds/bin/gnu/h-x86_64-mingw32/bin/../lib/gcc/nios2-elf/5.3.0/../../../../../H-x86_64-mingw32/nios2-elf/lib\libc.a(lib_a-wsetup.o)
                0x000000000400ddfc                __swsetup_r
 .text          0x000000000400df50        0x0 c:/intelfpga_lite/18.1/nios2eds/bin/gnu/h-x86_64-mingw32/bin/../lib/gcc/nios2-elf/5.3.0/../../../../../H-x86_64-mingw32/nios2-elf/lib\libc.a(lib_a-dtoa.o)
 .text.quorem   0x000000000400df50      0x200 c:/intelfpga_lite/18.1/nios2eds/bin/gnu/h-x86_64-mingw32/bin/../lib/gcc/nios2-elf/5.3.0/../../../../../H-x86_64-mingw32/nios2-elf/lib\libc.a(lib_a-dtoa.o)
 .text._dtoa_r  0x000000000400e150     0x1688 c:/intelfpga_lite/18.1/nios2eds/bin/gnu/h-x86_64-mingw32/bin/../lib/gcc/nios2-elf/5.3.0/../../../../../H-x86_64-mingw32/nios2-elf/lib\libc.a(lib_a-dtoa.o)
                0x000000000400e150                _dtoa_r
 .text          0x000000000400f7d8        0x0 c:/intelfpga_lite/18.1/nios2eds/bin/gnu/h-x86_64-mingw32/bin/../lib/gcc/nios2-elf/5.3.0/../../../../../H-x86_64-mingw32/nios2-elf/lib\libc.a(lib_a-fflush.o)
 .text.__sflush_r
                0x000000000400f7d8      0x21c c:/intelfpga_lite/18.1/nios2eds/bin/gnu/h-x86_64-mingw32/bin/../lib/gcc/nios2-elf/5.3.0/../../../../../H-x86_64-mingw32/nios2-elf/lib\libc.a(lib_a-fflush.o)
                0x000000000400f7d8                __sflush_r
 .text._fflush_r
                0x000000000400f9f4       0x5c c:/intelfpga_lite/18.1/nios2eds/bin/gnu/h-x86_64-mingw32/bin/../lib/gcc/nios2-elf/5.3.0/../../../../../H-x86_64-mingw32/nios2-elf/lib\libc.a(lib_a-fflush.o)
                0x000000000400f9f4                _fflush_r
 .text.fflush   0x000000000400fa50       0x30 c:/intelfpga_lite/18.1/nios2eds/bin/gnu/h-x86_64-mingw32/bin/../lib/gcc/nios2-elf/5.3.0/../../../../../H-x86_64-mingw32/nios2-elf/lib\libc.a(lib_a-fflush.o)
                0x000000000400fa50                fflush
 .text          0x000000000400fa80        0x0 c:/intelfpga_lite/18.1/nios2eds/bin/gnu/h-x86_64-mingw32/bin/../lib/gcc/nios2-elf/5.3.0/../../../../../H-x86_64-mingw32/nios2-elf/lib\libc.a(lib_a-findfp.o)
 .text.__fp_unlock
                0x000000000400fa80        0x8 c:/intelfpga_lite/18.1/nios2eds/bin/gnu/h-x86_64-mingw32/bin/../lib/gcc/nios2-elf/5.3.0/../../../../../H-x86_64-mingw32/nios2-elf/lib\libc.a(lib_a-findfp.o)
 .text._cleanup_r
                0x000000000400fa88        0xc c:/intelfpga_lite/18.1/nios2eds/bin/gnu/h-x86_64-mingw32/bin/../lib/gcc/nios2-elf/5.3.0/../../../../../H-x86_64-mingw32/nios2-elf/lib\libc.a(lib_a-findfp.o)
                0x000000000400fa88                _cleanup_r
 .text.__sinit.part.1
                0x000000000400fa94      0x19c c:/intelfpga_lite/18.1/nios2eds/bin/gnu/h-x86_64-mingw32/bin/../lib/gcc/nios2-elf/5.3.0/../../../../../H-x86_64-mingw32/nios2-elf/lib\libc.a(lib_a-findfp.o)
 .text.__fp_lock
                0x000000000400fc30        0x8 c:/intelfpga_lite/18.1/nios2eds/bin/gnu/h-x86_64-mingw32/bin/../lib/gcc/nios2-elf/5.3.0/../../../../../H-x86_64-mingw32/nios2-elf/lib\libc.a(lib_a-findfp.o)
 .text.__sfmoreglue
                0x000000000400fc38       0x68 c:/intelfpga_lite/18.1/nios2eds/bin/gnu/h-x86_64-mingw32/bin/../lib/gcc/nios2-elf/5.3.0/../../../../../H-x86_64-mingw32/nios2-elf/lib\libc.a(lib_a-findfp.o)
                0x000000000400fc38                __sfmoreglue
 .text.__sfp    0x000000000400fca0      0x118 c:/intelfpga_lite/18.1/nios2eds/bin/gnu/h-x86_64-mingw32/bin/../lib/gcc/nios2-elf/5.3.0/../../../../../H-x86_64-mingw32/nios2-elf/lib\libc.a(lib_a-findfp.o)
                0x000000000400fca0                __sfp
 .text._cleanup
                0x000000000400fdb8       0x18 c:/intelfpga_lite/18.1/nios2eds/bin/gnu/h-x86_64-mingw32/bin/../lib/gcc/nios2-elf/5.3.0/../../../../../H-x86_64-mingw32/nios2-elf/lib\libc.a(lib_a-findfp.o)
                0x000000000400fdb8                _cleanup
 .text.__sinit  0x000000000400fdd0       0x10 c:/intelfpga_lite/18.1/nios2eds/bin/gnu/h-x86_64-mingw32/bin/../lib/gcc/nios2-elf/5.3.0/../../../../../H-x86_64-mingw32/nios2-elf/lib\libc.a(lib_a-findfp.o)
                0x000000000400fdd0                __sinit
 .text.__sfp_lock_acquire
                0x000000000400fde0        0x4 c:/intelfpga_lite/18.1/nios2eds/bin/gnu/h-x86_64-mingw32/bin/../lib/gcc/nios2-elf/5.3.0/../../../../../H-x86_64-mingw32/nios2-elf/lib\libc.a(lib_a-findfp.o)
                0x000000000400fde0                __sfp_lock_acquire
 .text.__sfp_lock_release
                0x000000000400fde4        0x4 c:/intelfpga_lite/18.1/nios2eds/bin/gnu/h-x86_64-mingw32/bin/../lib/gcc/nios2-elf/5.3.0/../../../../../H-x86_64-mingw32/nios2-elf/lib\libc.a(lib_a-findfp.o)
                0x000000000400fde4                __sfp_lock_release
 .text.__sinit_lock_acquire
                0x000000000400fde8        0x4 c:/intelfpga_lite/18.1/nios2eds/bin/gnu/h-x86_64-mingw32/bin/../lib/gcc/nios2-elf/5.3.0/../../../../../H-x86_64-mingw32/nios2-elf/lib\libc.a(lib_a-findfp.o)
                0x000000000400fde8                __sinit_lock_acquire
 .text.__sinit_lock_release
                0x000000000400fdec        0x4 c:/intelfpga_lite/18.1/nios2eds/bin/gnu/h-x86_64-mingw32/bin/../lib/gcc/nios2-elf/5.3.0/../../../../../H-x86_64-mingw32/nios2-elf/lib\libc.a(lib_a-findfp.o)
                0x000000000400fdec                __sinit_lock_release
 .text.__fp_lock_all
                0x000000000400fdf0       0x18 c:/intelfpga_lite/18.1/nios2eds/bin/gnu/h-x86_64-mingw32/bin/../lib/gcc/nios2-elf/5.3.0/../../../../../H-x86_64-mingw32/nios2-elf/lib\libc.a(lib_a-findfp.o)
                0x000000000400fdf0                __fp_lock_all
 .text.__fp_unlock_all
                0x000000000400fe08       0x18 c:/intelfpga_lite/18.1/nios2eds/bin/gnu/h-x86_64-mingw32/bin/../lib/gcc/nios2-elf/5.3.0/../../../../../H-x86_64-mingw32/nios2-elf/lib\libc.a(lib_a-findfp.o)
                0x000000000400fe08                __fp_unlock_all
 .text          0x000000000400fe20        0x0 c:/intelfpga_lite/18.1/nios2eds/bin/gnu/h-x86_64-mingw32/bin/../lib/gcc/nios2-elf/5.3.0/../../../../../H-x86_64-mingw32/nios2-elf/lib\libc.a(lib_a-freer.o)
 .text._malloc_trim_r
                0x000000000400fe20      0x124 c:/intelfpga_lite/18.1/nios2eds/bin/gnu/h-x86_64-mingw32/bin/../lib/gcc/nios2-elf/5.3.0/../../../../../H-x86_64-mingw32/nios2-elf/lib\libc.a(lib_a-freer.o)
                0x000000000400fe20                _malloc_trim_r
 .text._free_r  0x000000000400ff44      0x310 c:/intelfpga_lite/18.1/nios2eds/bin/gnu/h-x86_64-mingw32/bin/../lib/gcc/nios2-elf/5.3.0/../../../../../H-x86_64-mingw32/nios2-elf/lib\libc.a(lib_a-freer.o)
                0x000000000400ff44                _free_r
 .text          0x0000000004010254        0x0 c:/intelfpga_lite/18.1/nios2eds/bin/gnu/h-x86_64-mingw32/bin/../lib/gcc/nios2-elf/5.3.0/../../../../../H-x86_64-mingw32/nios2-elf/lib\libc.a(lib_a-fvwrite.o)
 .text.__sfvwrite_r
                0x0000000004010254      0x4bc c:/intelfpga_lite/18.1/nios2eds/bin/gnu/h-x86_64-mingw32/bin/../lib/gcc/nios2-elf/5.3.0/../../../../../H-x86_64-mingw32/nios2-elf/lib\libc.a(lib_a-fvwrite.o)
                0x0000000004010254                __sfvwrite_r
 .text          0x0000000004010710        0x0 c:/intelfpga_lite/18.1/nios2eds/bin/gnu/h-x86_64-mingw32/bin/../lib/gcc/nios2-elf/5.3.0/../../../../../H-x86_64-mingw32/nios2-elf/lib\libc.a(lib_a-fwalk.o)
 .text._fwalk   0x0000000004010710       0xc4 c:/intelfpga_lite/18.1/nios2eds/bin/gnu/h-x86_64-mingw32/bin/../lib/gcc/nios2-elf/5.3.0/../../../../../H-x86_64-mingw32/nios2-elf/lib\libc.a(lib_a-fwalk.o)
                0x0000000004010710                _fwalk
 .text._fwalk_reent
                0x00000000040107d4       0xc4 c:/intelfpga_lite/18.1/nios2eds/bin/gnu/h-x86_64-mingw32/bin/../lib/gcc/nios2-elf/5.3.0/../../../../../H-x86_64-mingw32/nios2-elf/lib\libc.a(lib_a-fwalk.o)
                0x00000000040107d4                _fwalk_reent
 .text          0x0000000004010898        0x0 c:/intelfpga_lite/18.1/nios2eds/bin/gnu/h-x86_64-mingw32/bin/../lib/gcc/nios2-elf/5.3.0/../../../../../H-x86_64-mingw32/nios2-elf/lib\libc.a(lib_a-int_errno.o)
 .text          0x0000000004010898        0x0 c:/intelfpga_lite/18.1/nios2eds/bin/gnu/h-x86_64-mingw32/bin/../lib/gcc/nios2-elf/5.3.0/../../../../../H-x86_64-mingw32/nios2-elf/lib\libc.a(lib_a-locale.o)
 .text._setlocale_r
                0x0000000004010898       0x7c c:/intelfpga_lite/18.1/nios2eds/bin/gnu/h-x86_64-mingw32/bin/../lib/gcc/nios2-elf/5.3.0/../../../../../H-x86_64-mingw32/nios2-elf/lib\libc.a(lib_a-locale.o)
                0x0000000004010898                _setlocale_r
 .text.__locale_charset
                0x0000000004010914        0xc c:/intelfpga_lite/18.1/nios2eds/bin/gnu/h-x86_64-mingw32/bin/../lib/gcc/nios2-elf/5.3.0/../../../../../H-x86_64-mingw32/nios2-elf/lib\libc.a(lib_a-locale.o)
                0x0000000004010914                __locale_charset
 .text.__locale_mb_cur_max
                0x0000000004010920       0x10 c:/intelfpga_lite/18.1/nios2eds/bin/gnu/h-x86_64-mingw32/bin/../lib/gcc/nios2-elf/5.3.0/../../../../../H-x86_64-mingw32/nios2-elf/lib\libc.a(lib_a-locale.o)
                0x0000000004010920                __locale_mb_cur_max
 .text.__locale_msgcharset
                0x0000000004010930        0xc c:/intelfpga_lite/18.1/nios2eds/bin/gnu/h-x86_64-mingw32/bin/../lib/gcc/nios2-elf/5.3.0/../../../../../H-x86_64-mingw32/nios2-elf/lib\libc.a(lib_a-locale.o)
                0x0000000004010930                __locale_msgcharset
 .text.__locale_cjk_lang
                0x000000000401093c        0x8 c:/intelfpga_lite/18.1/nios2eds/bin/gnu/h-x86_64-mingw32/bin/../lib/gcc/nios2-elf/5.3.0/../../../../../H-x86_64-mingw32/nios2-elf/lib\libc.a(lib_a-locale.o)
                0x000000000401093c                __locale_cjk_lang
 .text._localeconv_r
                0x0000000004010944        0xc c:/intelfpga_lite/18.1/nios2eds/bin/gnu/h-x86_64-mingw32/bin/../lib/gcc/nios2-elf/5.3.0/../../../../../H-x86_64-mingw32/nios2-elf/lib\libc.a(lib_a-locale.o)
                0x0000000004010944                _localeconv_r
 .text.setlocale
                0x0000000004010950       0x18 c:/intelfpga_lite/18.1/nios2eds/bin/gnu/h-x86_64-mingw32/bin/../lib/gcc/nios2-elf/5.3.0/../../../../../H-x86_64-mingw32/nios2-elf/lib\libc.a(lib_a-locale.o)
                0x0000000004010950                setlocale
 .text.localeconv
                0x0000000004010968        0xc c:/intelfpga_lite/18.1/nios2eds/bin/gnu/h-x86_64-mingw32/bin/../lib/gcc/nios2-elf/5.3.0/../../../../../H-x86_64-mingw32/nios2-elf/lib\libc.a(lib_a-locale.o)
                0x0000000004010968                localeconv
 .text          0x0000000004010974        0x0 c:/intelfpga_lite/18.1/nios2eds/bin/gnu/h-x86_64-mingw32/bin/../lib/gcc/nios2-elf/5.3.0/../../../../../H-x86_64-mingw32/nios2-elf/lib\libc.a(lib_a-makebuf.o)
 .text.__smakebuf_r
                0x0000000004010974      0x1bc c:/intelfpga_lite/18.1/nios2eds/bin/gnu/h-x86_64-mingw32/bin/../lib/gcc/nios2-elf/5.3.0/../../../../../H-x86_64-mingw32/nios2-elf/lib\libc.a(lib_a-makebuf.o)
                0x0000000004010974                __smakebuf_r
 .text          0x0000000004010b30        0x0 c:/intelfpga_lite/18.1/nios2eds/bin/gnu/h-x86_64-mingw32/bin/../lib/gcc/nios2-elf/5.3.0/../../../../../H-x86_64-mingw32/nios2-elf/lib\libc.a(lib_a-memchr.o)
 .text.memchr   0x0000000004010b30       0xe4 c:/intelfpga_lite/18.1/nios2eds/bin/gnu/h-x86_64-mingw32/bin/../lib/gcc/nios2-elf/5.3.0/../../../../../H-x86_64-mingw32/nios2-elf/lib\libc.a(lib_a-memchr.o)
                0x0000000004010b30                memchr
 .text          0x0000000004010c14        0x0 c:/intelfpga_lite/18.1/nios2eds/bin/gnu/h-x86_64-mingw32/bin/../lib/gcc/nios2-elf/5.3.0/../../../../../H-x86_64-mingw32/nios2-elf/lib\libc.a(lib_a-memmove.o)
 .text.memmove  0x0000000004010c14      0x15c c:/intelfpga_lite/18.1/nios2eds/bin/gnu/h-x86_64-mingw32/bin/../lib/gcc/nios2-elf/5.3.0/../../../../../H-x86_64-mingw32/nios2-elf/lib\libc.a(lib_a-memmove.o)
                0x0000000004010c14                memmove
 .text          0x0000000004010d70        0x0 c:/intelfpga_lite/18.1/nios2eds/bin/gnu/h-x86_64-mingw32/bin/../lib/gcc/nios2-elf/5.3.0/../../../../../H-x86_64-mingw32/nios2-elf/lib\libc.a(lib_a-mprec.o)
 .text._Balloc  0x0000000004010d70       0xa8 c:/intelfpga_lite/18.1/nios2eds/bin/gnu/h-x86_64-mingw32/bin/../lib/gcc/nios2-elf/5.3.0/../../../../../H-x86_64-mingw32/nios2-elf/lib\libc.a(lib_a-mprec.o)
                0x0000000004010d70                _Balloc
 .text._Bfree   0x0000000004010e18       0x28 c:/intelfpga_lite/18.1/nios2eds/bin/gnu/h-x86_64-mingw32/bin/../lib/gcc/nios2-elf/5.3.0/../../../../../H-x86_64-mingw32/nios2-elf/lib\libc.a(lib_a-mprec.o)
                0x0000000004010e18                _Bfree
 .text.__multadd
                0x0000000004010e40      0x120 c:/intelfpga_lite/18.1/nios2eds/bin/gnu/h-x86_64-mingw32/bin/../lib/gcc/nios2-elf/5.3.0/../../../../../H-x86_64-mingw32/nios2-elf/lib\libc.a(lib_a-mprec.o)
                0x0000000004010e40                __multadd
 .text.__s2b    0x0000000004010f60      0x104 c:/intelfpga_lite/18.1/nios2eds/bin/gnu/h-x86_64-mingw32/bin/../lib/gcc/nios2-elf/5.3.0/../../../../../H-x86_64-mingw32/nios2-elf/lib\libc.a(lib_a-mprec.o)
                0x0000000004010f60                __s2b
 .text.__hi0bits
                0x0000000004011064       0x68 c:/intelfpga_lite/18.1/nios2eds/bin/gnu/h-x86_64-mingw32/bin/../lib/gcc/nios2-elf/5.3.0/../../../../../H-x86_64-mingw32/nios2-elf/lib\libc.a(lib_a-mprec.o)
                0x0000000004011064                __hi0bits
 .text.__lo0bits
                0x00000000040110cc       0xb0 c:/intelfpga_lite/18.1/nios2eds/bin/gnu/h-x86_64-mingw32/bin/../lib/gcc/nios2-elf/5.3.0/../../../../../H-x86_64-mingw32/nios2-elf/lib\libc.a(lib_a-mprec.o)
                0x00000000040110cc                __lo0bits
 .text.__i2b    0x000000000401117c       0x3c c:/intelfpga_lite/18.1/nios2eds/bin/gnu/h-x86_64-mingw32/bin/../lib/gcc/nios2-elf/5.3.0/../../../../../H-x86_64-mingw32/nios2-elf/lib\libc.a(lib_a-mprec.o)
                0x000000000401117c                __i2b
 .text.__multiply
                0x00000000040111b8      0x1f8 c:/intelfpga_lite/18.1/nios2eds/bin/gnu/h-x86_64-mingw32/bin/../lib/gcc/nios2-elf/5.3.0/../../../../../H-x86_64-mingw32/nios2-elf/lib\libc.a(lib_a-mprec.o)
                0x00000000040111b8                __multiply
 .text.__pow5mult
                0x00000000040113b0      0x140 c:/intelfpga_lite/18.1/nios2eds/bin/gnu/h-x86_64-mingw32/bin/../lib/gcc/nios2-elf/5.3.0/../../../../../H-x86_64-mingw32/nios2-elf/lib\libc.a(lib_a-mprec.o)
                0x00000000040113b0                __pow5mult
 .text.__lshift
                0x00000000040114f0      0x148 c:/intelfpga_lite/18.1/nios2eds/bin/gnu/h-x86_64-mingw32/bin/../lib/gcc/nios2-elf/5.3.0/../../../../../H-x86_64-mingw32/nios2-elf/lib\libc.a(lib_a-mprec.o)
                0x00000000040114f0                __lshift
 .text.__mcmp   0x0000000004011638       0x60 c:/intelfpga_lite/18.1/nios2eds/bin/gnu/h-x86_64-mingw32/bin/../lib/gcc/nios2-elf/5.3.0/../../../../../H-x86_64-mingw32/nios2-elf/lib\libc.a(lib_a-mprec.o)
                0x0000000004011638                __mcmp
 .text.__mdiff  0x0000000004011698      0x1fc c:/intelfpga_lite/18.1/nios2eds/bin/gnu/h-x86_64-mingw32/bin/../lib/gcc/nios2-elf/5.3.0/../../../../../H-x86_64-mingw32/nios2-elf/lib\libc.a(lib_a-mprec.o)
                0x0000000004011698                __mdiff
 .text.__ulp    0x0000000004011894       0x64 c:/intelfpga_lite/18.1/nios2eds/bin/gnu/h-x86_64-mingw32/bin/../lib/gcc/nios2-elf/5.3.0/../../../../../H-x86_64-mingw32/nios2-elf/lib\libc.a(lib_a-mprec.o)
                0x0000000004011894                __ulp
 .text.__b2d    0x00000000040118f8      0x10c c:/intelfpga_lite/18.1/nios2eds/bin/gnu/h-x86_64-mingw32/bin/../lib/gcc/nios2-elf/5.3.0/../../../../../H-x86_64-mingw32/nios2-elf/lib\libc.a(lib_a-mprec.o)
                0x00000000040118f8                __b2d
 .text.__d2b    0x0000000004011a04      0x14c c:/intelfpga_lite/18.1/nios2eds/bin/gnu/h-x86_64-mingw32/bin/../lib/gcc/nios2-elf/5.3.0/../../../../../H-x86_64-mingw32/nios2-elf/lib\libc.a(lib_a-mprec.o)
                0x0000000004011a04                __d2b